E/MP-Decision(  300): Error(-22) changing core 2 status to offline
E/MP-Decision(  300): Error(-22) changing core 3 status to offline
E/MP-Decision(  300): Error(-22) changing core 2 status to offline
E/MP-Decision(  300): Error(-22) changing core 3 status to offline
E/MP-Decision(  300): Error(-22) changing core 2 status to offline
E/MP-Decision(  300): Error(-22) changing core 3 status to offline
E/MP-Decision(  300): Error(-22) changing core 2 status to offline
E/MP-Decision(  300): Error(-22) changing core 3 status to offline
E/MP-Decision(  300): Error(-22) changing core 2 status to offline
E/MP-Decision(  300): Error(-22) changing core 3 status to offline
E/MP-Decision(  300): Error(-22) changing core 2 status to offline
E/MP-Decision(  300): Error(-22) changing core 3 status to offline
E/MP-Decision(  300): Error(-22) changing core 2 status to offline
E/MP-Decision(  300): Error(-22) changing core 3 status to offline
E/MP-Decision(  300): Error(-22) changing core 2 status to offline
E/MP-Decision(  300): Error(-22) changing core 3 status to offline
E/MP-Decision(  300): Error(-22) changing core 2 status to offline
E/MP-Decision(  300): Error(-22) changing core 3 status to offline
E/MP-Decision(  300): Error(-22) changing core 2 status to offline
E/MP-Decision(  300): Error(-22) changing core 3 status to offline
E/MP-Decision(  300): Error(-22) changing core 2 status to offline
E/MP-Decision(  300): Error(-22) changing core 3 status to offline
E/MP-Decision(  300): Error(-22) changing core 2 status to offline
E/MP-Decision(  300): Error(-22) changing core 3 status to offline
E/MP-Decision(  300): Error(-22) changing core 2 status to offline
E/MP-Decision(  300): Error(-22) changing core 3 status to offline
E/MP-Decision(  300): Error(-22) changing core 2 status to offline
E/MP-Decision(  300): Error(-22) changing core 3 status to offline
E/MP-Decision(  300): Error(-22) changing core 2 status to offline
E/MP-Decision(  300): Error(-22) changing core 3 status to offline
E/MP-Decision(  300): Error(-22) changing core 2 status to offline
E/MP-Decision(  300): Error(-22) changing core 3 status to offline
E/MP-Decision(  300): Error(-22) changing core 2 status to offline
E/MP-Decision(  300): Error(-22) changing core 3 status to offline
E/MP-Decision(  300): Error(-22) changing core 2 status to offline
E/MP-Decision(  300): Error(-22) changing core 3 status to offline
E/MP-Decision(  300): Error(-22) changing core 2 status to offline
E/MP-Decision(  300): Error(-22) changing core 3 status to offline
E/MP-Decision(  300): Error(-22) changing core 2 status to offline
E/MP-Decision(  300): Error(-22) changing core 3 status to offline
E/MP-Decision(  300): Error(-22) changing core 2 status to offline
E/MP-Decision(  300): Error(-22) changing core 3 status to offline
E/MP-Decision(  300): Error(-22) changing core 2 status to offline
E/MP-Decision(  300): Error(-22) changing core 3 status to offline
E/MP-Decision(  300): Error(-22) changing core 2 status to offline
E/MP-Decision(  300): Error(-22) changing core 3 status to offline
E/MP-Decision(  300): Error(-22) changing core 2 status to offline
E/MP-Decision(  300): Error(-22) changing core 3 status to offline
E/MP-Decision(  300): Error(-22) changing core 2 status to offline
E/MP-Decision(  300): Error(-22) changing core 3 status to offline
E/MP-Decision(  300): Error(-22) changing core 2 status to offline
E/MP-Decision(  300): Error(-22) changing core 3 status to offline
E/MP-Decision(  300): Error(-22) changing core 2 status to offline
E/MP-Decision(  300): Error(-22) changing core 3 status to offline
E/MP-Decision(  300): Error(-22) changing core 2 status to offline
E/MP-Decision(  300): Error(-22) changing core 3 status to offline
E/MP-Decision(  300): Error(-22) changing core 2 status to offline
E/MP-Decision(  300): Error(-22) changing core 3 status to offline
E/MP-Decision(  300): Error(-22) changing core 2 status to offline
E/MP-Decision(  300): Error(-22) changing core 3 status to offline
E/MP-Decision(  300): Error(-22) changing core 2 status to offline
E/MP-Decision(  300): Error(-22) changing core 3 status to offline
E/MP-Decision(  300): Error(-22) changing core 2 status to offline
E/MP-Decision(  300): Error(-22) changing core 3 status to offline
E/MP-Decision(  300): Error(-22) changing core 2 status to offline
E/MP-Decision(  300): Error(-22) changing core 3 status to offline
E/MP-Decision(  300): Error(-22) changing core 2 status to offline
E/MP-Decision(  300): Error(-22) changing core 3 status to offline
E/MP-Decision(  300): Error(-22) changing core 2 status to offline
E/MP-Decision(  300): Error(-22) changing core 3 status to offline
E/MP-Decision(  300): Error(-22) changing core 2 status to offline
E/MP-Decision(  300): Error(-22) changing core 3 status to offline
E/MP-Decision(  300): Error(-22) changing core 2 status to offline
E/MP-Decision(  300): Error(-22) changing core 3 status to offline
E/MP-Decision(  300): Error(-22) changing core 2 status to offline
E/MP-Decision(  300): Error(-22) changing core 3 status to offline
E/MP-Decision(  300): Error(-22) changing core 2 status to offline
E/MP-Decision(  300): Error(-22) changing core 3 status to offline
E/MP-Decision(  300): Error(-22) changing core 2 status to offline
E/MP-Decision(  300): Error(-22) changing core 3 status to offline
E/MP-Decision(  300): Error(-22) changing core 2 status to offline
E/MP-Decision(  300): Error(-22) changing core 3 status to offline
E/MP-Decision(  300): Error(-22) changing core 2 status to offline
E/MP-Decision(  300): Error(-22) changing core 3 status to offline
E/MP-Decision(  300): Error(-22) changing core 2 status to offline
E/MP-Decision(  300): Error(-22) changing core 3 status to offline
E/MP-Decision(  300): Error(-22) changing core 2 status to offline
E/MP-Decision(  300): Error(-22) changing core 3 status to offline
E/MP-Decision(  300): Error(-22) changing core 2 status to offline
E/MP-Decision(  300): Error(-22) changing core 3 status to offline
E/MP-Decision(  300): Error(-22) changing core 2 status to offline
E/MP-Decision(  300): Error(-22) changing core 3 status to offline
E/MP-Decision(  300): Error(-22) changing core 2 status to offline
E/MP-Decision(  300): Error(-22) changing core 3 status to offline
E/MP-Decision(  300): Error(-22) changing core 2 status to offline
E/MP-Decision(  300): Error(-22) changing core 3 status to offline
E/MP-Decision(  300): Error(-22) changing core 2 status to offline
E/MP-Decision(  300): Error(-22) changing core 3 status to offline
E/MP-Decision(  300): Error(-22) changing core 2 status to offline
E/MP-Decision(  300): Error(-22) changing core 3 status to offline
E/MP-Decision(  300): Error(-22) changing core 2 status to offline
E/MP-Decision(  300): Error(-22) changing core 3 status to offline
E/MP-Decision(  300): Error(-22) changing core 2 status to offline
E/MP-Decision(  300): Error(-22) changing core 3 status to offline
E/MP-Decision(  300): Error(-22) changing core 2 status to offline
E/MP-Decision(  300): Error(-22) changing core 3 status to offline
E/MP-Decision(  300): Error(-22) changing core 2 status to offline
E/MP-Decision(  300): Error(-22) changing core 3 status to offline
E/MP-Decision(  300): Error(-22) changing core 2 status to offline
E/MP-Decision(  300): Error(-22) changing core 3 status to offline
E/MP-Decision(  300): Error(-22) changing core 2 status to offline
E/MP-Decision(  300): Error(-22) changing core 3 status to offline
E/MP-Decision(  300): Error(-22) changing core 2 status to offline
E/MP-Decision(  300): Error(-22) changing core 3 status to offline
E/MP-Decision(  300): Error(-22) changing core 2 status to offline
E/MP-Decision(  300): Error(-22) changing core 3 status to offline
E/MP-Decision(  300): Error(-22) changing core 2 status to offline
E/MP-Decision(  300): Error(-22) changing core 3 status to offline
E/MP-Decision(  300): Error(-22) changing core 2 status to offline
E/MP-Decision(  300): Error(-22) changing core 3 status to offline
E/MP-Decision(  300): Error(-22) changing core 2 status to offline
E/MP-Decision(  300): Error(-22) changing core 3 status to offline
E/MP-Decision(  300): Error(-22) changing core 2 status to offline
E/MP-Decision(  300): Error(-22) changing core 3 status to offline
E/MP-Decision(  300): Error(-22) changing core 2 status to offline
E/MP-Decision(  300): Error(-22) changing core 3 status to offline
E/MP-Decision(  300): Error(-22) changing core 2 status to offline
E/MP-Decision(  300): Error(-22) changing core 3 status to offline
E/MP-Decision(  300): Error(-22) changing core 2 status to offline
E/MP-Decision(  300): Error(-22) changing core 3 status to offline
E/MP-Decision(  300): Error(-22) changing core 2 status to offline
E/MP-Decision(  300): Error(-22) changing core 3 status to offline
E/MP-Decision(  300): Error(-22) changing core 2 status to offline
E/MP-Decision(  300): Error(-22) changing core 3 status to offline
E/MP-Decision(  300): Error(-22) changing core 2 status to offline
E/MP-Decision(  300): Error(-22) changing core 3 status to offline
E/MP-Decision(  300): Error(-22) changing core 2 status to offline
E/MP-Decision(  300): Error(-22) changing core 3 status to offline
E/MP-Decision(  300): Error(-22) changing core 2 status to offline
E/MP-Decision(  300): Error(-22) changing core 3 status to offline
E/MP-Decision(  300): Error(-22) changing core 2 status to offline
E/MP-Decision(  300): Error(-22) changing core 3 status to offline
E/MP-Decision(  300): Error(-22) changing core 2 status to offline
E/MP-Decision(  300): Error(-22) changing core 3 status to offline
E/MP-Decision(  300): Error(-22) changing core 2 status to offline
E/MP-Decision(  300): Error(-22) changing core 3 status to offline
E/MP-Decision(  300): Error(-22) changing core 2 status to offline
E/MP-Decision(  300): Error(-22) changing core 3 status to offline
E/MP-Decision(  300): Error(-22) changing core 2 status to offline
E/MP-Decision(  300): Error(-22) changing core 3 status to offline
E/MP-Decision(  300): Error(-22) changing core 2 status to offline
E/MP-Decision(  300): Error(-22) changing core 3 status to offline
E/MP-Decision(  300): Error(-22) changing core 2 status to offline
E/MP-Decision(  300): Error(-22) changing core 3 status to offline
E/MP-Decision(  300): Error(-22) changing core 2 status to offline
E/MP-Decision(  300): Error(-22) changing core 3 status to offline
E/MP-Decision(  300): Error(-22) changing core 2 status to offline
E/MP-Decision(  300): Error(-22) changing core 3 status to offline
E/MP-Decision(  300): Error(-22) changing core 2 status to offline
E/MP-Decision(  300): Error(-22) changing core 3 status to offline
E/MP-Decision(  300): Error(-22) changing core 2 status to offline
E/MP-Decision(  300): Error(-22) changing core 3 status to offline
E/MP-Decision(  300): Error(-22) changing core 2 status to offline
E/MP-Decision(  300): Error(-22) changing core 3 status to offline
E/MP-Decision(  300): Error(-22) changing core 2 status to offline
E/MP-Decision(  300): Error(-22) changing core 3 status to offline
E/MP-Decision(  300): Error(-22) changing core 2 status to offline
E/MP-Decision(  300): Error(-22) changing core 3 status to offline
D/LBSSystemMonitorService(  822): handleMessage what - 4
D/Wiper_jni(  822): Send Network Location.
I/ClearcutLoggerApiImpl( 2350): disconnect managed GoogleApiClient
D/PowerManagerService(  822): acquireWakeLock: ignoring request from com.google.android.gms
I/GCM     ( 1977): GCM message com.google.android.talk 0:1445366945259275%5a539273f9fd7ecd:dr:com.google.android.talk:dr:2615154502@google.com:dr:0:1445366945259275%5a539273f9fd7ecd
D/PowerManagerService(  822): acquireWakeLock: ignoring request from com.google.android.gms
V/Babel   (11214): [GcmIntentService] RTCS will handle all server updates.
W/ResourcesManager(11214): Asset path '/system/framework/com.android.media.remotedisplay.jar' does not exist or contains no resources.
W/ResourcesManager(11214): Asset path '/system/framework/com.android.location.provider.jar' does not exist or contains no resources.
D/SipExpiredAlarm( 4434): onReceive()
D/SipExpiredAlarm( 4434): setAlarm(285)
E/MP-Decision(  300): Error(-22) changing core 2 status to offline
E/MP-Decision(  300): Error(-22) changing core 3 status to offline
E/MP-Decision(  300): Error(-22) changing core 2 status to offline
E/MP-Decision(  300): Error(-22) changing core 3 status to offline
E/MP-Decision(  300): Error(-22) changing core 2 status to offline
E/MP-Decision(  300): Error(-22) changing core 3 status to offline
E/MP-Decision(  300): Error(-22) changing core 2 status to offline
E/MP-Decision(  300): Error(-22) changing core 3 status to offline
E/MP-Decision(  300): Error(-22) changing core 2 status to offline
E/MP-Decision(  300): Error(-22) changing core 3 status to offline
E/MP-Decision(  300): Error(-22) changing core 2 status to offline
E/MP-Decision(  300): Error(-22) changing core 3 status to offline
E/MP-Decision(  300): Error(-22) changing core 2 status to offline
E/MP-Decision(  300): Error(-22) changing core 3 status to offline
I/PowerManagerService(  822): Going to sleep due to screen timeout (uid 1000)...
E/libsensor1(  822): sensor1_write: Error getting socket name fd: 55: Socket operation on non-socket
E/qti_sensors_hal(  822): timeServiceStop: sensor1_write returned 3
I/DisplayManagerService(  822): Display device changed: DisplayDeviceInfo{"Built-in Screen": uniqueId="local:0", 1080 x 1920, 63.0 fps, supportedRefreshRates [63.0], density 480, 403.411 x 403.041 dpi, appVsyncOff 7500000, presDeadline 11873016, touch INTERNAL, rotation 0, type BUILT_IN, state OFF, FLAG_DEFAULT_DISPLAY, FLAG_ROTATES_WITH_CONTENT, FLAG_SECURE, FLAG_SUPPORTS_PROTECTED_BUFFERS}
V/ActivityManager(  822): Display changed displayId=0
D/SurfaceFlinger(  252): Set power mode=0, type=0 flinger=0xb6482000
D/qdhwcomposer(  252): hwc_setPowerMode: Setting mode 0 on display: 0
I/qdhwcomposer(  252): handle_blank_event: dpy:0 panel power state: 0
D/qdhwcomposer(  252): hwc_setPowerMode: Done setting mode 0 on display 0
D/SurfaceControl(  822): Excessive delay in setPowerMode(): 250ms
I/QCOM PowerHAL(  822): Got set_interactive hint
I/PowerManagerService(  822): Sleeping (uid 1000)...
D/PhoneStatusBar( 1254): disable: < expand ICONS* alerts SYSTEM_INFO* back home recent clock search >
W/IInputConnectionWrapper( 9522): beginBatchEdit on inactive InputConnection
W/IInputConnectionWrapper( 9522): endBatchEdit on inactive InputConnection
D/BluetoothAdapter( 1254): 191309743: getState() :  mService = null. Returning STATE_OFF
D/BluetoothAdapter( 1254): 191309743: getState() :  mService = null. Returning STATE_OFF
E/WifiStateMachine(  822): cancelDelayedScan -> 1640
D/audio_hw_primary(  263): adev_set_parameters: enter: screen_state=off
W/Settings( 1254): Setting airplane_mode_on has moved from android.provider.Settings.System to android.provider.Settings.Global, returning read-only value.
W/IInputConnectionWrapper( 9522): getExtractedText on inactive InputConnection
W/Settings( 1254): Setting airplane_mode_on has moved from android.provider.Settings.System to android.provider.Settings.Global, returning read-only value.
W/IInputConnectionWrapper( 9522): getTextBeforeCursor on inactive InputConnection
W/IInputConnectionWrapper( 9522): getTextAfterCursor on inactive InputConnection
W/IInputConnectionWrapper( 9522): getSelectedText on inactive InputConnection
D/BluetoothAdapter( 1254): 191309743: getState() :  mService = null. Returning STATE_OFF
W/IInputConnectionWrapper( 9522): beginBatchEdit on inactive InputConnection
D/BluetoothAdapter( 1254): 191309743: getState() :  mService = null. Returning STATE_OFF
W/IInputConnectionWrapper( 9522): endBatchEdit on inactive InputConnection
W/IInputConnectionWrapper( 9522): getExtractedText on inactive InputConnection
W/IInputConnectionWrapper( 9522): getTextBeforeCursor on inactive InputConnection
W/IInputConnectionWrapper( 9522): getTextAfterCursor on inactive InputConnection
W/IInputConnectionWrapper( 9522): getSelectedText on inactive InputConnection
D/BluetoothAdapter( 1254): 191309743: getState() :  mService = null. Returning STATE_OFF
D/BluetoothAdapter( 1254): 191309743: getState() :  mService = null. Returning STATE_OFF
W/Settings( 1254): Setting airplane_mode_on has moved from android.provider.Settings.System to android.provider.Settings.Global, returning read-only value.
W/Settings( 1254): Setting airplane_mode_on has moved from android.provider.Settings.System to android.provider.Settings.Global, returning read-only value.
W/IInputConnectionWrapper( 9522): getExtractedText on inactive InputConnection
D/PhoneStatusBar( 1254): disable: < expand ICONS alerts SYSTEM_INFO back HOME* RECENT* clock SEARCH* >
W/IInputConnectionWrapper( 9522): getExtractedText on inactive InputConnection
W/IInputConnectionWrapper( 9522): getExtractedText on inactive InputConnection
W/IInputConnectionWrapper( 9522): getTextBeforeCursor on inactive InputConnection
W/IInputConnectionWrapper( 9522): getTextAfterCursor on inactive InputConnection
W/IInputConnectionWrapper( 9522): getSelectedText on inactive InputConnection
W/OpenGLRenderer( 1254): Incorrectly called buildLayer on View: DismissViewButton, destroying layer...
W/IInputConnectionWrapper( 9522): getExtractedText on inactive InputConnection
W/IInputConnectionWrapper( 9522): getTextBeforeCursor on inactive InputConnection
W/IInputConnectionWrapper( 9522): getTextAfterCursor on inactive InputConnection
W/IInputConnectionWrapper( 9522): getSelectedText on inactive InputConnection
W/IInputConnectionWrapper( 9522): beginBatchEdit on inactive InputConnection
W/IInputConnectionWrapper( 9522): endBatchEdit on inactive InputConnection
W/IInputConnectionWrapper( 9522): getExtractedText on inactive InputConnection
W/IInputConnectionWrapper( 9522): getTextBeforeCursor on inactive InputConnection
W/IInputConnectionWrapper( 9522): getTextAfterCursor on inactive InputConnection
W/IInputConnectionWrapper( 9522): getSelectedText on inactive InputConnection
W/IInputConnectionWrapper( 9522): getExtractedText on inactive InputConnection
W/IInputConnectionWrapper( 9522): getTextBeforeCursor on inactive InputConnection
W/IInputConnectionWrapper( 9522): getTextAfterCursor on inactive InputConnection
W/IInputConnectionWrapper( 9522): getSelectedText on inactive InputConnection
W/IInputConnectionWrapper( 9522): getTextBeforeCursor on inactive InputConnection
D/PowerManagerService(  822): acquireWakeLock: ignoring request from com.google.android.gms
D/PowerManagerService(  822): acquireWakeLock: ignoring request from com.google.android.gms
D/MdnsClient( 1685): Multicast lock held. Releasing
D/ScreenOnOffReceiver( 2350): Received intent: Intent { act=android.intent.action.SCREEN_OFF flg=0x50000010 }.
W/IInputConnectionWrapper( 9522): beginBatchEdit on inactive InputConnection
W/IInputConnectionWrapper( 9522): endBatchEdit on inactive InputConnection
E/WifiStateMachine(  822): WifiStateMachine L2Connected CMD_START_SCAN source -2 1639, 1640 -> obsolete
D/PowerManagerService(  822): acquireWakeLock: ignoring request from com.google.android.gms
I/GCM     ( 1977): GCM message com.google.android.talk 0:1445367000275053%5a539273f9fd7ecd:dr:com.google.android.talk:dr:2615154502@google.com:dr:0:1445367000275053%5a539273f9fd7ecd
D/PowerManagerService(  822): acquireWakeLock: ignoring request from com.google.android.gms
V/Babel   (11214): [GcmIntentService] RTCS will handle all server updates.
D/airDog  ( 5016): readBytes=-1
W/airDog  ( 5016): /data/data/com.sand.airdroid/lib is exist
I/airDog  ( 5016): observed by child process
I/airDog  ( 5016): /data/data/com.sand.airdroid/cache is ready
I/airDog  ( 5016): start to read...
D/airDog  ( 5016): wdAppDir=1
E/libsuspend(  822): Error writing to /sys/power/state: Device or resource busy
D/airDog  ( 5016): readBytes=-1
W/airDog  ( 5016): /data/data/com.sand.airdroid/lib is exist
I/airDog  ( 5016): observed by child process
I/airDog  ( 5016): /data/data/com.sand.airdroid/cache is ready
I/airDog  ( 5016): start to read...
D/airDog  ( 5016): wdAppDir=1
D/airDog  ( 5016): readBytes=-1
W/airDog  ( 5016): /data/data/com.sand.airdroid/lib is exist
I/airDog  ( 5016): observed by child process
I/airDog  ( 5016): /data/data/com.sand.airdroid/cache is ready
I/airDog  ( 5016): start to read...
D/airDog  ( 5016): wdAppDir=1
D/airDog  ( 5016): readBytes=-1
W/airDog  ( 5016): /data/data/com.sand.airdroid/lib is exist
I/airDog  ( 5016): observed by child process
I/airDog  ( 5016): /data/data/com.sand.airdroid/cache is ready
I/airDog  ( 5016): start to read...
D/airDog  ( 5016): wdAppDir=1
D/airDog  ( 5016): readBytes=-1
W/airDog  ( 5016): /data/data/com.sand.airdroid/lib is exist
I/airDog  ( 5016): observed by child process
I/airDog  ( 5016): /data/data/com.sand.airdroid/cache is ready
I/airDog  ( 5016): start to read...
D/airDog  ( 5016): wdAppDir=1
D/airDog  ( 5016): readBytes=-1
W/airDog  ( 5016): /data/data/com.sand.airdroid/lib is exist
I/airDog  ( 5016): observed by child process
I/airDog  ( 5016): /data/data/com.sand.airdroid/cache is ready
I/airDog  ( 5016): start to read...
D/airDog  ( 5016): wdAppDir=1
D/airDog  ( 5016): readBytes=-1
W/airDog  ( 5016): /data/data/com.sand.airdroid/lib is exist
I/airDog  ( 5016): observed by child process
I/airDog  ( 5016): /data/data/com.sand.airdroid/cache is ready
I/airDog  ( 5016): start to read...
D/airDog  ( 5016): wdAppDir=1
D/airDog  ( 5016): readBytes=-1
E/libsuspend(  822): Error writing to /sys/power/state: Device or resource busy
W/airDog  ( 5016): /data/data/com.sand.airdroid/lib is exist
I/airDog  ( 5016): observed by child process
I/airDog  ( 5016): /data/data/com.sand.airdroid/cache is ready
I/airDog  ( 5016): start to read...
D/airDog  ( 5016): wdAppDir=1
E/libsuspend(  822): Error writing to /sys/power/state: Device or resource busy
D/airDog  ( 5016): readBytes=-1
W/airDog  ( 5016): /data/data/com.sand.airdroid/lib is exist
I/airDog  ( 5016): observed by child process
I/airDog  ( 5016): /data/data/com.sand.airdroid/cache is ready
I/airDog  ( 5016): start to read...
D/airDog  ( 5016): wdAppDir=1
D/airDog  ( 5016): readBytes=-1
E/libsuspend(  822): Error writing to /sys/power/state: Device or resource busy
W/airDog  ( 5016): /data/data/com.sand.airdroid/lib is exist
I/airDog  ( 5016): observed by child process
I/airDog  ( 5016): /data/data/com.sand.airdroid/cache is ready
I/airDog  ( 5016): start to read...
D/airDog  ( 5016): wdAppDir=1
E/libsuspend(  822): Error writing to /sys/power/state: Device or resource busy
D/airDog  ( 5016): readBytes=-1
W/airDog  ( 5016): /data/data/com.sand.airdroid/lib is exist
I/airDog  ( 5016): observed by child process
I/airDog  ( 5016): /data/data/com.sand.airdroid/cache is ready
I/airDog  ( 5016): start to read...
D/airDog  ( 5016): wdAppDir=1
D/airDog  ( 5016): readBytes=-1
W/airDog  ( 5016): /data/data/com.sand.airdroid/lib is exist
I/airDog  ( 5016): observed by child process
I/airDog  ( 5016): /data/data/com.sand.airdroid/cache is ready
I/airDog  ( 5016): start to read...
D/airDog  ( 5016): wdAppDir=1
D/airDog  ( 5016): readBytes=-1
W/airDog  ( 5016): /data/data/com.sand.airdroid/lib is exist
I/airDog  ( 5016): observed by child process
I/airDog  ( 5016): /data/data/com.sand.airdroid/cache is ready
I/airDog  ( 5016): start to read...
D/airDog  ( 5016): wdAppDir=1
D/PowerManagerService(  822): acquireWakeLock: ignoring request from com.google.android.gms
D/airDog  ( 5016): readBytes=-1
W/airDog  ( 5016): /data/data/com.sand.airdroid/lib is exist
I/airDog  ( 5016): observed by child process
I/GCM     ( 1977): GCM message com.google.android.talk 0:1445367050342959%5a539273f9fd7ecd:dr:com.google.android.talk:dr:2615154502@google.com:dr:0:1445367050342959%5a539273f9fd7ecd
D/PowerManagerService(  822): acquireWakeLock: ignoring request from com.google.android.gms
I/airDog  ( 5016): /data/data/com.sand.airdroid/cache is ready
I/airDog  ( 5016): start to read...
D/airDog  ( 5016): wdAppDir=1
V/Babel   (11214): [GcmIntentService] RTCS will handle all server updates.
D/airDog  ( 5016): readBytes=-1
W/airDog  ( 5016): /data/data/com.sand.airdroid/lib is exist
I/airDog  ( 5016): observed by child process
I/airDog  ( 5016): /data/data/com.sand.airdroid/cache is ready
I/airDog  ( 5016): start to read...
D/airDog  ( 5016): wdAppDir=1
D/airDog  ( 5016): readBytes=-1
W/airDog  ( 5016): /data/data/com.sand.airdroid/lib is exist
I/airDog  ( 5016): observed by child process
I/airDog  ( 5016): /data/data/com.sand.airdroid/cache is ready
I/airDog  ( 5016): start to read...
D/airDog  ( 5016): wdAppDir=1
D/airDog  ( 5016): readBytes=-1
E/libsuspend(  822): Error writing to /sys/power/state: Device or resource busy
W/airDog  ( 5016): /data/data/com.sand.airdroid/lib is exist
I/airDog  ( 5016): observed by child process
I/airDog  ( 5016): /data/data/com.sand.airdroid/cache is ready
I/airDog  ( 5016): start to read...
D/airDog  ( 5016): wdAppDir=1
D/airDog  ( 5016): readBytes=-1
W/airDog  ( 5016): /data/data/com.sand.airdroid/lib is exist
I/airDog  ( 5016): observed by child process
I/airDog  ( 5016): /data/data/com.sand.airdroid/cache is ready
I/airDog  ( 5016): start to read...
D/airDog  ( 5016): wdAppDir=1
D/airDog  ( 5016): readBytes=-1
W/airDog  ( 5016): /data/data/com.sand.airdroid/lib is exist
I/airDog  ( 5016): observed by child process
I/airDog  ( 5016): /data/data/com.sand.airdroid/cache is ready
I/airDog  ( 5016): start to read...
D/airDog  ( 5016): wdAppDir=1
D/airDog  ( 5016): readBytes=-1
W/airDog  ( 5016): /data/data/com.sand.airdroid/lib is exist
I/airDog  ( 5016): observed by child process
I/airDog  ( 5016): /data/data/com.sand.airdroid/cache is ready
I/airDog  ( 5016): start to read...
D/airDog  ( 5016): wdAppDir=1
D/airDog  ( 5016): readBytes=-1
W/airDog  ( 5016): /data/data/com.sand.airdroid/lib is exist
I/airDog  ( 5016): observed by child process
I/airDog  ( 5016): /data/data/com.sand.airdroid/cache is ready
I/airDog  ( 5016): start to read...
D/airDog  ( 5016): wdAppDir=1
D/airDog  ( 5016): readBytes=-1
W/airDog  ( 5016): /data/data/com.sand.airdroid/lib is exist
I/airDog  ( 5016): observed by child process
I/airDog  ( 5016): /data/data/com.sand.airdroid/cache is ready
I/airDog  ( 5016): start to read...
D/airDog  ( 5016): wdAppDir=1
D/airDog  ( 5016): readBytes=-1
W/airDog  ( 5016): /data/data/com.sand.airdroid/lib is exist
I/airDog  ( 5016): observed by child process
I/airDog  ( 5016): /data/data/com.sand.airdroid/cache is ready
I/airDog  ( 5016): start to read...
D/airDog  ( 5016): wdAppDir=1
D/airDog  ( 5016): readBytes=-1
W/airDog  ( 5016): /data/data/com.sand.airdroid/lib is exist
I/airDog  ( 5016): observed by child process
I/airDog  ( 5016): /data/data/com.sand.airdroid/cache is ready
I/airDog  ( 5016): start to read...
D/airDog  ( 5016): wdAppDir=1
D/airDog  ( 5016): readBytes=-1
W/airDog  ( 5016): /data/data/com.sand.airdroid/lib is exist
I/airDog  ( 5016): observed by child process
I/airDog  ( 5016): /data/data/com.sand.airdroid/cache is ready
I/airDog  ( 5016): start to read...
D/airDog  ( 5016): wdAppDir=1
D/airDog  ( 5016): readBytes=-1
W/airDog  ( 5016): /data/data/com.sand.airdroid/lib is exist
I/airDog  ( 5016): observed by child process
I/airDog  ( 5016): /data/data/com.sand.airdroid/cache is ready
I/airDog  ( 5016): start to read...
D/airDog  ( 5016): wdAppDir=1
D/airDog  ( 5016): readBytes=-1
W/airDog  ( 5016): /data/data/com.sand.airdroid/lib is exist
I/airDog  ( 5016): observed by child process
I/airDog  ( 5016): /data/data/com.sand.airdroid/cache is ready
I/airDog  ( 5016): start to read...
D/airDog  ( 5016): wdAppDir=1
D/airDog  ( 5016): readBytes=-1
W/airDog  ( 5016): /data/data/com.sand.airdroid/lib is exist
I/airDog  ( 5016): observed by child process
I/airDog  ( 5016): /data/data/com.sand.airdroid/cache is ready
I/airDog  ( 5016): start to read...
D/airDog  ( 5016): wdAppDir=1
D/airDog  ( 5016): readBytes=-1
W/airDog  ( 5016): /data/data/com.sand.airdroid/lib is exist
I/airDog  ( 5016): observed by child process
I/airDog  ( 5016): /data/data/com.sand.airdroid/cache is ready
I/airDog  ( 5016): start to read...
D/airDog  ( 5016): wdAppDir=1
D/airDog  ( 5016): readBytes=-1
W/airDog  ( 5016): /data/data/com.sand.airdroid/lib is exist
I/airDog  ( 5016): observed by child process
I/airDog  ( 5016): /data/data/com.sand.airdroid/cache is ready
I/airDog  ( 5016): start to read...
D/airDog  ( 5016): wdAppDir=1
D/airDog  ( 5016): readBytes=-1
W/airDog  ( 5016): /data/data/com.sand.airdroid/lib is exist
I/airDog  ( 5016): observed by child process
I/airDog  ( 5016): /data/data/com.sand.airdroid/cache is ready
I/airDog  ( 5016): start to read...
D/airDog  ( 5016): wdAppDir=1
D/airDog  ( 5016): readBytes=-1
W/airDog  ( 5016): /data/data/com.sand.airdroid/lib is exist
I/airDog  ( 5016): observed by child process
I/airDog  ( 5016): /data/data/com.sand.airdroid/cache is ready
I/airDog  ( 5016): start to read...
D/airDog  ( 5016): wdAppDir=1
D/airDog  ( 5016): readBytes=-1
W/airDog  ( 5016): /data/data/com.sand.airdroid/lib is exist
I/airDog  ( 5016): observed by child process
I/airDog  ( 5016): /data/data/com.sand.airdroid/cache is ready
I/airDog  ( 5016): start to read...
D/airDog  ( 5016): wdAppDir=1
D/airDog  ( 5016): readBytes=-1
W/airDog  ( 5016): /data/data/com.sand.airdroid/lib is exist
I/airDog  ( 5016): observed by child process
I/airDog  ( 5016): /data/data/com.sand.airdroid/cache is ready
I/airDog  ( 5016): start to read...
D/airDog  ( 5016): wdAppDir=1
D/airDog  ( 5016): readBytes=-1
W/airDog  ( 5016): /data/data/com.sand.airdroid/lib is exist
I/airDog  ( 5016): observed by child process
I/airDog  ( 5016): /data/data/com.sand.airdroid/cache is ready
I/airDog  ( 5016): start to read...
D/airDog  ( 5016): wdAppDir=1
D/airDog  ( 5016): readBytes=-1
W/airDog  ( 5016): /data/data/com.sand.airdroid/lib is exist
I/airDog  ( 5016): observed by child process
I/airDog  ( 5016): /data/data/com.sand.airdroid/cache is ready
I/airDog  ( 5016): start to read...
D/airDog  ( 5016): wdAppDir=1
D/airDog  ( 5016): readBytes=-1
W/airDog  ( 5016): /data/data/com.sand.airdroid/lib is exist
I/airDog  ( 5016): observed by child process
I/airDog  ( 5016): /data/data/com.sand.airdroid/cache is ready
I/airDog  ( 5016): start to read...
D/airDog  ( 5016): wdAppDir=1
D/airDog  ( 5016): readBytes=-1
W/airDog  ( 5016): /data/data/com.sand.airdroid/lib is exist
I/airDog  ( 5016): observed by child process
I/airDog  ( 5016): /data/data/com.sand.airdroid/cache is ready
I/airDog  ( 5016): start to read...
D/airDog  ( 5016): wdAppDir=1
D/airDog  ( 5016): readBytes=-1
W/airDog  ( 5016): /data/data/com.sand.airdroid/lib is exist
I/airDog  ( 5016): observed by child process
I/airDog  ( 5016): /data/data/com.sand.airdroid/cache is ready
I/airDog  ( 5016): start to read...
D/airDog  ( 5016): wdAppDir=1
D/airDog  ( 5016): readBytes=-1
W/airDog  ( 5016): /data/data/com.sand.airdroid/lib is exist
I/airDog  ( 5016): observed by child process
I/airDog  ( 5016): /data/data/com.sand.airdroid/cache is ready
I/airDog  ( 5016): start to read...
D/airDog  ( 5016): wdAppDir=1
D/airDog  ( 5016): readBytes=-1
E/libsuspend(  822): Error writing to /sys/power/state: Device or resource busy
W/airDog  ( 5016): /data/data/com.sand.airdroid/lib is exist
I/airDog  ( 5016): observed by child process
I/airDog  ( 5016): /data/data/com.sand.airdroid/cache is ready
I/airDog  ( 5016): start to read...
D/airDog  ( 5016): wdAppDir=1
D/airDog  ( 5016): readBytes=-1
W/airDog  ( 5016): /data/data/com.sand.airdroid/lib is exist
I/airDog  ( 5016): observed by child process
I/airDog  ( 5016): /data/data/com.sand.airdroid/cache is ready
I/airDog  ( 5016): start to read...
D/airDog  ( 5016): wdAppDir=1
D/airDog  ( 5016): readBytes=-1
W/airDog  ( 5016): /data/data/com.sand.airdroid/lib is exist
I/airDog  ( 5016): observed by child process
I/airDog  ( 5016): /data/data/com.sand.airdroid/cache is ready
I/airDog  ( 5016): start to read...
D/airDog  ( 5016): wdAppDir=1
D/airDog  ( 5016): readBytes=-1
W/airDog  ( 5016): /data/data/com.sand.airdroid/lib is exist
I/airDog  ( 5016): observed by child process
I/airDog  ( 5016): /data/data/com.sand.airdroid/cache is ready
I/airDog  ( 5016): start to read...
D/airDog  ( 5016): wdAppDir=1
E/libsuspend(  822): Error writing to /sys/power/state: Device or resource busy
D/airDog  ( 5016): readBytes=-1
W/airDog  ( 5016): /data/data/com.sand.airdroid/lib is exist
I/airDog  ( 5016): observed by child process
I/airDog  ( 5016): /data/data/com.sand.airdroid/cache is ready
I/airDog  ( 5016): start to read...
D/airDog  ( 5016): wdAppDir=1
E/libsensor1(  822): sensor1_write: Error getting socket name fd: 55: Socket operation on non-socket
E/qti_sensors_hal(  822): timeServiceStart: sensor1_write returned 3
D/airDog  ( 5016): readBytes=-1
W/airDog  ( 5016): /data/data/com.sand.airdroid/lib is exist
I/airDog  ( 5016): observed by child process
I/airDog  ( 5016): /data/data/com.sand.airdroid/cache is ready
I/airDog  ( 5016): start to read...
D/airDog  ( 5016): wdAppDir=1
E/libsensor1(  822): sensor1_write: Error getting socket name fd: 55: Socket operation on non-socket
E/qti_sensors_hal(  822): timeServiceStop: sensor1_write returned 3
I/PowerManagerService(  822): Waking up from sleep (uid 1000)...
V/KeyguardServiceDelegate(  822): onScreenTurnedOn(showListener = com.android.internal.policy.impl.PhoneWindowManager$2@f97076e)
I/QCOM PowerHAL(  822): Got set_interactive hint
E/libsuspend(  822): Error writing to /sys/power/state: Device or resource busy
I/DisplayPowerController(  822): Blocking screen on until initial contents have been drawn.
E/libsensor1(  822): sensor1_write: Error getting socket name fd: 55: Socket operation on non-socket
E/qti_sensors_hal(  822): timeServiceStart: sensor1_write returned 3
D/airDog  ( 5016): readBytes=-1
E/WifiStateMachine(  822): cancelDelayedScan -> 1641
D/SurfaceFlinger(  252): Set power mode=2, type=0 flinger=0xb6482000
D/qdhwcomposer(  252): hwc_setPowerMode: Setting mode 2 on display: 0
I/DisplayManagerService(  822): Display device changed: DisplayDeviceInfo{"Built-in Screen": uniqueId="local:0", 1080 x 1920, 63.0 fps, supportedRefreshRates [63.0], density 480, 403.411 x 403.041 dpi, appVsyncOff 7500000, presDeadline 11873016, touch INTERNAL, rotation 0, type BUILT_IN, state ON, FLAG_DEFAULT_DISPLAY, FLAG_ROTATES_WITH_CONTENT, FLAG_SECURE, FLAG_SUPPORTS_PROTECTED_BUFFERS}
D/audio_hw_primary(  263): adev_set_parameters: enter: screen_state=on
V/ActivityManager(  822): Display changed displayId=0
V/KeyguardServiceDelegate(  822): **** SHOWN CALLED ****
W/airDog  ( 5016): /data/data/com.sand.airdroid/lib is exist
I/airDog  ( 5016): observed by child process
I/airDog  ( 5016): /data/data/com.sand.airdroid/cache is ready
I/airDog  ( 5016): start to read...
D/airDog  ( 5016): wdAppDir=1
I/qdhwcomposer(  252): handle_blank_event: dpy:0 panel power state: 1
D/qdhwcomposer(  252): hwc_setPowerMode: Done setting mode 2 on display 0
D/SurfaceControl(  822): Excessive delay in setPowerMode(): 347ms
W/art     (  822): Long monitor contention event with owner method=void com.android.server.wm.WindowAnimator$1.run() from WindowAnimator.java:124 waiters=0 for 221ms
D/Ulp_jni (  822): JNI:system_update. Event-0
E/LocSvc_libulp(  822): W/Loc HAL handshake did not happen yet...
D/PowerManagerService(  822): acquireWakeLock: ignoring request from com.google.android.gms
D/PowerManagerService(  822): acquireWakeLock: ignoring request from com.google.android.gms
I/DisplayPowerController(  822): Unblocked screen on after 416 ms
D/ScreenOnOffReceiver( 2350): Received intent: Intent { act=android.intent.action.SCREEN_ON flg=0x50000010 }.
E/MP-Decision(  300): Error(-22) changing core 2 status to offline
E/MP-Decision(  300): Error(-22) changing core 3 status to offline
E/MP-Decision(  300): Error(-22) changing core 2 status to offline
E/MP-Decision(  300): Error(-22) changing core 3 status to offline
E/MP-Decision(  300): Error(-22) changing core 2 status to offline
E/MP-Decision(  300): Error(-22) changing core 3 status to offline
E/MP-Decision(  300): Error(-22) changing core 2 status to offline
E/MP-Decision(  300): Error(-22) changing core 3 status to offline
E/MP-Decision(  300): Error(-22) changing core 2 status to offline
E/MP-Decision(  300): Error(-22) changing core 3 status to offline
D/MdnsClient( 1685): #acquireLock. Multicast lock not held. Acquiring
E/MP-Decision(  300): Error(-22) changing core 2 status to offline
E/MP-Decision(  300): Error(-22) changing core 3 status to offline
E/MP-Decision(  300): Error(-22) changing core 2 status to offline
E/MP-Decision(  300): Error(-22) changing core 3 status to offline
E/MP-Decision(  300): Error(-22) changing core 2 status to offline
E/MP-Decision(  300): Error(-22) changing core 3 status to offline
E/MP-Decision(  300): Error(-22) changing core 2 status to offline
E/MP-Decision(  300): Error(-22) changing core 3 status to offline
E/MP-Decision(  300): Error(-22) changing core 2 status to offline
E/MP-Decision(  300): Error(-22) changing core 3 status to offline
E/MP-Decision(  300): Error(-22) changing core 2 status to offline
E/MP-Decision(  300): Error(-22) changing core 3 status to offline
E/MP-Decision(  300): Error(-22) changing core 2 status to offline
E/MP-Decision(  300): Error(-22) changing core 3 status to offline
E/MP-Decision(  300): Error(-22) changing core 2 status to offline
E/MP-Decision(  300): Error(-22) changing core 3 status to offline
E/MP-Decision(  300): Error(-22) changing core 2 status to offline
E/MP-Decision(  300): Error(-22) changing core 3 status to offline
E/MP-Decision(  300): Error(-22) changing core 2 status to offline
E/MP-Decision(  300): Error(-22) changing core 3 status to offline
E/MP-Decision(  300): Error(-22) changing core 2 status to offline
E/MP-Decision(  300): Error(-22) changing core 3 status to offline
E/MP-Decision(  300): Error(-22) changing core 2 status to offline
E/MP-Decision(  300): Error(-22) changing core 3 status to offline
E/MP-Decision(  300): Error(-22) changing core 2 status to offline
E/MP-Decision(  300): Error(-22) changing core 3 status to offline
I/PowerManagerService(  822): Going to sleep due to screen timeout (uid 1000)...
E/libsensor1(  822): sensor1_write: Error getting socket name fd: 55: Socket operation on non-socket
E/qti_sensors_hal(  822): timeServiceStop: sensor1_write returned 3
D/SurfaceFlinger(  252): Set power mode=0, type=0 flinger=0xb6482000
I/DisplayManagerService(  822): Display device changed: DisplayDeviceInfo{"Built-in Screen": uniqueId="local:0", 1080 x 1920, 63.0 fps, supportedRefreshRates [63.0], density 480, 403.411 x 403.041 dpi, appVsyncOff 7500000, presDeadline 11873016, touch INTERNAL, rotation 0, type BUILT_IN, state OFF, FLAG_DEFAULT_DISPLAY, FLAG_ROTATES_WITH_CONTENT, FLAG_SECURE, FLAG_SUPPORTS_PROTECTED_BUFFERS}
D/qdhwcomposer(  252): hwc_setPowerMode: Setting mode 0 on display: 0
V/ActivityManager(  822): Display changed displayId=0
I/qdhwcomposer(  252): handle_blank_event: dpy:0 panel power state: 0
D/qdhwcomposer(  252): hwc_setPowerMode: Done setting mode 0 on display 0
D/SurfaceControl(  822): Excessive delay in setPowerMode(): 229ms
I/QCOM PowerHAL(  822): Got set_interactive hint
I/PowerManagerService(  822): Sleeping (uid 1000)...
D/audio_hw_primary(  263): adev_set_parameters: enter: screen_state=off
E/WifiStateMachine(  822): cancelDelayedScan -> 1644
D/PhoneStatusBar( 1254): disable: < expand ICONS alerts SYSTEM_INFO back HOME RECENT clock SEARCH >
D/PowerManagerService(  822): acquireWakeLock: ignoring request from com.google.android.gms
D/PowerManagerService(  822): acquireWakeLock: ignoring request from com.google.android.gms
D/MdnsClient( 1685): Multicast lock held. Releasing
D/ScreenOnOffReceiver( 2350): Received intent: Intent { act=android.intent.action.SCREEN_OFF flg=0x50000010 }.
E/MP-Decision(  300): Error(-22) changing core 3 status to offline
E/MP-Decision(  300): Error(-22) changing core 3 status to offline
E/MP-Decision(  300): Error(-22) changing core 3 status to offline
E/MP-Decision(  300): Error(-22) changing core 3 status to offline
E/MP-Decision(  300): Error(-22) changing core 3 status to offline
E/MP-Decision(  300): Error(-22) changing core 3 status to offline
E/MP-Decision(  300): Error(-22) changing core 3 status to offline
D/LBSSystemMonitorService(  822): handleMessage what - 4
D/Wiper_jni(  822): Send Network Location.
E/MP-Decision(  300): Error(-22) changing core 3 status to offline
E/MP-Decision(  300): Error(-22) changing core 3 status to offline
E/MP-Decision(  300): Error(-22) changing core 3 status to offline
E/MP-Decision(  300): Error(-22) changing core 3 status to offline
E/MP-Decision(  300): Error(-22) changing core 3 status to offline
E/MP-Decision(  300): Error(-22) changing core 3 status to offline
E/MP-Decision(  300): Error(-22) changing core 3 status to offline
E/MP-Decision(  300): Error(-22) changing core 3 status to offline
E/MP-Decision(  300): Error(-22) changing core 3 status to offline
E/MP-Decision(  300): Error(-22) changing core 3 status to offline
E/MP-Decision(  300): Error(-22) changing core 3 status to offline
E/MP-Decision(  300): Error(-22) changing core 3 status to offline
E/MP-Decision(  300): Error(-22) changing core 3 status to offline
D/PowerManagerService(  822): acquireWakeLock: ignoring request from com.google.android.gms
I/EntropyMixer(  822): Writing entropy...
E/NetworkScheduler.SchedulerReceiver( 1977): Invalid parameter app
E/NetworkScheduler.SchedulerReceiver( 1977): Invalid package name : Perhaps you didn't include a PendingIntent in the extras?
I/PowerManagerService(  822): Waking up from sleep (uid 1000)...
I/QCOM PowerHAL(  822): Got set_interactive hint
I/DisplayPowerController(  822): Blocking screen on until initial contents have been drawn.
E/libsensor1(  822): sensor1_write: Error getting socket name fd: 55: Socket operation on non-socket
E/qti_sensors_hal(  822): timeServiceStart: sensor1_write returned 3
I/DisplayManagerService(  822): Display device changed: DisplayDeviceInfo{"Built-in Screen": uniqueId="local:0", 1080 x 1920, 63.0 fps, supportedRefreshRates [63.0], density 480, 403.411 x 403.041 dpi, appVsyncOff 7500000, presDeadline 11873016, touch INTERNAL, rotation 0, type BUILT_IN, state ON, FLAG_DEFAULT_DISPLAY, FLAG_ROTATES_WITH_CONTENT, FLAG_SECURE, FLAG_SUPPORTS_PROTECTED_BUFFERS}
D/SurfaceFlinger(  252): Set power mode=2, type=0 flinger=0xb6482000
D/qdhwcomposer(  252): hwc_setPowerMode: Setting mode 2 on display: 0
I/GCoreUlr( 2350): Starting service, intent=Intent { act=com.google.android.location.reporting.ACTION_UPDATE_WORLD cmp=com.google.android.gms/com.google.android.location.reporting.service.DispatchingService (has extras) }, extras=Bundle[{receiverAction=android.intent.action.ACTION_POWER_CONNECTED}]
I/GCoreUlr( 2350): DispatchingService.onCreate()
I/iu.Environment( 1685): update battery state; isPlugged? true*
D/PowerManagerService(  822): acquireWakeLock: ignoring request from com.google.android.gms
D/Ulp_jni (  822): JNI:system_update. Event-2
D/PowerManagerService(  822): acquireWakeLock: ignoring request from com.google.android.gms
D/LBSSystemMonitorService(  822): handleMessage what - 16
E/LocSvc_libulp(  822): W/Loc HAL handshake did not happen yet...
I/iu.FingerprintManager( 1685): Start processing all media
V/KeyguardServiceDelegate(  822): onScreenTurnedOn(showListener = com.android.internal.policy.impl.PhoneWindowManager$2@f97076e)
V/ActivityManager(  822): Display changed displayId=0
D/DeviceContext(  822): handleMessage what - 1
E/WifiStateMachine(  822): cancelDelayedScan -> 1645
D/audio_hw_primary(  263): adev_set_parameters: enter: screen_state=on
I/iu.UploadsManager( 1685): num queued entries: 0
I/iu.UploadsManager( 1685): num updated entries: 0
I/iu.FingerprintManager( 1685): Start processing media store URI: content://media/external/images/media
I/iu.SyncManager( 1685): NEXT; no task
D/PowerManagerService(  822): acquireWakeLock: ignoring request from com.google.android.gms
W/Settings(  822): Setting adb_notify has moved from android.provider.Settings.Secure to android.provider.Settings.Global.
I/ValidateNoPeople(  822): skipping global notification
I/ValidateNoPeople(  82