--------- beginning of crash
E/AndroidRuntime( 8827): FATAL EXCEPTION: main
E/AndroidRuntime( 8827): Process: com.google.android.talk, PID: 8827
E/AndroidRuntime( 8827): java.lang.IllegalStateException: Can not perform this action after onSaveInstanceState
E/AndroidRuntime( 8827): 	at aq.u(SourceFile:1438)
E/AndroidRuntime( 8827): 	at aq.a(SourceFile:1456)
E/AndroidRuntime( 8827): 	at t.a(SourceFile:634)
E/AndroidRuntime( 8827): 	at t.b(SourceFile:613)
E/AndroidRuntime( 8827): 	at bb.onAttachedToWindow(SourceFile:282)
E/AndroidRuntime( 8827): 	at com.google.android.apps.hangouts.util.FragmentTabHostEx.onAttachedToWindow(SourceFile:1013)
E/AndroidRuntime( 8827): 	at android.view.View.dispatchAttachedToWindow(View.java:13533)
E/AndroidRuntime( 8827): 	at android.view.ViewGroup.dispatchAttachedToWindow(ViewGroup.java:2689)
E/AndroidRuntime( 8827): 	at android.view.ViewGroup.dispatchAttachedToWindow(ViewGroup.java:2696)
E/AndroidRuntime( 8827): 	at android.view.ViewGroup.dispatchAttachedToWindow(ViewGroup.java:2696)
E/AndroidRuntime( 8827): 	at android.view.ViewGroup.dispatchAttachedToWindow(ViewGroup.java:2696)
E/AndroidRuntime( 8827): 	at android.view.ViewGroup.dispatchAttachedToWindow(ViewGroup.java:2696)
E/AndroidRuntime( 8827): 	at android.view.ViewGroup.dispatchAttachedToWindow(ViewGroup.java:2696)
E/AndroidRuntime( 8827): 	at android.view.ViewGroup.dispatchAttachedToWindow(ViewGroup.java:2696)
E/AndroidRuntime( 8827): 	at android.view.ViewGroup.dispatchAttachedToWindow(ViewGroup.java:2696)
E/AndroidRuntime( 8827): 	at android.view.ViewGroup.dispatchAttachedToWindow(ViewGroup.java:2696)
E/AndroidRuntime( 8827): 	at android.view.ViewGroup.dispatchAttachedToWindow(ViewGroup.java:2696)
E/AndroidRuntime( 8827): 	at android.view.ViewGroup.dispatchAttachedToWindow(ViewGroup.java:2696)
E/AndroidRuntime( 8827): 	at android.view.ViewGroup.dispatchAttachedToWindow(ViewGroup.java:2696)
E/AndroidRuntime( 8827): 	at android.view.ViewGroup.dispatchAttachedToWindow(ViewGroup.java:2696)
E/AndroidRuntime( 8827): 	at android.view.ViewGroup.dispatchAttachedToWindow(ViewGroup.java:2696)
E/AndroidRuntime( 8827): 	at android.view.ViewRootImpl.performTraversals(ViewRootImpl.java:1299)
E/AndroidRuntime( 8827): 	at android.view.ViewRootImpl.doTraversal(ViewRootImpl.java:1061)
E/AndroidRuntime( 8827): 	at android.view.ViewRootImpl$TraversalRunnable.run(ViewRootImpl.java:5891)
E/AndroidRuntime( 8827): 	at android.view.Choreographer$CallbackRecord.run(Choreographer.java:767)
E/AndroidRuntime( 8827): 	at android.view.Choreographer.doCallbacks(Choreographer.java:580)
E/AndroidRuntime( 8827): 	at android.view.Choreographer.doFrame(Choreographer.java:550)
E/AndroidRuntime( 8827): 	at android.view.Choreographer$FrameDisplayEventReceiver.run(Choreographer.java:753)
E/AndroidRuntime( 8827): 	at android.os.Handler.handleCallback(Handler.java:739)
E/AndroidRuntime( 8827): 	at android.os.Handler.dispatchMessage(Handler.java:95)
E/AndroidRuntime( 8827): 	at android.os.Looper.loop(Looper.java:135)
E/AndroidRuntime( 8827): 	at android.app.ActivityThread.main(ActivityThread.java:5269)
E/AndroidRuntime( 8827): 	at java.lang.reflect.Method.invoke(Native Method)
E/AndroidRuntime( 8827): 	at java.lang.reflect.Method.invoke(Method.java:372)
E/AndroidRuntime( 8827): 	at com.android.internal.os.ZygoteInit$MethodAndArgsCaller.run(ZygoteInit.java:904)
E/AndroidRuntime( 8827): 	at com.android.internal.os.ZygoteInit.main(ZygoteInit.java:699)
E/AndroidRuntime(31409): FATAL EXCEPTION: main
E/AndroidRuntime(31409): Process: com.android.gallery3d, PID: 31409
E/AndroidRuntime(31409): java.lang.RuntimeException: Unable to start activity ComponentInfo{com.android.gallery3d/com.android.gallery3d.app.GalleryActivity}: java.lang.NullPointerException: Attempt to invoke virtual method 'java.lang.String com.android.gallery3d.data.Path.getPrefix()' on a null object reference
E/AndroidRuntime(31409): 	at android.app.ActivityThread.performLaunchActivity(ActivityThread.java:2340)
E/AndroidRuntime(31409): 	at android.app.ActivityThread.handleLaunchActivity(ActivityThread.java:2402)
E/AndroidRuntime(31409): 	at android.app.ActivityThread.access$900(ActivityThread.java:151)
E/AndroidRuntime(31409): 	at android.app.ActivityThread$H.handleMessage(ActivityThread.java:1318)
E/AndroidRuntime(31409): 	at android.os.Handler.dispatchMessage(Handler.java:102)
E/AndroidRuntime(31409): 	at android.os.Looper.loop(Looper.java:135)
E/AndroidRuntime(31409): 	at android.app.ActivityThread.main(ActivityThread.java:5269)
E/AndroidRuntime(31409): 	at java.lang.reflect.Method.invoke(Native Method)
E/AndroidRuntime(31409): 	at java.lang.reflect.Method.invoke(Method.java:372)
E/AndroidRuntime(31409): 	at com.android.internal.os.ZygoteInit$MethodAndArgsCaller.run(ZygoteInit.java:904)
E/AndroidRuntime(31409): 	at com.android.internal.os.ZygoteInit.main(ZygoteInit.java:699)
E/AndroidRuntime(31409): Caused by: java.lang.NullPointerException: Attempt to invoke virtual method 'java.lang.String com.android.gallery3d.data.Path.getPrefix()' on a null object reference
E/AndroidRuntime(31409): 	at com.android.gallery3d.data.DataManager.getDefaultSetOf(DataManager.java:278)
E/AndroidRuntime(31409): 	at com.android.gallery3d.app.GalleryActivity.startViewAction(GalleryActivity.java:206)
E/AndroidRuntime(31409): 	at com.android.gallery3d.app.GalleryActivity.initializeByIntent(GalleryActivity.java:96)
E/AndroidRuntime(31409): 	at com.android.gallery3d.app.GalleryActivity.onCreate(GalleryActivity.java:73)
E/AndroidRuntime(31409): 	at android.app.Activity.performCreate(Activity.java:6034)
E/AndroidRuntime(31409): 	at android.app.Instrumentation.callActivityOnCreate(Instrumentation.java:1106)
E/AndroidRuntime(31409): 	at android.app.ActivityThread.performLaunchActivity(ActivityThread.java:2293)
E/AndroidRuntime(31409): 	... 10 more
--------- beginning of system
D/ConnectivityService(  822): Network NetworkAgentInfo [WIFI () - 126] was already satisfying request 1. No change.
D/ConnectivityService(  822): notifyType AVAILABLE for NetworkAgentInfo [WIFI () - 126]
D/ConnectivityService(  822): updateNetworkScore for NetworkAgentInfo [WIFI () - 126] to 60
D/ConnectivityService(  822): rematching NetworkAgentInfo [WIFI () - 126]
D/ConnectivityService(  822): Network NetworkAgentInfo [WIFI () - 126] was already satisfying request 1. No change.
D/ConnectivityService(  822): notifyType AVAILABLE for NetworkAgentInfo [WIFI () - 126]
D/ConnectivityService(  822): updateNetworkScore for NetworkAgentInfo [WIFI () - 126] to 56
D/ConnectivityService(  822): rematching NetworkAgentInfo [WIFI () - 126]
D/ConnectivityService(  822): Network NetworkAgentInfo [WIFI () - 126] was already satisfying request 1. No change.
D/ConnectivityService(  822): notifyType AVAILABLE for NetworkAgentInfo [WIFI () - 126]
D/ConnectivityService(  822): updateNetworkScore for NetworkAgentInfo [WIFI () - 126] to 60
D/ConnectivityService(  822): rematching NetworkAgentInfo [WIFI () - 126]
D/ConnectivityService(  822): Network NetworkAgentInfo [WIFI () - 126] was already satisfying request 1. No change.
D/ConnectivityService(  822): notifyType AVAILABLE for NetworkAgentInfo [WIFI () - 126]
V/WindowManager(  822): Adding window Window{79069ca u0 PopupWindow:9a8bed9} at 24 of 30 (after Window{14fd60c2 u0 com.quoord.tapatalkpro.activity/com.quoord.tapatalkpro.activity.forum.CreateTopicActivity})
I/ValidateNoPeople(  822): skipping global notification
V/WindowManager(  822): not Base app: Adding window Window{138efe58 u0 com.quoord.tapatalkpro.activity/com.quoord.tapatalkpro.activity.forum.CreateTopicActivity} at 24 of 30
W/InputMethodManagerService(  822): Window already focused, ignoring focus gain of: com.android.internal.view.IInputMethodClient$Stub$Proxy@bfed97a attribute=null, token = android.os.BinderProxy@2472e90d
I/ActivityManager(  822): START u0 {act=com.android.systemui.recents.SHOW_RECENTS flg=0x10804000 cmp=com.android.systemui/.recents.RecentsActivity} from uid 10014 on display 0
W/InputMethodManagerService(  822): Starting input on non-focused client com.android.internal.view.IInputMethodClient$Stub$Proxy@26e78f0f (uid=10070 pid=21937)
I/ValidateNoPeople(  822): skipping global notification
I/ActivityManager(  822): Start proc 10816:com.android.chrome:sandboxed_process16/u0i61 for service com.android.chrome/org.chromium.content.app.SandboxedProcessService16
I/ValidateNoPeople(  822): skipping global notification
I/ValidateNoPeople(  822): skipping global notification
I/ValidateNoPeople(  822): skipping global notification
W/libprocessgroup(  822): failed to open /acct/uid_10063/pid_9485/cgroup.procs: No such file or directory
I/ActivityManager(  822): Process com.android.chrome:sandboxed_process15 (pid 9485) has died
I/ValidateNoPeople(  822): skipping global notification
V/WindowManager(  822): not Base app: Adding window Window{3019b7d7 u0 com.android.chrome/org.chromium.chrome.browser.document.DocumentActivity} at 23 of 29
W/InputMethodManagerService(  822): Window already focused, ignoring focus gain of: com.android.internal.view.IInputMethodClient$Stub$Proxy@24baf2e attribute=null, token = android.os.BinderProxy@3223a1d9
I/ValidateNoPeople(  822): skipping global notification
D/PowerManagerService(  822): acquireWakeLock: ignoring request from com.google.android.gms
D/PowerManagerService(  822): acquireWakeLock: ignoring request from com.google.android.gms
I/ValidateNoPeople(  822): skipping global notification
I/ActivityManager(  822): START u0 {act=com.android.systemui.recents.SHOW_RECENTS flg=0x10804000 cmp=com.android.systemui/.recents.RecentsActivity} from uid 10014 on display 0
I/ValidateNoPeople(  822): skipping global notification
W/InputMethodManagerService(  822): Starting input on non-focused client com.android.internal.view.IInputMethodClient$Stub$Proxy@3b207ce9 (uid=10063 pid=1492)
D/PowerManagerService(  822): acquireWakeLock: ignoring request from com.google.android.gms
D/PowerManagerService(  822): acquireWakeLock: ignoring request from com.google.android.gms
D/PowerManagerService(  822): acquireWakeLock: ignoring request from com.google.android.gms
I/ActivityManager(  822): START u0 {act=viewsubscribe-1875333295 flg=0x8000 pkg=com.quoord.tapatalkpro.activity cmp=com.quoord.tapatalkpro.activity/.forum.ThreadActivity (has extras)} from uid 10070 on display 0
W/ActivityManager(  822): startActivity called from non-Activity context; forcing Intent.FLAG_ACTIVITY_NEW_TASK for: Intent { act=viewsubscribe-1875333295 flg=0x8000 pkg=com.quoord.tapatalkpro.activity cmp=com.quoord.tapatalkpro.activity/.forum.ThreadActivity (has extras) }
W/InputMethodManagerService(  822): Window already focused, ignoring focus gain of: com.android.internal.view.IInputMethodClient$Stub$Proxy@1de820c0 attribute=null, token = android.os.BinderProxy@21c150cd
V/WindowManager(  822): addAppToken: AppWindowToken{1f04f9f token=Token{3545053e ActivityRecord{a50a1f9 u0 com.quoord.tapatalkpro.activity/.forum.ThreadActivity t11994}}} to stack=1 task=11994 at 1
V/WindowManager(  822): Adding window Window{2f7f0984 u0 Starting com.quoord.tapatalkpro.activity} at 23 of 29 (after Window{22570f12 u0 com.quoord.tapatalkpro.activity/com.quoord.tapatalkpro.activity.forum.ThreadActivity})
V/WindowManager(  822): Adding window Window{1144e525 u0 com.quoord.tapatalkpro.activity/com.quoord.tapatalkpro.activity.forum.ThreadActivity} at 22 of 29 (before Window{2f7f0984 u0 Starting com.quoord.tapatalkpro.activity})
D/PowerManagerService(  822): acquireWakeLock: ignoring request from com.google.android.gms
D/PowerManagerService(  822): acquireWakeLock: ignoring request from com.google.android.gms
I/PowerManagerService(  822): Going to sleep due to screen timeout (uid 1000)...
I/DisplayManagerService(  822): Display device changed: DisplayDeviceInfo{"Built-in Screen": uniqueId="local:0", 1080 x 1920, 63.0 fps, supportedRefreshRates [63.0], density 480, 403.411 x 403.041 dpi, appVsyncOff 7500000, presDeadline 11873016, touch INTERNAL, rotation 0, type BUILT_IN, state OFF, FLAG_DEFAULT_DISPLAY, FLAG_ROTATES_WITH_CONTENT, FLAG_SECURE, FLAG_SUPPORTS_PROTECTED_BUFFERS}
V/ActivityManager(  822): Display changed displayId=0
I/PowerManagerService(  822): Sleeping (uid 1000)...
D/PowerManagerService(  822): acquireWakeLock: ignoring request from com.google.android.gms
D/PowerManagerService(  822): acquireWakeLock: ignoring request from com.google.android.gms
W/InputMethodManagerService(  822): Starting input on non-focused client com.android.internal.view.IInputMethodClient$Stub$Proxy@26e78f0f (uid=10070 pid=21937)
I/PowerManagerService(  822): Waking up from sleep (uid 1000)...
I/DisplayPowerController(  822): Blocking screen on until initial contents have been drawn.
I/DisplayManagerService(  822): Display device changed: DisplayDeviceInfo{"Built-in Screen": uniqueId="local:0", 1080 x 1920, 63.0 fps, supportedRefreshRates [63.0], density 480, 403.411 x 403.041 dpi, appVsyncOff 7500000, presDeadline 11873016, touch INTERNAL, rotation 0, type BUILT_IN, state ON, FLAG_DEFAULT_DISPLAY, FLAG_ROTATES_WITH_CONTENT, FLAG_SECURE, FLAG_SUPPORTS_PROTECTED_BUFFERS}
V/ActivityManager(  822): Display changed displayId=0
I/DisplayPowerController(  822): Unblocked screen on after 407 ms
D/PowerManagerService(  822): acquireWakeLock: ignoring request from com.google.android.gms
D/PowerManagerService(  822): acquireWakeLock: ignoring request from com.google.android.gms
W/InputMethodManagerService(  822): Window already focused, ignoring focus gain of: com.android.internal.view.IInputMethodClient$Stub$Proxy@2c8c8d80 attribute=android.view.inputmethod.EditorInfo@3bf56fb9, token = android.os.BinderProxy@8bc051c
I/ActivityManager(  822): START u0 {act=com.android.systemui.recents.SHOW_RECENTS flg=0x10804000 cmp=com.android.systemui/.recents.RecentsActivity} from uid 10014 on display 0
W/InputMethodManagerService(  822): Starting input on non-focused client com.android.internal.view.IInputMethodClient$Stub$Proxy@26e78f0f (uid=10070 pid=21937)
I/ValidateNoPeople(  822): skipping global notification
I/ValidateNoPeople(  822): skipping global notification
I/ActivityManager(  822): Start proc 11128:com.android.chrome:sandboxed_process17/u0i62 for service com.android.chrome/org.chromium.content.app.SandboxedProcessService17
I/ValidateNoPeople(  822): skipping global notification
I/ValidateNoPeople(  822): skipping global notification
I/ValidateNoPeople(  822): skipping global notification
W/ActivityManager(  822): Exception when unbinding service com.android.chrome/org.chromium.content.app.SandboxedProcessService16
W/ActivityManager(  822): android.os.TransactionTooLargeException
W/ActivityManager(  822): 	at android.os.BinderProxy.transactNative(Native Method)
W/ActivityManager(  822): 	at android.os.BinderProxy.transact(Binder.java:496)
W/ActivityManager(  822): 	at android.app.ApplicationThreadProxy.scheduleUnbindService(ApplicationThreadNative.java:921)
W/ActivityManager(  822): 	at com.android.server.am.ActiveServices.removeConnectionLocked(ActiveServices.java:1796)
W/ActivityManager(  822): 	at com.android.server.am.ActiveServices.unbindServiceLocked(ActiveServices.java:916)
W/ActivityManager(  822): 	at com.android.server.am.ActivityManagerService.unbindService(ActivityManagerService.java:15573)
W/ActivityManager(  822): 	at android.app.ActivityManagerNative.onTransact(ActivityManagerNative.java:978)
W/ActivityManager(  822): 	at com.android.server.am.ActivityManagerService.onTransact(ActivityManagerService.java:2299)
W/ActivityManager(  822): 	at android.os.Binder.execTransact(Binder.java:446)
W/libprocessgroup(  822): failed to open /acct/uid_10063/pid_10816/cgroup.procs: No such file or directory
I/ActivityManager(  822): Process com.android.chrome:sandboxed_process16 (pid 10816) has died
V/WindowManager(  822): Adding window Window{1084ddd3 u0 AtchDlg:com.android.chrome/org.chromium.chrome.browser.document.DocumentActivity} at 23 of 29 (after Window{3b52379e u0 com.android.chrome/org.chromium.chrome.browser.document.DocumentActivity})
W/InputMethodManagerService(  822): Window already focused, ignoring focus gain of: com.android.internal.view.IInputMethodClient$Stub$Proxy@3635842f attribute=null, token = android.os.BinderProxy@3223a1d9
I/ActivityManager(  822): START u0 {act=com.android.systemui.recents.SHOW_RECENTS flg=0x10804000 cmp=com.android.systemui/.recents.RecentsActivity} from uid 10014 on display 0
V/WindowManager(  822): not Base app: Adding window Window{5fdfd79 u0 com.quoord.tapatalkpro.activity/com.quoord.tapatalkpro.activity.forum.ThreadActivity} at 23 of 29
I/ActivityManager(  822): START u0 {cmp=com.quoord.tapatalkpro.activity/.forum.CreateTopicActivity (has extras)} from uid 10070 on display 0
V/WindowManager(  822): addAppToken: AppWindowToken{32de9158 token=Token{364ac63b ActivityRecord{269304ca u0 com.quoord.tapatalkpro.activity/.forum.CreateTopicActivity t11994}}} to stack=1 task=11994 at 1
I/ActivityThread(21937): Switching default density from 400 to 480
V/WindowManager(  822): Adding window Window{3e44a396 u0 com.quoord.tapatalkpro.activity/com.quoord.tapatalkpro.activity.forum.CreateTopicActivity} at 24 of 30 (after Window{5fdfd79 u0 com.quoord.tapatalkpro.activity/com.quoord.tapatalkpro.activity.forum.ThreadActivity EXITING})
I/ValidateNoPeople(  822): skipping global notification
I/ValidateNoPeople(  822): skipping global notification
I/ValidateNoPeople(  822): skipping global notification
D/PowerManagerService(  822): acquireWakeLock: ignoring request from com.google.android.gms
V/WindowManager(  822): Adding window Window{105a7da3 u0 PopupWindow:330f9997} at 25 of 30 (after Window{331605b7 u0 InputMethod})
D/PowerManagerService(  822): acquireWakeLock: ignoring request from com.google.android.gms
D/PowerManagerService(  822): acquireWakeLock: ignoring request from com.google.android.gms
V/WindowManager(  822): Adding window Window{3be9b515 u0 PopupWindow:a1f2a76} at 24 of 30 (after Window{3e44a396 u0 com.quoord.tapatalkpro.activity/com.quoord.tapatalkpro.activity.forum.CreateTopicActivity})
I/ValidateNoPeople(  822): skipping global notification
D/PowerManagerService(  822): acquireWakeLock: ignoring request from com.google.android.gms
D/PowerManagerService(  822): acquireWakeLock: ignoring request from com.google.android.gms
V/WindowManager(  822): Adding window Window{1a605cce u0 PopupWindow:12fd124e} at 24 of 30 (after Window{3e44a396 u0 com.quoord.tapatalkpro.activity/com.quoord.tapatalkpro.activity.forum.CreateTopicActivity})
I/ValidateNoPeople(  822): skipping global notification
V/WindowManager(  822): Adding window Window{143737a6 u0 PopupWindow:a1f2a76} at 26 of 31 (after Window{1a605cce u0 PopupWindow:12fd124e})
D/PowerManagerService(  822): acquireWakeLock: ignoring request from com.google.android.gms
D/PowerManagerService(  822): acquireWakeLock: ignoring request from com.google.android.gms
V/WindowManager(  822): Adding window Window{2571bbc4 u0 PopupWindow:292c68f3} at 24 of 30 (after Window{3e44a396 u0 com.quoord.tapatalkpro.activity/com.quoord.tapatalkpro.activity.forum.CreateTopicActivity})
V/WindowManager(  822): Adding window Window{347e01e2 u0 PopupWindow:2ed4e9b0} at 26 of 31 (after Window{2571bbc4 u0 PopupWindow:292c68f3})
I/ValidateNoPeople(  822): skipping global notification
V/WindowManager(  822): Adding window Window{1db0d030 u0 PopupWindow:3dfb5029} at 27 of 32 (after Window{347e01e2 u0 PopupWindow:2ed4e9b0})
I/ValidateNoPeople(  822): skipping global notification
V/WindowManager(  822): Adding window Window{3cfe5a2e u0 PopupWindow:12fd124e} at 24 of 30 (after Window{3e44a396 u0 com.quoord.tapatalkpro.activity/com.quoord.tapatalkpro.activity.forum.CreateTopicActivity})
I/ValidateNoPeople(  822): skipping global notification
V/WindowManager(  822): Adding window Window{78abf5c u0 PopupWindow:330f9997} at 25 of 30 (after Window{331605b7 u0 InputMethod})
V/WindowManager(  822): not Base app: Adding window Window{3319eb3a u0 com.quoord.tapatalkpro.activity/com.quoord.tapatalkpro.activity.forum.CreateTopicActivity} at 24 of 30
W/InputMethodManagerService(  822): Window already focused, ignoring focus gain of: com.android.internal.view.IInputMethodClient$Stub$Proxy@25fb94bf attribute=null, token = android.os.BinderProxy@3b1ce2b1
D/PowerManagerService(  822): acquireWakeLock: ignoring request from com.google.android.gms
D/PowerManagerService(  822): acquireWakeLock: ignoring request from com.google.android.gms
I/ActivityManager(  822): START u0 {act=viewquote-1875333295 flg=0x8000 pkg=com.quoord.tapatalkpro.activity cmp=com.quoord.tapatalkpro.activity/.forum.ThreadActivity (has extras)} from uid 10070 on display 0
W/ActivityManager(  822): startActivity called from non-Activity context; forcing Intent.FLAG_ACTIVITY_NEW_TASK for: Intent { act=viewquote-1875333295 flg=0x8000 pkg=com.quoord.tapatalkpro.activity cmp=com.quoord.tapatalkpro.activity/.forum.ThreadActivity (has extras) }
V/WindowManager(  822): addAppToken: AppWindowToken{2b4712c1 token=Token{93237a8 ActivityRecord{1ec6d3cb u0 com.quoord.tapatalkpro.activity/.forum.ThreadActivity t11994}}} to stack=1 task=11994 at 1
V/WindowManager(  822): Adding window Window{2b89f03e u0 Starting com.quoord.tapatalkpro.activity} at 23 of 29 (after Window{1144e525 u0 com.quoord.tapatalkpro.activity/com.quoord.tapatalkpro.activity.forum.ThreadActivity})
V/WindowManager(  822): Adding window Window{19b1c916 u0 com.quoord.tapatalkpro.activity/com.quoord.tapatalkpro.activity.forum.ThreadActivity} at 23 of 30 (before Window{2b89f03e u0 Starting com.quoord.tapatalkpro.activity})
I/PowerManagerService(  822): Going to sleep due to screen timeout (uid 1000)...
I/DisplayManagerService(  822): Display device changed: DisplayDeviceInfo{"Built-in Screen": uniqueId="local:0", 1080 x 1920, 63.0 fps, supportedRefreshRates [63.0], density 480, 403.411 x 403.041 dpi, appVsyncOff 7500000, presDeadline 11873016, touch INTERNAL, rotation 0, type BUILT_IN, state OFF, FLAG_DEFAULT_DISPLAY, FLAG_ROTATES_WITH_CONTENT, FLAG_SECURE, FLAG_SUPPORTS_PROTECTED_BUFFERS}
V/ActivityManager(  822): Display changed displayId=0
I/PowerManagerService(  822): Sleeping (uid 1000)...
W/InputMethodManagerService(  822): Starting input on non-focused client com.android.internal.view.IInputMethodClient$Stub$Proxy@26e78f0f (uid=10070 pid=21937)
D/PowerManagerService(  822): acquireWakeLock: ignoring request from com.google.android.gms
D/PowerManagerService(  822): acquireWakeLock: ignoring request from com.google.android.gms
D/PowerManagerService(  822): acquireWakeLock: ignoring request from com.google.android.gms
D/PowerManagerService(  822): acquireWakeLock: ignoring request from com.google.android.gms
I/PowerManagerService(  822): Waking up from sleep (uid 1000)...
I/DisplayPowerController(  822): Blocking screen on until initial contents have been drawn.
I/DisplayManagerService(  822): Display device changed: DisplayDeviceInfo{"Built-in Screen": uniqueId="local:0", 1080 x 1920, 63.0 fps, supportedRefreshRates [63.0], density 480, 403.411 x 403.041 dpi, appVsyncOff 7500000, presDeadline 11873016, touch INTERNAL, rotation 0, type BUILT_IN, state ON, FLAG_DEFAULT_DISPLAY, FLAG_ROTATES_WITH_CONTENT, FLAG_SECURE, FLAG_SUPPORTS_PROTECTED_BUFFERS}
V/ActivityManager(  822): Display changed displayId=0
I/DisplayPowerController(  822): Unblocked screen on after 376 ms
D/PowerManagerService(  822): acquireWakeLock: ignoring request from com.google.android.gms
D/PowerManagerService(  822): acquireWakeLock: ignoring request from com.google.android.gms
I/ActivityManager(  822): START u0 {act=viewsubscribe1777688256 flg=0x8000 pkg=com.quoord.tapatalkpro.activity cmp=com.quoord.tapatalkpro.activity/.forum.ThreadActivity (has extras)} from uid 10070 on display 0
W/ActivityManager(  822): startActivity called from non-Activity context; forcing Intent.FLAG_ACTIVITY_NEW_TASK for: Intent { act=viewsubscribe1777688256 flg=0x8000 pkg=com.quoord.tapatalkpro.activity cmp=com.quoord.tapatalkpro.activity/.forum.ThreadActivity (has extras) }
V/WindowManager(  822): addAppToken: AppWindowToken{39eedce4 token=Token{353e1877 ActivityRecord{e6b8a76 u0 com.quoord.tapatalkpro.activity/.forum.ThreadActivity t11994}}} to stack=1 task=11994 at 1
V/WindowManager(  822): Adding window Window{32154105 u0 Starting com.quoord.tapatalkpro.activity} at 24 of 29 (after Window{19b1c916 u0 com.quoord.tapatalkpro.activity/com.quoord.tapatalkpro.activity.forum.ThreadActivity})
I/ActivityThread(21937): Switching default density from 400 to 480
V/WindowManager(  822): Adding window Window{2c490afe u0 com.quoord.tapatalkpro.activity/com.quoord.tapatalkpro.activity.forum.ThreadActivity} at 22 of 29 (before Window{32154105 u0 Starting com.quoord.tapatalkpro.activity})
W/ActivityManager(  822): getRunningAppProcesses: caller 10089 does not hold REAL_GET_TASKS; limiting output
W/ActivityManager(  822): getRunningAppProcesses: caller 10089 does not hold REAL_GET_TASKS; limiting output
W/ViewRootImpl(21937): Cancelling event due to no window focus: KeyEvent { action=ACTION_UP, keyCode=KEYCODE_BACK, scanCode=0, metaState=0, flags=0x68, repeatCount=0, eventTime=87547464, downTime=87547435, deviceId=-1, source=0x101 }
W/ViewRootImpl(21937): Cancelling event due to no window focus: KeyEvent { action=ACTION_UP, keyCode=KEYCODE_BACK, scanCode=0, metaState=0, flags=0x68, repeatCount=0, eventTime=87547464, downTime=87547435, deviceId=-1, source=0x101 }
W/ViewRootImpl(21937): Cancelling event due to no window focus: KeyEvent { action=ACTION_UP, keyCode=KEYCODE_BACK, scanCode=0, metaState=0, flags=0x68, repeatCount=0, eventTime=87547464, downTime=87547435, deviceId=-1, source=0x101 }
W/ViewRootImpl(21937): Cancelling event due to no window focus: KeyEvent { action=ACTION_UP, keyCode=KEYCODE_BACK, scanCode=0, metaState=0, flags=0x68, repeatCount=0, eventTime=87547464, downTime=87547435, deviceId=-1, source=0x101 }
W/ViewRootImpl(21937): Cancelling event due to no window focus: KeyEvent { action=ACTION_UP, keyCode=KEYCODE_BACK, scanCode=0, metaState=0, flags=0x68, repeatCount=0, eventTime=87547464, downTime=87547435, deviceId=-1, source=0x101 }
W/ViewRootImpl(21937): Cancelling event due to no window focus: KeyEvent { action=ACTION_UP, keyCode=KEYCODE_BACK, scanCode=0, metaState=0, flags=0x68, repeatCount=0, eventTime=87547464, downTime=87547435, deviceId=-1, source=0x101 }
W/ViewRootImpl(21937): Cancelling event due to no window focus: KeyEvent { action=ACTION_UP, keyCode=KEYCODE_BACK, scanCode=0, metaState=0, flags=0x68, repeatCount=0, eventTime=87547464, downTime=87547435, deviceId=-1, source=0x101 }
W/ViewRootImpl(21937): Cancelling event due to no window focus: KeyEvent { action=ACTION_UP, keyCode=KEYCODE_BACK, scanCode=0, metaState=0, flags=0x68, repeatCount=0, eventTime=87547464, downTime=87547435, deviceId=-1, source=0x101 }
W/ViewRootImpl(21937): Cancelling event due to no window focus: KeyEvent { action=ACTION_UP, keyCode=KEYCODE_BACK, scanCode=0, metaState=0, flags=0x68, repeatCount=0, eventTime=87547464, downTime=87547435, deviceId=-1, source=0x101 }
W/ViewRootImpl( 1723): Cancelling event due to no window focus: KeyEvent { action=ACTION_UP, keyCode=KEYCODE_BACK, scanCode=0, metaState=0, flags=0x68, repeatCount=0, eventTime=87547435, downTime=87547435, deviceId=-1, source=0x101 }
W/ViewRootImpl( 1723): Cancelling event due to no window focus: KeyEvent { action=ACTION_UP, keyCode=KEYCODE_BACK, scanCode=0, metaState=0, flags=0x68, repeatCount=0, eventTime=87547435, downTime=87547435, deviceId=-1, source=0x101 }
W/ViewRootImpl( 1723): Cancelling event due to no window focus: KeyEvent { action=ACTION_UP, keyCode=KEYCODE_BACK, scanCode=0, metaState=0, flags=0x68, repeatCount=0, eventTime=87547435, downTime=87547435, deviceId=-1, source=0x101 }
W/ViewRootImpl( 1723): Cancelling event due to no window focus: KeyEvent { action=ACTION_UP, keyCode=KEYCODE_BACK, scanCode=0, metaState=0, flags=0x68, repeatCount=0, eventTime=87547435, downTime=87547435, deviceId=-1, source=0x101 }
W/ViewRootImpl( 1723): Cancelling event due to no window focus: KeyEvent { action=ACTION_UP, keyCode=KEYCODE_BACK, scanCode=0, metaState=0, flags=0x68, repeatCount=0, eventTime=87547435, downTime=87547435, deviceId=-1, source=0x101 }
W/ViewRootImpl( 1723): Cancelling event due to no window focus: KeyEvent { action=ACTION_UP, keyCode=KEYCODE_BACK, scanCode=0, metaState=0, flags=0x68, repeatCount=0, eventTime=87547435, downTime=87547435, deviceId=-1, source=0x101 }
W/ViewRootImpl( 1723): Cancelling event due to no window focus: KeyEvent { action=ACTION_UP, keyCode=KEYCODE_BACK, scanCode=0, metaState=0, flags=0x68, repeatCount=0, eventTime=87547435, downTime=87547435, deviceId=-1, source=0x101 }
W/ViewRootImpl( 1723): Cancelling event due to no window focus: KeyEvent { action=ACTION_UP, keyCode=KEYCODE_BACK, scanCode=0, metaState=0, flags=0x68, repeatCount=0, eventTime=87547435, downTime=87547435, deviceId=-1, source=0x101 }
W/ViewRootImpl( 1723): Cancelling event due to no window focus: KeyEvent { action=ACTION_UP, keyCode=KEYCODE_BACK, scanCode=0, metaState=0, flags=0x68, repeatCount=0, eventTime=87547435, downTime=87547435, deviceId=-1, source=0x101 }
W/InputMethodManagerService(  822): Window already focused, ignoring focus gain of: com.android.internal.view.IInputMethodClient$Stub$Proxy@2fa1ac9d attribute=null, token = android.os.BinderProxy@c56d19f
I/ActivityManager(  822): START u0 {act=viewsubscribe-1875333295 flg=0x8000 pkg=com.quoord.tapatalkpro.activity cmp=com.quoord.tapatalkpro.activity/.forum.ThreadActivity (has extras)} from uid 10070 on display 0
W/ActivityManager(  822): startActivity called from non-Activity context; forcing Intent.FLAG_ACTIVITY_NEW_TASK for: Intent { act=viewsubscribe-1875333295 flg=0x8000 pkg=com.quoord.tapatalkpro.activity cmp=com.quoord.tapatalkpro.activity/.forum.ThreadActivity (has extras) }
V/WindowManager(  822): addAppToken: AppWindowToken{17bf7ee0 token=Token{145c54e3 ActivityRecord{28dc8512 u0 com.quoord.tapatalkpro.activity/.forum.ThreadActivity t11997}}} to stack=1 task=11997 at 0
V/WindowManager(  822): Adding window Window{2fed7d5b u0 Starting com.quoord.tapatalkpro.activity} at 22 of 28 (after Window{3b52379e u0 com.android.chrome/org.chromium.chrome.browser.document.DocumentActivity})
I/ActivityThread(21937): Switching default density from 400 to 480
V/WindowManager(  822): Adding window Window{10ebf70d u0 com.quoord.tapatalkpro.activity/com.quoord.tapatalkpro.activity.forum.ThreadActivity} at 22 of 29 (before Window{2fed7d5b u0 Starting com.quoord.tapatalkpro.activity})
D/TaskPersister(  822): removeObsoleteFile: deleting file=11994_task.xml
D/TaskPersister(  822): removeObsoleteFile: deleting file=11994_task_thumbnail.png
D/PowerManagerService(  822): acquireWakeLock: ignoring request from com.google.android.gms
D/PowerManagerService(  822): acquireWakeLock: ignoring request from com.google.android.gms
W/InputMethodManagerService(  822): Window already focused, ignoring focus gain of: com.android.internal.view.IInputMethodClient$Stub$Proxy@23aa9d6c attribute=null, token = android.os.BinderProxy@23be0da4
I/ActivityManager(  822): START u0 {act=viewquote-1875333295 flg=0x8000 pkg=com.quoord.tapatalkpro.activity cmp=com.quoord.tapatalkpro.activity/.forum.ThreadActivity (has extras)} from uid 10070 on display 0
W/ActivityManager(  822): startActivity called from non-Activity context; forcing Intent.FLAG_ACTIVITY_NEW_TASK for: Intent { act=viewquote-1875333295 flg=0x8000 pkg=com.quoord.tapatalkpro.activity cmp=com.quoord.tapatalkpro.activity/.forum.ThreadActivity (has extras) }
V/WindowManager(  822): addAppToken: AppWindowToken{7fcc53b token=Token{de19fca ActivityRecord{19241f35 u0 com.quoord.tapatalkpro.activity/.forum.ThreadActivity t11997}}} to stack=1 task=11997 at 1
I/ActivityThread(21937): Switching default density from 400 to 480
V/WindowManager(  822): Adding window Window{28c65e22 u0 Starting com.quoord.tapatalkpro.activity} at 23 of 29 (after Window{10ebf70d u0 com.quoord.tapatalkpro.activity/com.quoord.tapatalkpro.activity.forum.ThreadActivity})
V/WindowManager(  822): Adding window Window{1c098f7a u0 com.quoord.tapatalkpro.activity/com.quoord.tapatalkpro.activity.forum.ThreadActivity} at 23 of 30 (before Window{28c65e22 u0 Starting com.quoord.tapatalkpro.activity})
I/ProcessStatsService(  822): Prepared write state in 6ms
I/ProcessStatsService(  822): Prepared write state in 5ms
D/PowerManagerService(  822): acquireWakeLock: ignoring request from com.google.android.gms
D/PowerManagerService(  822): acquireWakeLock: ignoring request from com.google.android.gms
D/PowerManagerService(  822): acquireWakeLock: ignoring request from com.google.android.gms
D/PowerManagerService(  822): acquireWakeLock: ignoring request from com.google.android.gms
I/PowerManagerService(  822): Going to sleep due to screen timeout (uid 1000)...
I/DisplayManagerService(  822): Display device changed: DisplayDeviceInfo{"Built-in Screen": uniqueId="local:0", 1080 x 1920, 63.0 fps, supportedRefreshRates [63.0], density 480, 403.411 x 403.041 dpi, appVsyncOff 7500000, presDeadline 11873016, touch INTERNAL, rotation 0, type BUILT_IN, state OFF, FLAG_DEFAULT_DISPLAY, FLAG_ROTATES_WITH_CONTENT, FLAG_SECURE, FLAG_SUPPORTS_PROTECTED_BUFFERS}
V/ActivityManager(  822): Display changed displayId=0
I/PowerManagerService(  822): Sleeping (uid 1000)...
D/PowerManagerService(  822): acquireWakeLock: ignoring request from com.google.android.gms
D/PowerManagerService(  822): acquireWakeLock: ignoring request from com.google.android.gms
I/PowerManagerService(  822): Waking up from sleep (uid 1000)...
I/DisplayPowerController(  822): Blocking screen on until initial contents have been drawn.
I/DisplayManagerService(  822): Display device changed: DisplayDeviceInfo{"Built-in Screen": uniqueId="local:0", 1080 x 1920, 63.0 fps, supportedRefreshRates [63.0], density 480, 403.411 x 403.041 dpi, appVsyncOff 7500000, presDeadline 11873016, touch INTERNAL, rotation 0, type BUILT_IN, state ON, FLAG_DEFAULT_DISPLAY, FLAG_ROTATES_WITH_CONTENT, FLAG_SECURE, FLAG_SUPPORTS_PROTECTED_BUFFERS}
V/ActivityManager(  822): Display changed displayId=0
I/DisplayPowerController(  822): Unblocked screen on after 420 ms
D/PowerManagerService(  822): acquireWakeLock: ignoring request from com.google.android.gms
D/PowerManagerService(  822): acquireWakeLock: ignoring request from com.google.android.gms
W/WindowManager(  822): performLayoutAndPlaceSurfacesLocked called while in layout. Callers=com.android.server.wm.WindowManagerService.performLayoutAndPlaceSurfacesLocked:8888 com.android.server.wm.WindowManagerService.reevaluateStatusBarVisibility:11025 com.android.internal.policy.impl.PhoneWindowManager.clearClearableFlagsLw:7319 
W/InputMethodManagerService(  822): Window already focused, ignoring focus gain of: com.android.internal.view.IInputMethodClient$Stub$Proxy@358da00 attribute=android.view.inputmethod.EditorInfo@1b410239, token = android.os.BinderProxy@2e1c3fa5
W/ViewRootImpl(21937): Cancelling event due to no window focus: KeyEvent { action=ACTION_UP, keyCode=KEYCODE_BACK, scanCode=0, metaState=0, flags=0x68, repeatCount=0, eventTime=87710755, downTime=87710718, deviceId=-1, source=0x101 }
W/ViewRootImpl(21937): Cancelling event due to no window focus: KeyEvent { action=ACTION_UP, keyCode=KEYCODE_BACK, scanCode=0, metaState=0, flags=0x68, repeatCount=0, eventTime=87710755, downTime=87710718, deviceId=-1, source=0x101 }
W/ViewRootImpl(21937): Cancelling event due to no window focus: KeyEvent { action=ACTION_UP, keyCode=KEYCODE_BACK, scanCode=0, metaState=0, flags=0x68, repeatCount=0, eventTime=87710755, downTime=87710718, deviceId=-1, source=0x101 }
W/ViewRootImpl(21937): Cancelling event due to no window focus: KeyEvent { action=ACTION_UP, keyCode=KEYCODE_BACK, scanCode=0, metaState=0, flags=0x68, repeatCount=0, eventTime=87710755, downTime=87710718, deviceId=-1, source=0x101 }
W/ViewRootImpl(21937): Cancelling event due to no window focus: KeyEvent { action=ACTION_UP, keyCode=KEYCODE_BACK, scanCode=0, metaState=0, flags=0x68, repeatCount=0, eventTime=87710755, downTime=87710718, deviceId=-1, source=0x101 }
W/ViewRootImpl(21937): Cancelling event due to no window focus: KeyEvent { action=ACTION_UP, keyCode=KEYCODE_BACK, scanCode=0, metaState=0, flags=0x68, repeatCount=0, eventTime=87710755, downTime=87710718, deviceId=-1, source=0x101 }
W/ViewRootImpl(21937): Cancelling event due to no window focus: KeyEvent { action=ACTION_UP, keyCode=KEYCODE_BACK, scanCode=0, metaState=0, flags=0x68, repeatCount=0, eventTime=87710755, downTime=87710718, deviceId=-1, source=0x101 }
W/ViewRootImpl(21937): Cancelling event due to no window focus: KeyEvent { action=ACTION_UP, keyCode=KEYCODE_BACK, scanCode=0, metaState=0, flags=0x68, repeatCount=0, eventTime=87710755, downTime=87710718, deviceId=-1, source=0x101 }
W/ViewRootImpl(21937): Cancelling event due to no window focus: KeyEvent { action=ACTION_UP, keyCode=KEYCODE_BACK, scanCode=0, metaState=0, flags=0x68, repeatCount=0, eventTime=87710755, downTime=87710718, deviceId=-1, source=0x101 }
W/ViewRootImpl( 1723): Cancelling event due to no window focus: KeyEvent { action=ACTION_UP, keyCode=KEYCODE_BACK, scanCode=0, metaState=0, flags=0x68, repeatCount=0, eventTime=87710718, downTime=87710718, deviceId=-1, source=0x101 }
W/ViewRootImpl( 1723): Cancelling event due to no window focus: KeyEvent { action=ACTION_UP, keyCode=KEYCODE_BACK, scanCode=0, metaState=0, flags=0x68, repeatCount=0, eventTime=87710718, downTime=87710718, deviceId=-1, source=0x101 }
W/ViewRootImpl( 1723): Cancelling event due to no window focus: KeyEvent { action=ACTION_UP, keyCode=KEYCODE_BACK, scanCode=0, metaState=0, flags=0x68, repeatCount=0, eventTime=87710718, downTime=87710718, deviceId=-1, source=0x101 }
W/ViewRootImpl( 1723): Cancelling event due to no window focus: KeyEvent { action=ACTION_UP, keyCode=KEYCODE_BACK, scanCode=0, metaState=0, flags=0x68, repeatCount=0, eventTime=87710718, downTime=87710718, deviceId=-1, source=0x101 }
W/ViewRootImpl( 1723): Cancelling event due to no window focus: KeyEvent { action=ACTION_UP, keyCode=KEYCODE_BACK, scanCode=0, metaState=0, flags=0x68, repeatCount=0, eventTime=87710718, downTime=87710718, deviceId=-1, source=0x101 }
W/ViewRootImpl( 1723): Cancelling event due to no window focus: KeyEvent { action=ACTION_UP, keyCode=KEYCODE_BACK, scanCode=0, metaState=0, flags=0x68, repeatCount=0, eventTime=87710718, downTime=87710718, deviceId=-1, source=0x101 }
W/ViewRootImpl( 1723): Cancelling event due to no window focus: KeyEvent { action=ACTION_UP, keyCode=KEYCODE_BACK, scanCode=0, metaState=0, flags=0x68, repeatCount=0, eventTime=87710718, downTime=87710718, deviceId=-1, source=0x101 }
W/ViewRootImpl( 1723): Cancelling event due to no window focus: KeyEvent { action=ACTION_UP, keyCode=KEYCODE_BACK, scanCode=0, metaState=0, flags=0x68, repeatCount=0, eventTime=87710718, downTime=87710718, deviceId=-1, source=0x101 }
W/ViewRootImpl( 1723): Cancelling event due to no window focus: KeyEvent { action=ACTION_UP, keyCode=KEYCODE_BACK, scanCode=0, metaState=0, flags=0x68, repeatCount=0, eventTime=87710718, downTime=87710718, deviceId=-1, source=0x101 }
W/InputMethodManagerService(  822): Window already focused, ignoring focus gain of: com.android.internal.view.IInputMethodClient$Stub$Proxy@f1ce25c attribute=null, token = android.os.BinderProxy@c56d19f
I/PowerManagerService(  822): Going to sleep due to screen timeout (uid 1000)...
I/DisplayManagerService(  822): Display device changed: DisplayDeviceInfo{"Built-in Screen": uniqueId="local:0", 1080 x 1920, 63.0 fps, supportedRefreshRates [63.0], density 480, 403.411 x 403.041 dpi, appVsyncOff 7500000, presDeadline 11873016, touch INTERNAL, rotation 0, type BUILT_IN, state OFF, FLAG_DEFAULT_DISPLAY, FLAG_ROTATES_WITH_CONTENT, FLAG_SECURE, FLAG_SUPPORTS_PROTECTED_BUFFERS}
V/ActivityManager(  822): Display changed displayId=0
I/PowerManagerService(  822): Sleeping (uid 1000)...
D/PowerManagerService(  822): acquireWakeLock: ignoring request from com.google.android.gms
D/PowerManagerService(  822): acquireWakeLock: ignoring request from com.google.android.gms
D/PowerManagerService(  822): acquireWakeLock: ignoring request from com.google.android.gms
D/PowerManagerService(  822): acquireWakeLock: ignoring request from com.google.android.gms
D/PowerManagerService(  822): acquireWakeLock: ignoring request from com.google.android.gms
D/PowerManagerService(  822): acquireWakeLock: ignoring request from com.google.android.gms
D/PowerManagerService(  822): acquireWakeLock: ignoring request from com.google.android.gms
D/PowerManagerService(  822): acquireWakeLock: ignoring request from com.google.android.gms
I/PowerManagerService(  822): Waking up from sleep (uid 1000)...
I/DisplayPowerController(  822): Blocking screen on until initial contents have been drawn.
I/DisplayManagerService(  822): Display device changed: DisplayDeviceInfo{"Built-in Screen": uniqueId="local:0", 1080 x 1920, 63.0 fps, supportedRefreshRates [63.0], density 480, 403.411 x 403.041 dpi, appVsyncOff 7500000, presDeadline 11873016, touch INTERNAL, rotation 0, type BUILT_IN, state ON, FLAG_DEFAULT_DISPLAY, FLAG_ROTATES_WITH_CONTENT, FLAG_SECURE, FLAG_SUPPORTS_PROTECTED_BUFFERS}
V/ActivityManager(  822): Display changed displayId=0
I/DisplayPowerController(  822): Unblocked screen on after 447 ms
D/PowerManagerService(  822): acquireWakeLock: ignoring request from com.google.android.gms
D/PowerManagerService(  822): acquireWakeLock: ignoring request from com.google.android.gms
W/InputMethodManagerService(  822): Window already focused, ignoring focus gain of: com.android.internal.view.IInputMethodClient$Stub$Proxy@3e1912cb attribute=android.view.inputmethod.EditorInfo@28690aa8, token = android.os.BinderProxy@c56d19f
I/ActivityManager(  822): START u0 {act=viewquote-1875333295 flg=0x8000 pkg=com.quoord.tapatalkpro.activity cmp=com.quoord.tapatalkpro.activity/.forum.ThreadActivity (has extras)} from uid 10070 on display 0
W/ActivityManager(  822): startActivity called from non-Activity context; forcing Intent.FLAG_ACTIVITY_NEW_TASK for: Intent { act=viewquote-1875333295 flg=0x8000 pkg=com.quoord.tapatalkpro.activity cmp=com.quoord.tapatalkpro.activity/.forum.ThreadActivity (has extras) }
V/WindowManager(  822): addAppToken: AppWindowToken{373f4eec token=Token{16706d9f ActivityRecord{155adb3e u0 com.quoord.tapatalkpro.activity/.forum.ThreadActivity t11998}}} to stack=1 task=11998 at 0
W/InputMethodManagerService(  822): Window already focused, ignoring focus gain of: com.android.internal.view.IInputMethodClient$Stub$Proxy@7c28f84 attribute=null, token = android.os.BinderProxy@c56d19f
V/WindowManager(  822): Adding window Window{26865ba2 u0 Starting com.quoord.tapatalkpro.activity} at 22 of 28 (after Window{3b52379e u0 com.android.chrome/org.chromium.chrome.browser.document.DocumentActivity})
I/ActivityThread(21937): Switching default density from 400 to 480
V/WindowManager(  822): Adding window Window{3a6ee87 u0 com.quoord.tapatalkpro.activity/com.quoord.tapatalkpro.activity.forum.ThreadActivity} at 22 of 29 (before Window{26865ba2 u0 Starting com.quoord.tapatalkpro.activity})
D/TaskPersister(  822): removeObsoleteFile: deleting file=11997_task.xml
D/TaskPersister(  822): removeObsoleteFile: deleting file=11997_task_thumbnail.png
V/WindowManager(  822): not Base app: Adding window Window{3fa4b34c u0 com.quoord.tapatalkpro.activity/com.quoord.tapatalkpro.activity.forum.ThreadActivity} at 23 of 29
I/ActivityManager(  822): START u0 {cmp=com.quoord.tapatalkpro.activity/.forum.CreateTopicActivity (has extras)} from uid 10070 on display 0
V/WindowManager(  822): addAppToken: AppWindowToken{36241fe4 token=Token{5c28777 ActivityRecord{1b905576 u0 com.quoord.tapatalkpro.activity/.forum.CreateTopicActivity t11998}}} to stack=1 task=11998 at 1
I/ActivityThread(21937): Switching default density from 400 to 480
V/WindowManager(  822): Adding window Window{3a245302 u0 com.quoord.tapatalkpro.activity/com.quoord.tapatalkpro.activity.forum.CreateTopicActivity} at 24 of 30 (after Window{3fa4b34c u0 com.quoord.tapatalkpro.activity/com.quoord.tapatalkpro.activity.forum.ThreadActivity EXITING})
I/ValidateNoPeople(  822): skipping global notification
I/ValidateNoPeople(  822): skipping global notification
V/WindowManager(  822): not Base app: Adding window Window{32febf81 u0 com.quoord.tapatalkpro.activity/com.quoord.tapatalkpro.activity.forum.CreateTopicActivity} at 24 of 30
W/InputMethodManagerService(  822): Window already focused, ignoring focus gain of: com.android.internal.view.IInputMethodClient$Stub$Proxy@2aae740a attribute=null, token = android.os.BinderProxy@1d713c4d
I/PowerManagerService(  822): Going to sleep due to screen timeout (uid 1000)...
I/DisplayManagerService(  822): Display device changed: DisplayDeviceInfo{"Built-in Screen": uniqueId="local:0", 1080 x 1920, 63.0 fps, supportedRefreshRates [63.0], density 480, 403.411 x 403.041 dpi, appVsyncOff 7500000, presDeadline 11873016, touch INTERNAL, rotation 0, type BUILT_IN, state OFF, FLAG_DEFAULT_DISPLAY, FLAG_ROTATES_WITH_CONTENT, FLAG_SECURE, FLAG_SUPPORTS_PROTECTED_BUFFERS}
V/ActivityManager(  822): Display changed displayId=0
I/PowerManagerService(  822): Sleeping (uid 1000)...
D/PowerManagerService(  822): acquireWakeLock: ignoring request from com.google.android.gms
D/PowerManagerService(  822): acquireWakeLock: ignoring request from com.google.android.gms
D/PowerManagerService(  822): acquireWakeLock: ignoring request from com.google.android.gms
D/PowerManagerService(  822): acquireWakeLock: ignoring request from com.google.android.gms
I/PowerManagerService(  822): Waking up from sleep (uid 1000)...
I/DisplayPowerController(  822): Blocking screen on until initial contents have been drawn.
I/DisplayManagerService(  822): Display device changed: DisplayDeviceInfo{"Built-in Screen": uniqueId="local:0", 1080 x 1920, 63.0 fps, supportedRefreshRates [63.0], density 480, 403.411 x 403.041 dpi, appVsyncOff 7500000, presDeadline 11873016, touch INTERNAL, rotation 0, type BUILT_IN, state ON, FLAG_DEFAULT_DISPLAY, FLAG_ROTATES_WITH_CONTENT, FLAG_SECURE, FLAG_SUPPORTS_PROTECTED_BUFFERS}
V/ActivityManager(  822): Display changed displayId=0
I/DisplayPowerController(  822): Unblocked screen on after 376 ms
D/PowerManagerService(  822): acquireWakeLock: ignoring request from com.google.android.gms
D/PowerManagerService(  822): acquireWakeLock: ignoring request from com.google.android.gms
W/InputMethodManagerService(  822): Window already focused, ignoring focus gain of: com.android.internal.view.IInputMethodClient$Stub$Proxy@304f9bd3 attribute=android.view.inputmethod.EditorInfo@2b91d310, token = android.os.BinderProxy@bd8aec6
V/WindowManager(  822): Adding window Window{1bc3480e u0 PopupWindow:2412008f} at 23 of 29 (after Window{3a6ee87 u0 com.quoord.tapatalkpro.activity/com.quoord.tapatalkpro.activity.forum.ThreadActivity})
W/InputMethodManagerService(  822): Window already focused, ignoring focus gain of: com.android.internal.view.IInputMethodClient$Stub$Proxy@36fd71a attribute=null, token = android.os.BinderProxy@bd8aec6
I/ValidateNoPeople(  822): skipping global notification
D/PowerManagerService(  822): acquireWakeLock: ignoring request from com.google.android.gms
D/PowerManagerService(  822): acquireWakeLock: ignoring request from com.google.android.gms
W/ResourcesManager(11214): Asset path '/system/framework/com.android.media.remotedisplay.jar' does not exist or contains no resources.
W/ResourcesManager(11214): Asset path '/system/framework/com.android.location.provider.jar' does not exist or contains no resources.
D/PowerManagerService(  822): acquireWakeLock: ignoring request from com.google.android.gms
D/PowerManagerService(  822): acquireWakeLock: ignoring request from com.google.android.gms
D/PowerManagerService(  822): acquireWakeLock: ignoring request from com.google.android.gms
D/PowerManagerService(  822): acquireWakeLock: ignoring request from com.google.android.gms
D/PowerManagerService(  822): acquireWakeLock: ignoring request from com.google.android.gms
D/PowerManagerService(  822): acquireWakeLock: ignoring request from com.google.android.gms
D/PowerManagerService(  822): acquireWakeLock: ignoring request from com.google.android.gms
D/PowerManagerService(  822): acquireWakeLock: ignoring request from com.google.android.gms
D/PowerManagerService(  822): acquireWakeLock: ignoring request from com.google.android.gms
D/PowerManagerService(  822): acquireWakeLock: ignoring request from com.google.android.gms
D/PowerManagerService(  822): acquireWakeLock: ignoring request from com.google.android.gms
D/PowerManagerService(  822): acquireWakeLock: ignoring request from com.google.android.gms
D/PowerManagerService(  822): acquireWakeLock: ignoring request from com.google.android.gms
D/PowerManagerService(  822): acquireWakeLock: ignoring request from com.google.android.gms
I/UsageStatsService(  822): User[0] Flushing usage stats to disk
D/PowerManagerService(  822): acquireWakeLock: ignoring request from com.google.android.gms
D/PowerManagerService(  822): acquireWakeLock: ignoring request from com.google.android.gms
D/PowerManagerService(  822): acquireWakeLock: ignoring request from com.google.android.gms
D/PowerManagerService(  822): acquireWakeLock: ignoring request from com.google.android.gms
I/PowerManagerService(  822): Going to sleep due to screen timeout (uid 1000)...
I/DisplayManagerService(  822): Display device changed: DisplayDeviceInfo{"Built-in Screen": uniqueId="local:0", 1080 x 1920, 63.0 fps, supportedRefreshRates [63.0], density 480, 403.411 x 403.041 dpi, appVsyncOff 7500000, presDeadline 11873016, touch INTERNAL, rotation 0, type BUILT_IN, state OFF, FLAG_DEFAULT_DISPLAY, FLAG_ROTATES_WITH_CONTENT, FLAG_SECURE, FLAG_SUPPORTS_PROTECTED_BUFFERS}
V/ActivityManager(  822): Display changed displayId=0
I/PowerManagerService(  822): Sleeping (uid 1000)...
