I/airDog  ( 5016): observed by child process
I/airDog  ( 5016): /data/data/com.sand.airdroid/cache is ready
I/airDog  ( 5016): start to read...
D/airDog  ( 5016): wdAppDir=1
D/airDog  ( 5016): readBytes=-1
W/airDog  ( 5016): /data/data/com.sand.airdroid/lib is exist
I/airDog  ( 5016): observed by child process
I/airDog  ( 5016): /data/data/com.sand.airdroid/cache is ready
I/airDog  ( 5016): start to read...
D/airDog  ( 5016): wdAppDir=1
D/airDog  ( 5016): readBytes=-1
W/airDog  ( 5016): /data/data/com.sand.airdroid/lib is exist
I/airDog  ( 5016): observed by child process
I/airDog  ( 5016): /data/data/com.sand.airdroid/cache is ready
I/airDog  ( 5016): start to read...
D/airDog  ( 5016): wdAppDir=1
D/airDog  ( 5016): readBytes=-1
W/airDog  ( 5016): /data/data/com.sand.airdroid/lib is exist
I/airDog  ( 5016): observed by child process
I/airDog  ( 5016): /data/data/com.sand.airdroid/cache is ready
I/airDog  ( 5016): start to read...
D/airDog  ( 5016): wdAppDir=1
D/airDog  ( 5016): readBytes=-1
W/airDog  ( 5016): /data/data/com.sand.airdroid/lib is exist
I/airDog  ( 5016): observed by child process
I/airDog  ( 5016): /data/data/com.sand.airdroid/cache is ready
I/airDog  ( 5016): start to read...
D/airDog  ( 5016): wdAppDir=1
D/airDog  ( 5016): readBytes=-1
W/airDog  ( 5016): /data/data/com.sand.airdroid/lib is exist
I/airDog  ( 5016): observed by child process
I/airDog  ( 5016): /data/data/com.sand.airdroid/cache is ready
I/airDog  ( 5016): start to read...
D/airDog  ( 5016): wdAppDir=1
D/airDog  ( 5016): readBytes=-1
W/airDog  ( 5016): /data/data/com.sand.airdroid/lib is exist
I/airDog  ( 5016): observed by child process
I/airDog  ( 5016): /data/data/com.sand.airdroid/cache is ready
I/airDog  ( 5016): start to read...
D/airDog  ( 5016): wdAppDir=1
D/airDog  ( 5016): readBytes=-1
W/airDog  ( 5016): /data/data/com.sand.airdroid/lib is exist
I/airDog  ( 5016): observed by child process
I/airDog  ( 5016): /data/data/com.sand.airdroid/cache is ready
I/airDog  ( 5016): start to read...
D/airDog  ( 5016): wdAppDir=1
D/airDog  ( 5016): readBytes=-1
W/airDog  ( 5016): /data/data/com.sand.airdroid/lib is exist
I/airDog  ( 5016): observed by child process
I/airDog  ( 5016): /data/data/com.sand.airdroid/cache is ready
I/airDog  ( 5016): start to read...
D/airDog  ( 5016): wdAppDir=1
D/airDog  ( 5016): readBytes=-1
W/airDog  ( 5016): /data/data/com.sand.airdroid/lib is exist
I/airDog  ( 5016): observed by child process
I/airDog  ( 5016): /data/data/com.sand.airdroid/cache is ready
I/airDog  ( 5016): start to read...
D/airDog  ( 5016): wdAppDir=1
D/airDog  ( 5016): readBytes=-1
W/airDog  ( 5016): /data/data/com.sand.airdroid/lib is exist
I/airDog  ( 5016): observed by child process
I/airDog  ( 5016): /data/data/com.sand.airdroid/cache is ready
I/airDog  ( 5016): start to read...
D/airDog  ( 5016): wdAppDir=1
D/airDog  ( 5016): readBytes=-1
W/airDog  ( 5016): /data/data/com.sand.airdroid/lib is exist
I/airDog  ( 5016): observed by child process
I/airDog  ( 5016): /data/data/com.sand.airdroid/cache is ready
I/airDog  ( 5016): start to read...
D/airDog  ( 5016): wdAppDir=1
D/airDog  ( 5016): readBytes=-1
W/airDog  ( 5016): /data/data/com.sand.airdroid/lib is exist
I/airDog  ( 5016): observed by child process
I/airDog  ( 5016): /data/data/com.sand.airdroid/cache is ready
I/airDog  ( 5016): start to read...
D/airDog  ( 5016): wdAppDir=1
D/airDog  ( 5016): readBytes=-1
W/airDog  ( 5016): /data/data/com.sand.airdroid/lib is exist
I/airDog  ( 5016): observed by child process
I/airDog  ( 5016): /data/data/com.sand.airdroid/cache is ready
I/airDog  ( 5016): start to read...
D/airDog  ( 5016): wdAppDir=1
D/airDog  ( 5016): readBytes=-1
W/airDog  ( 5016): /data/data/com.sand.airdroid/lib is exist
I/airDog  ( 5016): observed by child process
I/airDog  ( 5016): /data/data/com.sand.airdroid/cache is ready
I/airDog  ( 5016): start to read...
D/airDog  ( 5016): wdAppDir=1
D/airDog  ( 5016): readBytes=-1
W/airDog  ( 5016): /data/data/com.sand.airdroid/lib is exist
I/airDog  ( 5016): observed by child process
I/airDog  ( 5016): /data/data/com.sand.airdroid/cache is ready
I/airDog  ( 5016): start to read...
D/airDog  ( 5016): wdAppDir=1
D/airDog  ( 5016): readBytes=-1
W/airDog  ( 5016): /data/data/com.sand.airdroid/lib is exist
I/airDog  ( 5016): observed by child process
I/airDog  ( 5016): /data/data/com.sand.airdroid/cache is ready
I/airDog  ( 5016): start to read...
D/airDog  ( 5016): wdAppDir=1
D/airDog  ( 5016): readBytes=-1
W/airDog  ( 5016): /data/data/com.sand.airdroid/lib is exist
I/airDog  ( 5016): observed by child process
I/airDog  ( 5016): /data/data/com.sand.airdroid/cache is ready
I/airDog  ( 5016): start to read...
D/airDog  ( 5016): wdAppDir=1
D/airDog  ( 5016): readBytes=-1
W/airDog  ( 5016): /data/data/com.sand.airdroid/lib is exist
I/airDog  ( 5016): observed by child process
I/airDog  ( 5016): /data/data/com.sand.airdroid/cache is ready
I/airDog  ( 5016): start to read...
D/airDog  ( 5016): wdAppDir=1
D/airDog  ( 5016): readBytes=-1
W/airDog  ( 5016): /data/data/com.sand.airdroid/lib is exist
I/airDog  ( 5016): observed by child process
I/airDog  ( 5016): /data/data/com.sand.airdroid/cache is ready
I/airDog  ( 5016): start to read...
D/airDog  ( 5016): wdAppDir=1
D/airDog  ( 5016): readBytes=-1
W/airDog  ( 5016): /data/data/com.sand.airdroid/lib is exist
I/airDog  ( 5016): observed by child process
I/airDog  ( 5016): /data/data/com.sand.airdroid/cache is ready
I/airDog  ( 5016): start to read...
D/airDog  ( 5016): wdAppDir=1
D/airDog  ( 5016): readBytes=-1
W/airDog  ( 5016): /data/data/com.sand.airdroid/lib is exist
I/airDog  ( 5016): observed by child process
I/airDog  ( 5016): /data/data/com.sand.airdroid/cache is ready
I/airDog  ( 5016): start to read...
D/airDog  ( 5016): wdAppDir=1
D/airDog  ( 5016): readBytes=-1
W/airDog  ( 5016): /data/data/com.sand.airdroid/lib is exist
I/airDog  ( 5016): observed by child process
I/airDog  ( 5016): /data/data/com.sand.airdroid/cache is ready
I/airDog  ( 5016): start to read...
D/airDog  ( 5016): wdAppDir=1
D/airDog  ( 5016): readBytes=-1
W/airDog  ( 5016): /data/data/com.sand.airdroid/lib is exist
I/airDog  ( 5016): observed by child process
I/airDog  ( 5016): /data/data/com.sand.airdroid/cache is ready
I/airDog  ( 5016): start to read...
D/airDog  ( 5016): wdAppDir=1
D/airDog  ( 5016): readBytes=-1
W/airDog  ( 5016): /data/data/com.sand.airdroid/lib is exist
I/airDog  ( 5016): observed by child process
I/airDog  ( 5016): /data/data/com.sand.airdroid/cache is ready
I/airDog  ( 5016): start to read...
D/airDog  ( 5016): wdAppDir=1
D/airDog  ( 5016): readBytes=-1
W/airDog  ( 5016): /data/data/com.sand.airdroid/lib is exist
I/airDog  ( 5016): observed by child process
I/airDog  ( 5016): /data/data/com.sand.airdroid/cache is ready
I/airDog  ( 5016): start to read...
D/airDog  ( 5016): wdAppDir=1
E/libsuspend(  822): Error writing to /sys/power/state: Device or resource busy
D/airDog  ( 5016): readBytes=-1
W/airDog  ( 5016): /data/data/com.sand.airdroid/lib is exist
I/airDog  ( 5016): observed by child process
I/airDog  ( 5016): /data/data/com.sand.airdroid/cache is ready
I/airDog  ( 5016): start to read...
D/airDog  ( 5016): wdAppDir=1
D/airDog  ( 5016): readBytes=-1
W/airDog  ( 5016): /data/data/com.sand.airdroid/lib is exist
I/airDog  ( 5016): observed by child process
I/airDog  ( 5016): /data/data/com.sand.airdroid/cache is ready
I/airDog  ( 5016): start to read...
D/airDog  ( 5016): wdAppDir=1
D/airDog  ( 5016): readBytes=-1
W/airDog  ( 5016): /data/data/com.sand.airdroid/lib is exist
I/airDog  ( 5016): observed by child process
I/airDog  ( 5016): /data/data/com.sand.airdroid/cache is ready
I/airDog  ( 5016): start to read...
D/airDog  ( 5016): wdAppDir=1
D/airDog  ( 5016): readBytes=-1
W/airDog  ( 5016): /data/data/com.sand.airdroid/lib is exist
I/airDog  ( 5016): observed by child process
I/airDog  ( 5016): /data/data/com.sand.airdroid/cache is ready
I/airDog  ( 5016): start to read...
D/airDog  ( 5016): wdAppDir=1
D/airDog  ( 5016): readBytes=-1
W/airDog  ( 5016): /data/data/com.sand.airdroid/lib is exist
I/airDog  ( 5016): observed by child process
I/airDog  ( 5016): /data/data/com.sand.airdroid/cache is ready
I/airDog  ( 5016): start to read...
D/airDog  ( 5016): wdAppDir=1
D/airDog  ( 5016): readBytes=-1
W/airDog  ( 5016): /data/data/com.sand.airdroid/lib is exist
I/airDog  ( 5016): observed by child process
I/airDog  ( 5016): /data/data/com.sand.airdroid/cache is ready
I/airDog  ( 5016): start to read...
D/airDog  ( 5016): wdAppDir=1
D/airDog  ( 5016): readBytes=-1
W/airDog  ( 5016): /data/data/com.sand.airdroid/lib is exist
I/airDog  ( 5016): observed by child process
I/airDog  ( 5016): /data/data/com.sand.airdroid/cache is ready
I/airDog  ( 5016): start to read...
D/airDog  ( 5016): wdAppDir=1
D/airDog  ( 5016): readBytes=-1
D/PowerManagerService(  822): acquireWakeLock: ignoring request from com.google.android.gms
W/airDog  ( 5016): /data/data/com.sand.airdroid/lib is exist
I/airDog  ( 5016): observed by child process
I/GCM     ( 1977): GCM message com.google.android.talk 0:1445366267490436%5a539273f9fd7ecd:dr:com.google.android.talk:dr:2615154502@google.com:dr:0:1445366267490436%5a539273f9fd7ecd
I/ProcessStatsService(  822): Prepared write state in 4ms
D/PowerManagerService(  822): acquireWakeLock: ignoring request from com.google.android.gms
I/ProcessStatsService(  822): Prepared write state in 17ms
I/ProcessStatsService(  822): Prepared write state in 7ms
I/ProcessStatsService(  822): Prepared write state in 7ms
I/airDog  ( 5016): /data/data/com.sand.airdroid/cache is ready
I/airDog  ( 5016): start to read...
D/airDog  ( 5016): wdAppDir=1
D/airDog  ( 5016): readBytes=-1
E/libsuspend(  822): Error writing to /sys/power/state: Device or resource busy
W/airDog  ( 5016): /data/data/com.sand.airdroid/lib is exist
I/airDog  ( 5016): observed by child process
V/Babel   (11214): [GcmIntentService] RTCS will handle all server updates.
I/airDog  ( 5016): /data/data/com.sand.airdroid/cache is ready
I/airDog  ( 5016): start to read...
D/airDog  ( 5016): wdAppDir=1
W/ContextImpl( 5034): Implicit intents with startService are not safe: Intent { act=com.sand.airdroid.action.push.connect } android.content.ContextWrapper.startService:516 com.sand.airdroid.servers.push.PushConnectionManager$ReConnectTask.run:150 java.util.Timer$TimerImpl.run:284 
D/airDog  ( 5016): readBytes=-1
W/ContextImpl( 5034): Implicit intents with startService are not safe: Intent { act=com.sand.airdroid.action.regist_login_state } android.content.ContextWrapper.startService:516 com.sand.airdroid.servers.push.PushService.connect:248 java.lang.reflect.Method.invoke:-2 
W/airDog  ( 5016): /data/data/com.sand.airdroid/lib is exist
I/airDog  ( 5016): observed by child process
I/airDog  ( 5016): /data/data/com.sand.airdroid/cache is ready
I/airDog  ( 5016): start to read...
D/airDog  ( 5016): wdAppDir=1
E/libsuspend(  822): Error writing to /sys/power/state: Device or resource busy
D/airDog  ( 5016): readBytes=-1
W/ContextImpl( 5034): Implicit intents with startService are not safe: Intent { act=com.sand.airdroid.action.get_offline_gopush_msg } android.content.ContextWrapper.startService:516 com.sand.airdroid.servers.push.api.PushManager.b:261 com.sand.airdroid.servers.push.PushConnectionManager.onConnectEvent:92 
W/System.err( 4982): java.lang.Exception: addChannelidPre() params error.
W/System.err( 4982): 	at com.sand.airdroid.servers.push.GoPushMsgSendHelper.a(GoPushMsgSendHelper.java:146)
W/System.err( 4982): 	at com.sand.airdroid.requests.GetGoPushOffMsgHttpHandler.a(GetGoPushOffMsgHttpHandler.java:45)
W/System.err( 4982): 	at com.sand.airdroid.services.PushMessageHandleService.getoffmessageIntent(PushMessageHandleService.java:109)
W/System.err( 4982): 	at java.lang.reflect.Method.invoke(Native Method)
W/System.err( 4982): 	at java.lang.reflect.Method.invoke(Method.java:372)
W/System.err( 4982): 	at com.sand.service.annotation.IntentAnnotationService.onHandleIntent(IntentAnnotationService.java:45)
W/System.err( 4982): 	at android.app.IntentService$ServiceHandler.handleMessage(IntentService.java:65)
W/System.err( 4982): 	at android.os.Handler.dispatchMessage(Handler.java:102)
W/System.err( 4982): 	at android.os.Looper.loop(Looper.java:135)
W/System.err( 4982): 	at android.os.HandlerThread.run(HandlerThread.java:61)
W/airDog  ( 5016): /data/data/com.sand.airdroid/lib is exist
I/airDog  ( 5016): observed by child process
I/airDog  ( 5016): /data/data/com.sand.airdroid/cache is ready
I/airDog  ( 5016): start to read...
D/airDog  ( 5016): wdAppDir=1
D/airDog  ( 5016): readBytes=-1
E/libsuspend(  822): Error writing to /sys/power/state: Device or resource busy
W/airDog  ( 5016): /data/data/com.sand.airdroid/lib is exist
I/airDog  ( 5016): observed by child process
W/ContextImpl( 5034): Implicit intents with startService are not safe: Intent { act=com.sand.airdroid.action.push.msg_received (has extras) } android.content.ContextWrapper.startService:516 com.sand.airdroid.servers.push.PushClient.a:148 com.sand.airdroid.servers.push.PushTcpClient.h:188 
I/airDog  ( 5016): /data/data/com.sand.airdroid/cache is ready
I/airDog  ( 5016): start to read...
D/airDog  ( 5016): wdAppDir=1
D/airDog  ( 5016): readBytes=-1
W/airDog  ( 5016): /data/data/com.sand.airdroid/lib is exist
I/airDog  ( 5016): observed by child process
W/ContextImpl( 4982): Implicit intents with startService are not safe: Intent { act=com.sand.airdroid.action.push.config.network (has extras) } android.content.ContextWrapper.startService:516 com.sand.airdroid.servers.push.api.PushManager.a:179 com.sand.airdroid.servers.push.messages.PushClientConfigMsg.onReceived:83 
I/airDog  ( 5016): /data/data/com.sand.airdroid/cache is ready
I/airDog  ( 5016): start to read...
D/airDog  ( 5016): wdAppDir=1
D/airDog  ( 5016): readBytes=-1
W/airDog  ( 5016): /data/data/com.sand.airdroid/lib is exist
I/airDog  ( 5016): observed by child process
I/airDog  ( 5016): /data/data/com.sand.airdroid/cache is ready
I/airDog  ( 5016): start to read...
D/airDog  ( 5016): wdAppDir=1
D/PowerManagerService(  822): acquireWakeLock: ignoring request from com.google.android.gms
D/airDog  ( 5016): readBytes=-1
W/airDog  ( 5016): /data/data/com.sand.airdroid/lib is exist
I/airDog  ( 5016): observed by child process
I/GCM     ( 1977): GCM message com.google.android.talk 0:1445366284170397%5a539273f9fd7ecd:dr:com.google.android.talk:dr:2615154502@google.com:dr:0:1445366284170397%5a539273f9fd7ecd
D/PowerManagerService(  822): acquireWakeLock: ignoring request from com.google.android.gms
I/airDog  ( 5016): /data/data/com.sand.airdroid/cache is ready
I/airDog  ( 5016): start to read...
D/airDog  ( 5016): wdAppDir=1
V/Babel   (11214): [GcmIntentService] RTCS will handle all server updates.
D/airDog  ( 5016): readBytes=-1
W/airDog  ( 5016): /data/data/com.sand.airdroid/lib is exist
I/airDog  ( 5016): observed by child process
I/airDog  ( 5016): /data/data/com.sand.airdroid/cache is ready
I/airDog  ( 5016): start to read...
D/airDog  ( 5016): wdAppDir=1
D/airDog  ( 5016): readBytes=-1
W/airDog  ( 5016): /data/data/com.sand.airdroid/lib is exist
I/airDog  ( 5016): observed by child process
I/airDog  ( 5016): /data/data/com.sand.airdroid/cache is ready
I/airDog  ( 5016): start to read...
D/airDog  ( 5016): wdAppDir=1
D/airDog  ( 5016): readBytes=-1
W/airDog  ( 5016): /data/data/com.sand.airdroid/lib is exist
I/airDog  ( 5016): observed by child process
I/airDog  ( 5016): /data/data/com.sand.airdroid/cache is ready
I/airDog  ( 5016): start to read...
D/airDog  ( 5016): wdAppDir=1
D/PowerManagerService(  822): acquireWakeLock: ignoring request from com.google.android.gms
D/airDog  ( 5016): readBytes=-1
W/airDog  ( 5016): /data/data/com.sand.airdroid/lib is exist
I/airDog  ( 5016): observed by child process
I/GCM     ( 1977): GCM message com.google.android.talk 0:1445366297457541%5a539273f9fd7ecd:dr:com.google.android.talk:dr:2615154502@google.com:dr:0:1445366297457541%5a539273f9fd7ecd
D/PowerManagerService(  822): acquireWakeLock: ignoring request from com.google.android.gms
I/airDog  ( 5016): /data/data/com.sand.airdroid/cache is ready
I/airDog  ( 5016): start to read...
D/airDog  ( 5016): wdAppDir=1
V/Babel   (11214): [GcmIntentService] RTCS will handle all server updates.
D/PowerManagerService(  822): acquireWakeLock: ignoring request from com.google.android.gms
D/airDog  ( 5016): readBytes=-1
I/GCM     ( 1977): GCM message com.google.android.talk 0:1445366303291036%5a539273f9fd7ecd:dr:com.google.android.talk:dr:2615154502@google.com:dr:0:1445366303291036%5a539273f9fd7ecd
D/PowerManagerService(  822): acquireWakeLock: ignoring request from com.google.android.gms
V/Babel   (11214): [GcmIntentService] RTCS will handle all server updates.
W/airDog  ( 5016): /data/data/com.sand.airdroid/lib is exist
I/airDog  ( 5016): observed by child process
I/airDog  ( 5016): /data/data/com.sand.airdroid/cache is ready
I/airDog  ( 5016): start to read...
D/airDog  ( 5016): wdAppDir=1
D/airDog  ( 5016): readBytes=-1
D/PowerManagerService(  822): acquireWakeLock: ignoring request from com.google.android.gms
I/GCM     ( 1977): GCM message com.google.android.talk 0:1445366304946814%5a539273f9fd7ecd:dr:com.google.android.talk:dr:2615154502@google.com:dr:0:1445366304946814%5a539273f9fd7ecd
D/PowerManagerService(  822): acquireWakeLock: ignoring request from com.google.android.gms
V/Babel   (11214): [GcmIntentService] RTCS will handle all server updates.
W/airDog  ( 5016): /data/data/com.sand.airdroid/lib is exist
I/airDog  ( 5016): observed by child process
I/airDog  ( 5016): /data/data/com.sand.airdroid/cache is ready
I/airDog  ( 5016): start to read...
D/airDog  ( 5016): wdAppDir=1
E/libsuspend(  822): Error writing to /sys/power/state: Device or resource busy
D/airDog  ( 5016): readBytes=-1
W/airDog  ( 5016): /data/data/com.sand.airdroid/lib is exist
I/airDog  ( 5016): observed by child process
I/airDog  ( 5016): /data/data/com.sand.airdroid/cache is ready
I/airDog  ( 5016): start to read...
D/airDog  ( 5016): wdAppDir=1
D/airDog  ( 5016): readBytes=-1
W/airDog  ( 5016): /data/data/com.sand.airdroid/lib is exist
I/airDog  ( 5016): observed by child process
I/airDog  ( 5016): /data/data/com.sand.airdroid/cache is ready
I/airDog  ( 5016): start to read...
D/airDog  ( 5016): wdAppDir=1
D/airDog  ( 5016): readBytes=-1
W/airDog  ( 5016): /data/data/com.sand.airdroid/lib is exist
I/airDog  ( 5016): observed by child process
I/airDog  ( 5016): /data/data/com.sand.airdroid/cache is ready
I/airDog  ( 5016): start to read...
D/airDog  ( 5016): wdAppDir=1
D/airDog  ( 5016): readBytes=-1
D/PowerManagerService(  822): acquireWakeLock: ignoring request from com.google.android.gms
I/GCM     ( 1977): GCM message com.google.android.talk 0:1445366322099923%5a539273f9fd7ecd:dr:com.google.android.talk:dr:2615154502@google.com:dr:0:1445366322099923%5a539273f9fd7ecd
D/PowerManagerService(  822): acquireWakeLock: ignoring request from com.google.android.gms
W/airDog  ( 5016): /data/data/com.sand.airdroid/lib is exist
I/airDog  ( 5016): observed by child process
V/Babel   (11214): [GcmIntentService] RTCS will handle all server updates.
I/airDog  ( 5016): /data/data/com.sand.airdroid/cache is ready
I/airDog  ( 5016): start to read...
D/airDog  ( 5016): wdAppDir=1
D/airDog  ( 5016): readBytes=-1
W/airDog  ( 5016): /data/data/com.sand.airdroid/lib is exist
I/airDog  ( 5016): observed by child process
I/airDog  ( 5016): /data/data/com.sand.airdroid/cache is ready
I/airDog  ( 5016): start to read...
D/airDog  ( 5016): wdAppDir=1
D/airDog  ( 5016): readBytes=-1
E/libsuspend(  822): Error writing to /sys/power/state: Device or resource busy
W/airDog  ( 5016): /data/data/com.sand.airdroid/lib is exist
I/airDog  ( 5016): observed by child process
I/airDog  ( 5016): /data/data/com.sand.airdroid/cache is ready
I/airDog  ( 5016): start to read...
D/airDog  ( 5016): wdAppDir=1
D/PowerManagerService(  822): acquireWakeLock: ignoring request from com.google.android.gms
D/airDog  ( 5016): readBytes=-1
I/GCM     ( 1977): GCM message com.google.android.talk 0:1445366327072893%5a539273f9fd7ecd:dr:com.google.android.talk:dr:2615154502@google.com:dr:0:1445366327072893%5a539273f9fd7ecd
D/PowerManagerService(  822): acquireWakeLock: ignoring request from com.google.android.gms
V/Babel   (11214): [GcmIntentService] RTCS will handle all server updates.
W/airDog  ( 5016): /data/data/com.sand.airdroid/lib is exist
I/airDog  ( 5016): observed by child process
I/airDog  ( 5016): /data/data/com.sand.airdroid/cache is ready
I/airDog  ( 5016): start to read...
D/airDog  ( 5016): wdAppDir=1
D/airDog  ( 5016): readBytes=-1
W/airDog  ( 5016): /data/data/com.sand.airdroid/lib is exist
I/airDog  ( 5016): observed by child process
I/airDog  ( 5016): /data/data/com.sand.airdroid/cache is ready
I/airDog  ( 5016): start to read...
D/airDog  ( 5016): wdAppDir=1
D/airDog  ( 5016): readBytes=-1
W/airDog  ( 5016): /data/data/com.sand.airdroid/lib is exist
I/airDog  ( 5016): observed by child process
I/airDog  ( 5016): /data/data/com.sand.airdroid/cache is ready
I/airDog  ( 5016): start to read...
D/airDog  ( 5016): wdAppDir=1
D/airDog  ( 5016): readBytes=-1
W/airDog  ( 5016): /data/data/com.sand.airdroid/lib is exist
I/airDog  ( 5016): observed by child process
I/airDog  ( 5016): /data/data/com.sand.airdroid/cache is ready
I/airDog  ( 5016): start to read...
D/airDog  ( 5016): wdAppDir=1
D/airDog  ( 5016): readBytes=-1
W/airDog  ( 5016): /data/data/com.sand.airdroid/lib is exist
I/airDog  ( 5016): observed by child process
I/airDog  ( 5016): /data/data/com.sand.airdroid/cache is ready
I/airDog  ( 5016): start to read...
D/airDog  ( 5016): wdAppDir=1
D/airDog  ( 5016): readBytes=-1
W/airDog  ( 5016): /data/data/com.sand.airdroid/lib is exist
I/airDog  ( 5016): observed by child process
I/airDog  ( 5016): /data/data/com.sand.airdroid/cache is ready
I/airDog  ( 5016): start to read...
D/airDog  ( 5016): wdAppDir=1
D/airDog  ( 5016): readBytes=-1
W/airDog  ( 5016): /data/data/com.sand.airdroid/lib is exist
I/airDog  ( 5016): observed by child process
I/airDog  ( 5016): /data/data/com.sand.airdroid/cache is ready
I/airDog  ( 5016): start to read...
D/airDog  ( 5016): wdAppDir=1
D/airDog  ( 5016): readBytes=-1
W/airDog  ( 5016): /data/data/com.sand.airdroid/lib is exist
I/airDog  ( 5016): observed by child process
I/airDog  ( 5016): /data/data/com.sand.airdroid/cache is ready
I/airDog  ( 5016): start to read...
D/airDog  ( 5016): wdAppDir=1
D/airDog  ( 5016): readBytes=-1
W/airDog  ( 5016): /data/data/com.sand.airdroid/lib is exist
I/airDog  ( 5016): observed by child process
I/airDog  ( 5016): /data/data/com.sand.airdroid/cache is ready
I/airDog  ( 5016): start to read...
D/airDog  ( 5016): wdAppDir=1
D/PowerManagerService(  822): acquireWakeLock: ignoring request from com.google.android.gms
D/airDog  ( 5016): readBytes=-1
W/airDog  ( 5016): /data/data/com.sand.airdroid/lib is exist
I/airDog  ( 5016): observed by child process
I/GCM     ( 1977): GCM message com.google.android.talk 0:1445366358558988%5a539273f9fd7ecd:dr:com.google.android.talk:dr:2615154502@google.com:dr:0:1445366358558988%5a539273f9fd7ecd
D/PowerManagerService(  822): acquireWakeLock: ignoring request from com.google.android.gms
I/airDog  ( 5016): /data/data/com.sand.airdroid/cache is ready
I/airDog  ( 5016): start to read...
D/airDog  ( 5016): wdAppDir=1
V/Babel   (11214): [GcmIntentService] RTCS will handle all server updates.
D/PowerManagerService(  822): acquireWakeLock: ignoring request from com.google.android.gms
D/airDog  ( 5016): readBytes=-1
I/GCM     ( 1977): GCM message com.google.android.talk 0:1445366361885904%5a539273f9fd7ecd:dr:com.google.android.talk:dr:2615154502@google.com:dr:0:1445366361885904%5a539273f9fd7ecd
D/PowerManagerService(  822): acquireWakeLock: ignoring request from com.google.android.gms
V/Babel   (11214): [GcmIntentService] RTCS will handle all server updates.
W/airDog  ( 5016): /data/data/com.sand.airdroid/lib is exist
I/airDog  ( 5016): observed by child process
I/airDog  ( 5016): /data/data/com.sand.airdroid/cache is ready
I/airDog  ( 5016): start to read...
D/airDog  ( 5016): wdAppDir=1
D/airDog  ( 5016): readBytes=-1
E/libsuspend(  822): Error writing to /sys/power/state: Device or resource busy
W/airDog  ( 5016): /data/data/com.sand.airdroid/lib is exist
I/airDog  ( 5016): observed by child process
I/airDog  ( 5016): /data/data/com.sand.airdroid/cache is ready
I/airDog  ( 5016): start to read...
D/airDog  ( 5016): wdAppDir=1
D/PowerManagerService(  822): acquireWakeLock: ignoring request from com.google.android.gms
D/airDog  ( 5016): readBytes=-1
I/GCM     ( 1977): GCM message com.google.android.talk 0:1445366363995034%5a539273f9fd7ecd:dr:com.google.android.talk:dr:2615154502@google.com:dr:0:1445366363995034%5a539273f9fd7ecd
D/PowerManagerService(  822): acquireWakeLock: ignoring request from com.google.android.gms
V/Babel   (11214): [GcmIntentService] RTCS will handle all server updates.
W/airDog  ( 5016): /data/data/com.sand.airdroid/lib is exist
I/airDog  ( 5016): observed by child process
I/airDog  ( 5016): /data/data/com.sand.airdroid/cache is ready
I/airDog  ( 5016): start to read...
D/airDog  ( 5016): wdAppDir=1
D/airDog  ( 5016): readBytes=-1
W/airDog  ( 5016): /data/data/com.sand.airdroid/lib is exist
I/airDog  ( 5016): observed by child process
I/airDog  ( 5016): /data/data/com.sand.airdroid/cache is ready
I/airDog  ( 5016): start to read...
D/airDog  ( 5016): wdAppDir=1
D/airDog  ( 5016): readBytes=-1
W/airDog  ( 5016): /data/data/com.sand.airdroid/lib is exist
I/airDog  ( 5016): observed by child process
I/airDog  ( 5016): /data/data/com.sand.airdroid/cache is ready
I/airDog  ( 5016): start to read...
D/airDog  ( 5016): wdAppDir=1
D/airDog  ( 5016): readBytes=-1
E/libsuspend(  822): Error writing to /sys/power/state: Device or resource busy
W/airDog  ( 5016): /data/data/com.sand.airdroid/lib is exist
I/airDog  ( 5016): observed by child process
I/airDog  ( 5016): /data/data/com.sand.airdroid/cache is ready
I/airDog  ( 5016): start to read...
D/airDog  ( 5016): wdAppDir=1
D/PowerManagerService(  822): acquireWakeLock: ignoring request from com.google.android.gms
D/airDog  ( 5016): readBytes=-1
W/airDog  ( 5016): /data/data/com.sand.airdroid/lib is exist
I/airDog  ( 5016): observed by child process
I/GCM     ( 1977): GCM message com.google.android.talk 0:1445366369902503%5a539273f9fd7ecd:dr:com.google.android.talk:dr:2615154502@google.com:dr:0:1445366369902503%5a539273f9fd7ecd
D/PowerManagerService(  822): acquireWakeLock: ignoring request from com.google.android.gms
I/airDog  ( 5016): /data/data/com.sand.airdroid/cache is ready
I/airDog  ( 5016): start to read...
D/airDog  ( 5016): wdAppDir=1
V/Babel   (11214): [GcmIntentService] RTCS will handle all server updates.
D/airDog  ( 5016): readBytes=-1
W/airDog  ( 5016): /data/data/com.sand.airdroid/lib is exist
I/airDog  ( 5016): observed by child process
I/airDog  ( 5016): /data/data/com.sand.airdroid/cache is ready
I/airDog  ( 5016): start to read...
D/airDog  ( 5016): wdAppDir=1
D/airDog  ( 5016): readBytes=-1
W/airDog  ( 5016): /data/data/com.sand.airdroid/lib is exist
I/airDog  ( 5016): observed by child process
I/airDog  ( 5016): /data/data/com.sand.airdroid/cache is ready
I/airDog  ( 5016): start to read...
D/airDog  ( 5016): wdAppDir=1
D/airDog  ( 5016): readBytes=-1
W/airDog  ( 5016): /data/data/com.sand.airdroid/lib is exist
I/airDog  ( 5016): observed by child process
D/SipExpiredAlarm( 4434): onReceive()
I/airDog  ( 5016): /data/data/com.sand.airdroid/cache is ready
I/airDog  ( 5016): start to read...
D/airDog  ( 5016): wdAppDir=1
D/SipExpiredAlarm( 4434): setAlarm(285)
D/airDog  ( 5016): readBytes=-1
W/airDog  ( 5016): /data/data/com.sand.airdroid/lib is exist
I/airDog  ( 5016): observed by child process
I/airDog  ( 5016): /data/data/com.sand.airdroid/cache is ready
I/airDog  ( 5016): start to read...
D/airDog  ( 5016): wdAppDir=1
D/airDog  ( 5016): readBytes=-1
W/airDog  ( 5016): /data/data/com.sand.airdroid/lib is exist
I/airDog  ( 5016): observed by child process
I/airDog  ( 5016): /data/data/com.sand.airdroid/cache is ready
I/airDog  ( 5016): start to read...
D/airDog  ( 5016): wdAppDir=1
D/PowerManagerService(  822): acquireWakeLock: ignoring request from com.google.android.gms
D/airDog  ( 5016): readBytes=-1
W/airDog  ( 5016): /data/data/com.sand.airdroid/lib is exist
I/airDog  ( 5016): observed by child process
I/GCM     ( 1977): GCM message com.google.android.talk 0:1445366398851746%5a539273f9fd7ecd:dr:com.google.android.talk:dr:2615154502@google.com:dr:0:1445366398851746%5a539273f9fd7ecd
D/PowerManagerService(  822): acquireWakeLock: ignoring request from com.google.android.gms
I/airDog  ( 5016): /data/data/com.sand.airdroid/cache is ready
I/airDog  ( 5016): start to read...
D/airDog  ( 5016): wdAppDir=1
V/Babel   (11214): [GcmIntentService] RTCS will handle all server updates.
D/airDog  ( 5016): readBytes=-1
W/airDog  ( 5016): /data/data/com.sand.airdroid/lib is exist
I/airDog  ( 5016): observed by child process
I/airDog  ( 5016): /data/data/com.sand.airdroid/cache is ready
I/airDog  ( 5016): start to read...
D/airDog  ( 5016): wdAppDir=1
D/airDog  ( 5016): readBytes=-1
W/airDog  ( 5016): /data/data/com.sand.airdroid/lib is exist
I/airDog  ( 5016): observed by child process
I/airDog  ( 5016): /data/data/com.sand.airdroid/cache is ready
I/airDog  ( 5016): start to read...
D/airDog  ( 5016): wdAppDir=1
D/PowerManagerService(  822): acquireWakeLock: ignoring request from com.google.android.gms
D/airDog  ( 5016): readBytes=-1
W/airDog  ( 5016): /data/data/com.sand.airdroid/lib is exist
I/airDog  ( 5016): observed by child process
I/GCM     ( 1977): GCM message com.google.android.talk 0:1445366407978815%5a539273f9fd7ecd:dr:com.google.android.talk:dr:2615154502@google.com:dr:0:1445366407978815%5a539273f9fd7ecd
D/PowerManagerService(  822): acquireWakeLock: ignoring request from com.google.android.gms
I/airDog  ( 5016): /data/data/com.sand.airdroid/cache is ready
I/airDog  ( 5016): start to read...
D/airDog  ( 5016): wdAppDir=1
V/Babel   (11214): [GcmIntentService] RTCS will handle all server updates.
D/airDog  ( 5016): readBytes=-1
W/airDog  ( 5016): /data/data/com.sand.airdroid/lib is exist
I/airDog  ( 5016): observed by child process
I/airDog  ( 5016): /data/data/com.sand.airdroid/cache is ready
I/airDog  ( 5016): start to read...
D/airDog  ( 5016): wdAppDir=1
D/airDog  ( 5016): readBytes=-1
W/airDog  ( 5016): /data/data/com.sand.airdroid/lib is exist
I/airDog  ( 5016): observed by child process
D/PowerManagerService(  822): acquireWakeLock: ignoring request from com.google.android.gms
I/airDog  ( 5016): /data/data/com.sand.airdroid/cache is ready
I/airDog  ( 5016): start to read...
D/airDog  ( 5016): wdAppDir=1
I/GCM     ( 1977): GCM message com.google.android.talk 0:1445366418551907%5a539273f9fd7ecd:dr:com.google.android.talk:dr:2615154502@google.com:dr:0:1445366418551907%5a539273f9fd7ecd
D/PowerManagerService(  822): acquireWakeLock: ignoring request from com.google.android.gms
V/Babel   (11214): [GcmIntentService] RTCS will handle all server updates.
D/PowerManagerService(  822): acquireWakeLock: ignoring request from com.google.android.gms
D/airDog  ( 5016): readBytes=-1
I/GCM     ( 1977): GCM message com.google.android.talk 0:1445366420722624%5a539273f9fd7ecd:dr:com.google.android.talk:dr:2615154502@google.com:dr:0:1445366420722624%5a539273f9fd7ecd
D/PowerManagerService(  822): acquireWakeLock: ignoring request from com.google.android.gms
V/Babel   (11214): [GcmIntentService] RTCS will handle all server updates.
W/airDog  ( 5016): /data/data/com.sand.airdroid/lib is exist
I/airDog  ( 5016): observed by child process
I/airDog  ( 5016): /data/data/com.sand.airdroid/cache is ready
I/airDog  ( 5016): start to read...
D/airDog  ( 5016): wdAppDir=1
D/airDog  ( 5016): readBytes=-1
W/airDog  ( 5016): /data/data/com.sand.airdroid/lib is exist
I/airDog  ( 5016): observed by child process
I/airDog  ( 5016): /data/data/com.sand.airdroid/cache is ready
I/airDog  ( 5016): start to read...
D/airDog  ( 5016): wdAppDir=1
D/airDog  ( 5016): readBytes=-1
W/airDog  ( 5016): /data/data/com.sand.airdroid/lib is exist
I/airDog  ( 5016): observed by child process
I/airDog  ( 5016): /data/data/com.sand.airdroid/cache is ready
I/airDog  ( 5016): start to read...
D/airDog  ( 5016): wdAppDir=1
D/PowerManagerService(  822): acquireWakeLock: ignoring request from com.google.android.gms
D/airDog  ( 5016): readBytes=-1
I/GCM     ( 1977): GCM message com.google.android.talk 0:1445366426921810%5a539273f9fd7ecd:dr:com.google.android.talk:dr:2615154502@google.com:dr:0:1445366426921810%5a539273f9fd7ecd
D/PowerManagerService(  822): acquireWakeLock: ignoring request from com.google.android.gms
V/Babel   (11214): [GcmIntentService] RTCS will handle all server updates.
W/airDog  ( 5016): /data/data/com.sand.airdroid/lib is exist
I/airDog  ( 5016): observed by child process
I/airDog  ( 5016): /data/data/com.sand.airdroid/cache is ready
I/airDog  ( 5016): start to read...
D/airDog  ( 5016): wdAppDir=1
D/airDog  ( 5016): readBytes=-1
W/airDog  ( 5016): /data/data/com.sand.airdroid/lib is exist
I/airDog  ( 5016): observed by child process
I/airDog  ( 5016): /data/data/com.sand.airdroid/cache is ready
I/airDog  ( 5016): start to read...
D/airDog  ( 5016): wdAppDir=1
D/airDog  ( 5016): readBytes=-1
E/libsuspend(  822): Error writing to /sys/power/state: Device or resource busy
W/airDog  ( 5016): /data/data/com.sand.airdroid/lib is exist
I/airDog  ( 5016): observed by child process
I/airDog  ( 5016): /data/data/com.sand.airdroid/cache is ready
I/airDog  ( 5016): start to read...
D/airDog  ( 5016): wdAppDir=1
D/PowerManagerService(  822): acquireWakeLock: ignoring request from com.google.android.gms
D/airDog  ( 5016): readBytes=-1
I/GCM     ( 1977): GCM message com.google.android.talk 0:1445366438975747%5a539273f9fd7ecd:dr:com.google.android.talk:dr:2615154502@google.com:dr:0:1445366438975747%5a539273f9fd7ecd
D/PowerManagerService(  822): acquireWakeLock: ignoring request from com.google.android.gms
V/Babel   (11214): [GcmIntentService] RTCS will handle all server updates.
W/airDog  ( 5016): /data/data/com.sand.airdroid/lib is exist
I/airDog  ( 5016): observed by child process
I/airDog  ( 5016): /data/data/com.sand.airdroid/cache is ready
I/airDog  ( 5016): start to read...
D/airDog  ( 5016): wdAppDir=1
W/ActivityManager(  822): SLOW OOM ADJ: 6815ms for pid 4982 = 9
D/airDog  ( 5016): readBytes=-1
W/airDog  ( 5016): /data/data/com.sand.airdroid/lib is exist
I/airDog  ( 5016): observed by child process
I/airDog  ( 5016): /data/data/com.sand.airdroid/cache is ready
I/airDog  ( 5016): start to read...
D/airDog  ( 5016): wdAppDir=1
D/airDog  ( 5016): readBytes=-1
W/airDog  ( 5016): /data/data/com.sand.airdroid/lib is exist
I/airDog  ( 5016): observed by child process
I/airDog  ( 5016): /data/data/com.sand.airdroid/cache is ready
I/airDog  ( 5016): start to read...
D/airDog  ( 5016): wdAppDir=1
D/airDog  ( 5016): readBytes=-1
W/airDog  ( 5016): /data/data/com.sand.airdroid/lib is exist
I/airDog  ( 5016): observed by child process
I/airDog  ( 5016): /data/data/com.sand.airdroid/cache is ready
I/airDog  ( 5016): start to read...
D/airDog  ( 5016): wdAppDir=1
D/airDog  ( 5016): readBytes=-1
W/airDog  ( 5016): /data/data/com.sand.airdroid/lib is exist
I/airDog  ( 5016): observed by child process
I/airDog  ( 5016): /data/data/com.sand.airdroid/cache is ready
I/airDog  ( 5016): start to read...
D/airDog  ( 5016): wdAppDir=1
D/PowerManagerService(  822): acquireWakeLock: ignoring request from com.google.android.gms
D/airDog  ( 5016): readBytes=-1
W/airDog  ( 5016): /data/data/com.sand.airdroid/lib is exist
I/airDog  ( 5016): observed by child process
I/GCM     ( 1977): GCM message com.google.android.talk 0:1445366460275895%5a539273f9fd7ecd:dr:com.google.android.talk:dr:2615154502@google.com:dr:0:1445366460275895%5a539273f9fd7ecd
D/PowerManagerService(  822): acquireWakeLock: ignoring request from com.google.android.gms
I/airDog  ( 5016): /data/data/com.sand.airdroid/cache is ready
I/airDog  ( 5016): start to read...
D/airDog  ( 5016): wdAppDir=1
V/Babel   (11214): [GcmIntentService] RTCS will handle all server updates.
D/airDog  ( 5016): readBytes=-1
W/airDog  ( 5016): /data/data/com.sand.airdroid/lib is exist
I/airDog  ( 5016): observed by child process
I/airDog  ( 5016): /data/data/com.sand.airdroid/cache is ready
I/airDog  ( 5016): start to read...
D/airDog  ( 5016): wdAppDir=1
D/airDog  ( 5016): readBytes=-1
W/airDog  ( 5016): /data/data/com.sand.airdroid/lib is exist
I/airDog  ( 5016): observed by child process
I/airDog  ( 5016): /data/data/com.sand.airdroid/cache is ready
I/airDog  ( 5016): start to read...
D/airDog  ( 5016): wdAppDir=1
D/PowerManagerService(  822): acquireWakeLock: ignoring request from com.google.android.gms
D/airDog  ( 5016): readBytes=-1
I/GCM     ( 1977): GCM message com.google.android.talk 0:1445366475808066%5a539273f9fd7ecd:dr:com.google.android.talk:dr:2615154502@google.com:dr:0:1445366475808066%5a539273f9fd7ecd
D/PowerManagerService(  822): acquireWakeLock: ignoring request from com.google.android.gms
V/Babel   (11214): [GcmIntentService] RTCS will handle all server updates.
W/airDog  ( 5016): /data/data/com.sand.airdroid/lib is exist
I/airDog  ( 5016): observed by child process
I/airDog  ( 5016): /data/data/com.sand.airdroid/cache is ready
I/airDog  ( 5016): start to read...
D/airDog  ( 5016): wdAppDir=1
D/airDog  ( 5016): readBytes=-1
W/airDog  ( 5016): /data/data/com.sand.airdroid/lib is exist
I/airDog  ( 5016): observed by child process
I/airDog  ( 5016): /data/data/com.sand.airdroid/cache is ready
I/airDog  ( 5016): start to read...
D/airDog  ( 5016): wdAppDir=1
D/airDog  ( 5016): readBytes=-1
W/airDog  ( 5016): /data/data/com.sand.airdroid/lib is exist
I/airDog  ( 5016): observed by child process
I/airDog  ( 5016): /data/data/com.sand.airdroid/cache is ready
I/airDog  ( 5016): start to read...
D/airDog  ( 5016): wdAppDir=1
D/airDog  ( 5016): readBytes=-1
W/airDog  ( 5016): /data/data/com.sand.airdroid/lib is exist
I/airDog  ( 5016): observed by child process
I/airDog  ( 5016): /data/data/com.sand.airdroid/cache is ready
I/airDog  ( 5016): start to read...
D/airDog  ( 5016): wdAppDir=1
D/PowerManagerService(  822): acquireWakeLock: ignoring request from com.google.android.gms
D/airDog  ( 5016): readBytes=-1
I/GCM     ( 1977): GCM message com.google.android.talk 0:1445366495563361%5a539273f9fd7ecd:dr:com.google.android.talk:dr:2615154502@google.com:dr:0:1445366495563361%5a539273f9fd7ecd
D/PowerManagerService(  822): acquireWakeLock: ignoring request from com.google.android.gms
V/Babel   (11214): [GcmIntentService] RTCS will handle all server updates.
W/airDog  ( 5016): /data/data/com.sand.airdroid/lib is exist
I/airDog  ( 5016): observed by child process
I/airDog  ( 5016): /data/data/com.sand.airdroid/cache is ready
I/airDog  ( 5016): start to read...
D/airDog  ( 5016): wdAppDir=1
D/airDog  ( 5016): readBytes=-1
W/airDog  ( 5016): /data/data/com.sand.airdroid/lib is exist
I/airDog  ( 5016): observed by child process
I/airDog  ( 5016): /data/data/com.sand.airdroid/cache is ready
I/airDog  ( 5016): start to read...
D/airDog  ( 5016): wdAppDir=1
D/airDog  ( 5016): readBytes=-1
W/airDog  ( 5016): /data/data/com.sand.airdroid/lib is exist
I/airDog  ( 5016): observed by child process
I/airDog  ( 5016): /data/data/com.sand.airdroid/cache is ready
I/airDog  ( 5016): start to read...
D/airDog  ( 5016): wdAppDir=1
D/airDog  ( 5016): readBytes=-1
W/airDog  ( 5016): /data/data/com.sand.airdroid/lib is exist
I/airDog  ( 5016): observed by child process
I/airDog  ( 5016): /data/data/com.sand.airdroid/cache is ready
I/airDog  ( 5016): start to read...
D/airDog  ( 5016): wdAppDir=1
D/airDog  ( 5016): readBytes=-1
W/airDog  ( 5016): /data/data/com.sand.airdroid/lib is exist
I/airDog  ( 5016): observed by child process
I/airDog  ( 5016): /data/data/com.sand.airdroid/cache is ready
I/airDog  ( 5016): start to read...
D/airDog  ( 5016): wdAppDir=1
E/libsuspend(  822): Error writing to /sys/power/state: Device or resource busy
D/airDog  ( 5016): readBytes=-1
W/airDog  ( 5016): /data/data/com.sand.airdroid/lib is exist
I/airDog  ( 5016): observed by child process
I/airDog  ( 5016): /data/data/com.sand.airdroid/cache is ready
I/airDog  ( 5016): start to read...
D/airDog  ( 5016): wdAppDir=1
D/airDog  ( 5016): readBytes=-1
W/airDog  ( 5016): /data/data/com.sand.airdroid/lib is exist
I/airDog  ( 5016): observed by child process
I/airDog  ( 5016): /data/data/com.sand.airdroid/cache is ready
I/airDog  ( 5016): start to read...
D/airDog  ( 5016): wdAppDir=1
D/airDog  ( 5016): readBytes=-1
W/airDog  ( 5016): /data/data/com.sand.airdroid/lib is exist
I/airDog  ( 5016): observed by child process
I/airDog  ( 5016): /data/data/com.sand.airdroid/cache is ready
I/airDog  ( 5016): start to read...
D/airDog  ( 5016): wdAppDir=1
E/libsuspend(  822): Error writing to /sys/power/state: Device or resource busy
D/airDog  ( 5016): readBytes=-1
W/airDog  ( 5016): /data/data/com.sand.airdroid/lib is exist
I/airDog  ( 5016): observed by child process
I/airDog  ( 5016): /data/data/com.sand.airdroid/cache is ready
I/airDog  ( 5016): start to read...
D/airDog  ( 5016): wdAppDir=1
D/airDog  ( 5016): readBytes=-1
W/airDog  ( 5016): /data/data/com.sand.airdroid/lib is exist
I/airDog  ( 5016): observed by child process
I/airDog  ( 5016): /data/data/com.sand.airdroid/cache is ready
I/airDog  ( 5016): start to read...
D/airDog  ( 5016): wdAppDir=1
E/libsuspend(  822): Error writing to /sys/power/state: Device or resource busy
D/airDog  ( 5016): readBytes=-1
W/airDog  ( 5016): /data/data/com.sand.airdroid/lib is exist
I/airDog  ( 5016): observed by child process
I/airDog  ( 5016): /data/data/com.sand.airdroid/cache is ready
I/airDog  ( 5016): start to read...
D/airDog  ( 5016): wdAppDir=1
E/libsuspend(  822): Error writing to /sys/power/state: Device or resource busy
D/airDog  ( 5016): readBytes=-1
W/airDog  ( 5016): /data/data/com.sand.airdroid/lib is exist
I/airDog  ( 5016): observed by child process
I/airDog  ( 5016): /data/data/com.sand.airdroid/cache is ready
I/airDog  ( 5016): start to read...
D/airDog  ( 5016): wdAppDir=1
E/libsuspend(  822): Error writing to /sys/power/state: Device or resource busy
D/airDog  ( 5016): readBytes=-1
W/airDog  ( 5016): /data/data/com.sand.airdroid/lib is exist
I/airDog  ( 5016): observed by child process
I/airDog  ( 5016): /data/data/com.sand.airdroid/cache is ready
I/airDog  ( 5016): start to read...
D/airDog  ( 5016): wdAppDir=1
D/airDog  ( 5016): readBytes=-1
W/airDog  ( 5016): /data/data/com.sand.airdroid/lib is exist
I/airDog  ( 5016): observed by child process
I/airDog  ( 5016): /data/data/com.sand.airdroid/cache is ready
I/airDog  ( 5016): start to read...
D/airDog  ( 5016): wdAppDir=1
D/airDog  ( 5016): readBytes=-1
W/airDog  ( 5016): /data/data/com.sand.airdroid/lib is exist
I/airDog  ( 5016): observed by child process
I/airDog  ( 5016): /data/data/com.sand.airdroid/cache is ready
I/airDog  ( 5016): start to read...
D/airDog  ( 5016): wdAppDir=1
D/airDog  ( 5016): readBytes=-1
W/airDog  ( 5016): /data/data/com.sand.airdroid/lib is exist
I/airDog  ( 5016): observed by child process
I/airDog  ( 5016): /data/data/com.sand.airdroid/cache is ready
I/airDog  ( 5016): start to read...
D/airDog  ( 5016): wdAppDir=1
E/libsuspend(  822): Error writing to /sys/power/state: Device or resource busy
D/airDog  ( 5016): readBytes=-1
W/airDog  ( 5016): /data/data/com.sand.airdroid/lib is exist
I/airDog  ( 5016): observed by child process
I/airDog  ( 5016): /data/data/com.sand.airdroid/cache is ready
I/airDog  ( 5016): start to read...
D/airDog  ( 5016): wdAppDir=1
D/PowerManagerService(  822): acquireWakeLock: ignoring request from com.google.android.gms
D/airDog  ( 5016): readBytes=-1
W/airDog  ( 5016): /data/data/com.sand.airdroid/lib is exist
I/airDog  ( 5016): observed by child process
I/GCM     ( 1977): GCM message com.google.android.talk 0:1445366543320038%5a539273f9fd7ecd:dr:com.google.android.talk:dr:2615154502@google.com:dr:0:1445366543320038%5a539273f9fd7ecd
D/PowerManagerService(  822): acquireWakeLock: ignoring request from com.google.android.gms
I/airDog  ( 5016): /data/data/com.sand.airdroid/cache is ready
I/airDog  ( 5016): start to read...
D/airDog  ( 5016): wdAppDir=1
V/Babel   (11214): [GcmIntentService] RTCS will handle all server updates.
D/airDog  ( 5016): readBytes=-1
W/airDog  ( 5016): /data/data/com.sand.airdroid/lib is exist
I/airDog  ( 5016): observed by child process
I/airDog  ( 5016): /data/data/com.sand.airdroid/cache is ready
I/airDog  ( 5016): start to read...
D/airDog  ( 5016): wdAppDir=1
E/libsuspend(  822): Error writing to /sys/power/state: Device or resource busy
D/airDog  ( 5016): readBytes=-1
W/airDog  ( 5016): /data/data/com.sand.airdroid/lib is exist
I/airDog  ( 5016): observed by child process
I/airDog  ( 5016): /data/data/com.sand.airdroid/cache is ready
I/airDog  ( 5016): start to read...
D/airDog  ( 5016): wdAppDir=1
D/PowerManagerService(  822): acquireWakeLock: ignoring request from com.google.android.gms
D/airDog  ( 5016): readBytes=-1
W/airDog  ( 5016): /data/data/com.sand.airdroid/lib is exist
I/airDog  ( 5016): observed by child process
I/GCM     ( 1977): GCM message com.google.android.talk 0:1445366548928783%5a539273f9fd7ecd:dr:com.google.android.talk:dr:2615154502@google.com:dr:0:1445366548928783%5a539273f9fd7ecd
D/PowerManagerService(  822): acquireWakeLock: ignoring request from com.google.android.gms
I/airDog  ( 5016): /data/data/com.sand.airdroid/cache is ready
I/airDog  ( 5016): start to read...
D/airDog  ( 5016): wdAppDir=1
V/Babel   (11214): [GcmIntentService] RTCS will handle all server updates.
D/airDog  ( 5016): readBytes=-1
W/airDog  ( 5016): /data/data/com.sand.airdroid/lib is exist
I/airDog  ( 5016): observed by child process
I/airDog  ( 5016): /data/data/com.sand.airdroid/cache is ready
I/airDog  ( 5016): start to read...
D/airDog  ( 5016): wdAppDir=1
D/airDog  ( 5016): readBytes=-1
W/airDog  ( 5016): /data/data/com.sand.airdroid/lib is exist
I/airDog  ( 5016): observed by child process
I/airDog  ( 5016): /data/data/com.sand.airdroid/cache is ready
I/airDog  ( 5016): start to read...
D/airDog  ( 5016): wdAppDir=1
D/airDog  ( 5016): readBytes=-1
W/airDog  ( 5016): /data/data/com.sand.airdroid/lib is exist
I/airDog  ( 5016): observed by child process
I/airDog  ( 5016): /data/data/com.sand.airdroid/cache is ready
I/airDog  ( 5016): start to read...
D/airDog  ( 5016): wdAppDir=1
E/libsuspend(  822): Error writing to /sys/power/state: Device or resource busy
D/airDog  ( 5016): readBytes=-1
W/airDog  ( 5016): /data/data/com.sand.airdroid/lib is exist
I/airDog  ( 5016): observed by child process
I/airDog  ( 5016): /data/data/com.sand.airdroid/cache is ready
I/airDog  ( 5016): start to read...
D/airDog  ( 5016): wdAppDir=1
D/airDog  ( 5016): readBytes=-1
W/airDog  ( 5016): /data/data/com.sand.airdroid/lib is exist
I/airDog  ( 5016): observed by child process
I/airDog  ( 5016): /data/data/com.sand.airdroid/cache is ready
I/airDog  ( 5016): start to read...
D/airDog  ( 5016): wdAppDir=1
D/airDog  ( 5016): readBytes=-1
E/libsuspend(  822): Error writing to /sys/power/state: Device or resource busy
W/airDog  ( 5016): /data/data/com.sand.airdroid/lib is exist
I/airDog  ( 5016): observed by child process
I/airDog  ( 5016): /data/data/com.sand.airdroid/cache is ready
I/airDog  ( 5016): start to read...
D/airDog  ( 5016): wdAppDir=1
D/airDog  ( 5016): readBytes=-1
W/airDog  ( 5016): /data/data/com.sand.airdroid/lib is exist
I/airDog  ( 5016): observed by child process
I/airDog  ( 5016): /data/data/com.sand.airdroid/cache is ready
I/airDog  ( 5016): start to read...
D/airDog  ( 5016): wdAppDir=1
D/airDog  ( 5016): readBytes=-1
W/airDog  ( 5016): /data/data/com.sand.airdroid/lib is exist
I/airDog  ( 5016): observed by child process
I/airDog  ( 5016): /data/data/com.sand.airdroid/cache is ready
I/airDog  ( 5016): start to read...
D/airDog  ( 5016): wdAppDir=1
D/airDog  ( 5016): readBytes=-1
W/airDog  ( 5016): /data/data/com.sand.airdroid/lib is exist
I/airDog  ( 5016): observed by child process
I/airDog  ( 5016): /data/data/com.sand.airdroid/cache is ready
I/airDog  ( 5016): start to read...
D/airDog  ( 5016): wdAppDir=1
E/libsuspend(  822): Error writing to /sys/power/state: Device or resource busy
D/airDog  ( 5016): readBytes=-1
W/airDog  ( 5016): /data/data/com.sand.airdroid/lib is exist
I/airDog  ( 5016): observed by child process
I/airDog  ( 5016): /data/data/com.sand.airdroid/cache is ready
I/airDog  ( 5016): start to read...
D/airDog  ( 5016): wdAppDir=1
D/airDog  ( 5016): readBytes=-1
W/airDog  ( 5016): /data/data/com.sand.airdroid/lib is exist
I/airDog  ( 5016): observed by child process
I/airDog  ( 5016): /data/data/com.sand.airdroid/cache is ready
I/airDog  ( 5016): start to read...
D/airDog  ( 5016): wdAppDir=1
E/libsuspend(  822): Error writing to /sys/power/state: Device or resource busy
D/airDog  ( 5016): readBytes=-1
W/airDog  ( 5016): /data/data/com.sand.airdroid/lib is exist
I/airDog  ( 5016): observed by child process
I/airDog  ( 5016): /data/data/com.sand.airdroid/cache is ready
I/airDog  ( 5016): start to read...
D/airDog  ( 5016): wdAppDir=1
D/airDog  ( 5016): readBytes=-1
W/airDog  ( 5016): /data/data/com.sand.airdroid/lib is exist
I/airDog  ( 5016): observed by child process
I/airDog  ( 5016): /data/data/com.sand.airdroid/cache is ready
I/airDog  ( 5016): start to read...
D/airDog  ( 5016): wdAppDir=1
E/libsuspend(  822): Error writing to /sys/power/state: Device or resource busy
D/airDog  ( 5016): readBytes=-1
W/airDog  ( 5016): /data/data/com.sand.airdroid/lib is exist
I/airDog  ( 5016): observed by child process
I/airDog  ( 5016): /data/data/com.sand.airdroid/cache is ready
I/airDog  ( 5016): start to read...
D/airDog  ( 5016): wdAppDir=1
D/airDog  ( 5016): readBytes=-1
