D/TaskPersister(  822): removeObsoleteFile: deleting file=12012_task_thumbnail.png
I/ActivityManager(  822): Killing 940:com.android.chrome:sandboxed_process9/u0a63i58 (adj 14): cached #17
W/libprocessgroup(  822): failed to open /acct/uid_10063/pid_940/cgroup.procs: No such file or directory
W/ActivityManager(  822): Scheduling restart of crashed service com.android.chrome/org.chromium.content.app.SandboxedProcessService9 in 1000ms
W/libprocessgroup(  822): failed to open /acct/uid_10063/pid_18037/cgroup.procs: No such file or directory
I/ActivityManager(  822): Process com.android.chrome:sandboxed_process7 (pid 18037) has died
W/ActivityManager(  822): Scheduling restart of crashed service com.android.chrome/org.chromium.content.app.SandboxedProcessService7 in 10941ms
I/ActivityManager(  822): START u0 {act=com.android.systemui.recents.SHOW_RECENTS flg=0x10804000 cmp=com.android.systemui/.recents.RecentsActivity} from uid 10014 on display 0
I/ValidateNoPeople(  822): skipping global notification
I/PowerManagerService(  822): Going to sleep due to screen timeout (uid 1000)...
I/DisplayManagerService(  822): Display device changed: DisplayDeviceInfo{"Built-in Screen": uniqueId="local:0", 1080 x 1920, 63.0 fps, supportedRefreshRates [63.0], density 480, 403.411 x 403.041 dpi, appVsyncOff 7500000, presDeadline 11873016, touch INTERNAL, rotation 0, type BUILT_IN, state OFF, FLAG_DEFAULT_DISPLAY, FLAG_ROTATES_WITH_CONTENT, FLAG_SECURE, FLAG_SUPPORTS_PROTECTED_BUFFERS}
V/ActivityManager(  822): Display changed displayId=0
I/PowerManagerService(  822): Sleeping (uid 1000)...
D/PowerManagerService(  822): acquireWakeLock: ignoring request from com.google.android.gms
D/PowerManagerService(  822): acquireWakeLock: ignoring request from com.google.android.gms
D/PowerManagerService(  822): acquireWakeLock: ignoring request from com.google.android.gms
W/ResourcesManager(11214): Asset path '/system/framework/com.android.media.remotedisplay.jar' does not exist or contains no resources.
W/ResourcesManager(11214): Asset path '/system/framework/com.android.location.provider.jar' does not exist or contains no resources.
D/PowerManagerService(  822): acquireWakeLock: ignoring request from com.google.android.gms
I/PowerManagerService(  822): Waking up from sleep (uid 1000)...
I/DisplayPowerController(  822): Blocking screen on until initial contents have been drawn.
I/DisplayManagerService(  822): Display device changed: DisplayDeviceInfo{"Built-in Screen": uniqueId="local:0", 1080 x 1920, 63.0 fps, supportedRefreshRates [63.0], density 480, 403.411 x 403.041 dpi, appVsyncOff 7500000, presDeadline 11873016, touch INTERNAL, rotation 0, type BUILT_IN, state ON, FLAG_DEFAULT_DISPLAY, FLAG_ROTATES_WITH_CONTENT, FLAG_SECURE, FLAG_SUPPORTS_PROTECTED_BUFFERS}
V/ActivityManager(  822): Display changed displayId=0
I/DisplayPowerController(  822): Unblocked screen on after 389 ms
D/PowerManagerService(  822): acquireWakeLock: ignoring request from com.google.android.gms
D/PowerManagerService(  822): acquireWakeLock: ignoring request from com.google.android.gms
I/PowerManagerService(  822): Going to sleep due to screen timeout (uid 1000)...
I/DisplayManagerService(  822): Display device changed: DisplayDeviceInfo{"Built-in Screen": uniqueId="local:0", 1080 x 1920, 63.0 fps, supportedRefreshRates [63.0], density 480, 403.411 x 403.041 dpi, appVsyncOff 7500000, presDeadline 11873016, touch INTERNAL, rotation 0, type BUILT_IN, state OFF, FLAG_DEFAULT_DISPLAY, FLAG_ROTATES_WITH_CONTENT, FLAG_SECURE, FLAG_SUPPORTS_PROTECTED_BUFFERS}
V/ActivityManager(  822): Display changed displayId=0
I/PowerManagerService(  822): Sleeping (uid 1000)...
D/PowerManagerService(  822): acquireWakeLock: ignoring request from com.google.android.gms
D/PowerManagerService(  822): acquireWakeLock: ignoring request from com.google.android.gms
V/ActivityManager(  822): Display changed displayId=0
I/PowerManagerService(  822): Waking up from sleep (uid 1000)...
I/DisplayPowerController(  822): Blocking screen on until initial contents have been drawn.
I/DisplayManagerService(  822): Display device changed: DisplayDeviceInfo{"Built-in Screen": uniqueId="local:0", 1080 x 1920, 63.0 fps, supportedRefreshRates [63.0], density 480, 403.411 x 403.041 dpi, appVsyncOff 7500000, presDeadline 11873016, touch INTERNAL, rotation 0, type BUILT_IN, state ON, FLAG_DEFAULT_DISPLAY, FLAG_ROTATES_WITH_CONTENT, FLAG_SECURE, FLAG_SUPPORTS_PROTECTED_BUFFERS}
V/ActivityManager(  822): Display changed displayId=0
D/PowerManagerService(  822): acquireWakeLock: ignoring request from com.google.android.gms
D/PowerManagerService(  822): acquireWakeLock: ignoring request from com.google.android.gms
I/DisplayPowerController(  822): Unblocked screen on after 446 ms
V/ActivityManager(  822): Display changed displayId=0
I/ActivityManager(  822): Start proc 18370:com.estrongs.android.pop/u0a61 for broadcast com.estrongs.android.pop/.app.StartServiceReceiver
W/InputMethodManagerService(  822): Window already focused, ignoring focus gain of: com.android.internal.view.IInputMethodClient$Stub$Proxy@686aa9e attribute=android.view.inputmethod.EditorInfo@2386f97f, token = android.os.BinderProxy@13b0dcef
I/ValidateNoPeople(  822): skipping global notification
D/WifiService(  822): New client listening to asynchronous messages
I/ActivityManager(  822): Killing 17717:android.process.media/u0a7 (adj 15): empty for 1883s
I/ValidateNoPeople(  822): skipping global notification
V/WindowManager(  822): Adding window Window{8357414 u0 PopupWindow:1ef8bba1} at 26 of 32 (after Window{157913fc u0 com.Slack/com.Slack.ui.MessagesActivity})
V/WindowManager(  822): Adding window Window{207f235f u0 PopupWindow:d9c7231} at 27 of 32 (after Window{331605b7 u0 InputMethod})
V/WindowManager(  822): Adding window Window{366be75 u0 PopupWindow:d9c7231} at 27 of 32 (after Window{331605b7 u0 InputMethod})
I/ValidateNoPeople(  822): skipping global notification
I/ActivityManager(  822): START u0 {act=android.intent.action.MAIN cat=[android.intent.category.HOME] flg=0x10200000 cmp=com.slim.slimlauncher/.Launcher} from uid 1000 on display 0
I/ValidateNoPeople(  822): skipping global notification
I/ActivityManager(  822): START u0 {act=android.intent.action.VIEW flg=0x10200000 cmp=com.slim.slimlauncher/.Launcher bnds=[451,1714][655,1934] (has extras)} from uid 10050 on display 0
I/ActivityManager(  822): START u0 {act=android.intent.action.MAIN cat=[android.intent.category.LAUNCHER] flg=0x10200000 cmp=com.slim.slimfilemanager/.FileManager (has extras)} from uid 10050 on display 0
V/WindowManager(  822): Adding window Window{1b4f7bc8 u0 Starting com.slim.slimfilemanager} at 26 of 32 (after Window{157913fc u0 com.Slack/com.Slack.ui.MessagesActivity})
I/ActivityManager(  822): Start proc 18480:com.slim.slimfilemanager/u0a103 for activity com.slim.slimfilemanager/.FileManager
W/ActivityManager(  822): getRunningAppProcesses: caller 10103 does not hold REAL_GET_TASKS; limiting output
I/ActivityThread(18480): Switching default density from 400 to 480
V/WindowManager(  822): Adding window Window{1b33559d u0 com.slim.slimfilemanager/com.slim.slimfilemanager.FileManager} at 26 of 33 (before Window{1b4f7bc8 u0 Starting com.slim.slimfilemanager})
I/ActivityManager(  822): Start proc 18534:com.android.systemui:screenshot/u0a14 for service com.android.systemui/.screenshot.TakeScreenshotService
I/ActivityManager(  822): Start proc 18565:android.process.media/u0a7 for content provider com.android.providers.media/.MediaProvider
D/PowerManagerService(  822): acquireWakeLock: ignoring request from com.google.android.gms
I/ActivityManager(  822): Killing 13785:com.android.mms/u0a10 (adj 15): empty for 1935s
I/ActivityManager(  822): Killing 13818:com.antutu.ABenchMark/u0a98 (adj 15): empty for 1935s
E/AndroidRuntime(18480): FATAL EXCEPTION: main
E/AndroidRuntime(18480): Process: com.slim.slimfilemanager, PID: 18480
E/AndroidRuntime(18480): java.lang.NullPointerException: Attempt to invoke virtual method 'void android.widget.TextView.setText(java.lang.CharSequence)' on a null object reference
E/AndroidRuntime(18480): 	at com.slim.slimfilemanager.BrowserFragment.filesChanged(BrowserFragment.java:516)
E/AndroidRuntime(18480): 	at com.slim.slimfilemanager.FileManager$2.onItemClick(FileManager.java:185)
E/AndroidRuntime(18480): 	at android.widget.AdapterView.performItemClick(AdapterView.java:305)
E/AndroidRuntime(18480): 	at android.widget.AbsListView.performItemClick(AbsListView.java:1148)
E/AndroidRuntime(18480): 	at android.widget.AbsListView$PerformClick.run(AbsListView.java:3059)
E/AndroidRuntime(18480): 	at android.widget.AbsListView$3.run(AbsListView.java:3866)
E/AndroidRuntime(18480): 	at android.os.Handler.handleCallback(Handler.java:739)
E/AndroidRuntime(18480): 	at android.os.Handler.dispatchMessage(Handler.java:95)
E/AndroidRuntime(18480): 	at android.os.Looper.loop(Looper.java:135)
E/AndroidRuntime(18480): 	at android.app.ActivityThread.main(ActivityThread.java:5269)
E/AndroidRuntime(18480): 	at java.lang.reflect.Method.invoke(Native Method)
E/AndroidRuntime(18480): 	at java.lang.reflect.Method.invoke(Method.java:372)
E/AndroidRuntime(18480): 	at com.android.internal.os.ZygoteInit$MethodAndArgsCaller.run(ZygoteInit.java:904)
E/AndroidRuntime(18480): 	at com.android.internal.os.ZygoteInit.main(ZygoteInit.java:699)
W/ActivityManager(  822):   Force finishing activity 1 com.slim.slimfilemanager/.FileManager
W/ActivityManager(  822): Activity pause timeout for ActivityRecord{5989c1f u0 com.slim.slimfilemanager/.FileManager t11949 f}
I/WindowState(  822): WIN DEATH: Window{1b33559d u0 com.slim.slimfilemanager/com.slim.slimfilemanager.FileManager}
I/ActivityManager(  822): Process com.slim.slimfilemanager (pid 18480) has died
I/ActivityManager(  822): START u0 {act=com.android.systemui.recents.SHOW_RECENTS flg=0x10804000 cmp=com.android.systemui/.recents.RecentsActivity} from uid 10014 on display 0
I/ActivityManager(  822): START u0 {act=android.intent.action.MAIN cat=[android.intent.category.LAUNCHER] flg=0x10300000 cmp=com.slim.slimfilemanager/.FileManager (has extras)} from uid 10050 on display 0
V/WindowManager(  822): addAppToken: AppWindowToken{a397d85 token=Token{267c42fc ActivityRecord{2d1767ef u0 com.slim.slimfilemanager/.FileManager t11949}}} to stack=1 task=11949 at 0
V/WindowManager(  822): Adding window Window{1907f594 u0 Starting com.slim.slimfilemanager} at 24 of 32 (after Window{157913fc u0 com.Slack/com.Slack.ui.MessagesActivity})
I/ActivityManager(  822): Start proc 18603:com.slim.slimfilemanager/u0a103 for activity com.slim.slimfilemanager/.FileManager
W/ActivityManager(  822): getRunningAppProcesses: caller 10103 does not hold REAL_GET_TASKS; limiting output
I/ActivityThread(18603): Switching default density from 400 to 480
V/WindowManager(  822): Adding window Window{fb5bb39 u0 com.slim.slimfilemanager/com.slim.slimfilemanager.FileManager} at 26 of 33 (before Window{1907f594 u0 Starting com.slim.slimfilemanager})
W/InputMethodManagerService(  822): Window already focused, ignoring focus gain of: com.android.internal.view.IInputMethodClient$Stub$Proxy@3567a548 attribute=null, token = android.os.BinderProxy@c38d700
I/UsageStatsService(  822): User[0] Flushing usage stats to disk
W/InputMethodManagerService(  822): Window already focused, ignoring focus gain of: com.android.internal.view.IInputMethodClient$Stub$Proxy@30a29c24 attribute=null, token = android.os.BinderProxy@c38d700
W/InputMethodManagerService(  822): Window already focused, ignoring focus gain of: com.android.internal.view.IInputMethodClient$Stub$Proxy@2c2a7297 attribute=null, token = android.os.BinderProxy@c38d700
I/ActivityManager(  822): START u0 {act=com.android.systemui.recents.SHOW_RECENTS flg=0x10804000 cmp=com.android.systemui/.recents.RecentsActivity} from uid 10014 on display 0
W/InputMethodManagerService(  822): Starting input on non-focused client com.android.internal.view.IInputMethodClient$Stub$Proxy@29ad53c6 (uid=10103 pid=18603)
I/ValidateNoPeople(  822): skipping global notification
I/ValidateNoPeople(  822): skipping global notification
V/WindowManager(  822): Adding window Window{2355e220 u0 PopupWindow:1ef8bba1} at 27 of 33 (after Window{157913fc u0 com.Slack/com.Slack.ui.MessagesActivity})
V/WindowManager(  822): Adding window Window{1707004c u0 PopupWindow:1ef8bba1} at 27 of 33 (after Window{157913fc u0 com.Slack/com.Slack.ui.MessagesActivity})
V/WindowManager(  822): Adding window Window{400edaa u0 PopupWindow:1ef8bba1} at 27 of 33 (after Window{157913fc u0 com.Slack/com.Slack.ui.MessagesActivity})
V/WindowManager(  822): Adding window Window{c9d538 u0 PopupWindow:1ef8bba1} at 27 of 33 (after Window{157913fc u0 com.Slack/com.Slack.ui.MessagesActivity})
V/WindowManager(  822): Adding window Window{2e583a76 u0 PopupWindow:d9c7231} at 28 of 33 (after Window{331605b7 u0 InputMethod})
I/ValidateNoPeople(  822): skipping global notification
I/ValidateNoPeople(  822): skipping global notification
I/ActivityManager(  822): START u0 {act=com.android.systemui.recents.SHOW_RECENTS flg=0x10804000 cmp=com.android.systemui/.recents.RecentsActivity} from uid 10014 on display 0
I/ValidateNoPeople(  822): skipping global notification
V/WindowManager(  822): Adding window Window{3bf8fc68 u0 PopupWindow:342c120c} at 27 of 33 (after Window{fb5bb39 u0 com.slim.slimfilemanager/com.slim.slimfilemanager.FileManager})
I/ActivityManager(  822): START u0 {cmp=com.slim.slimfilemanager/.settings.SettingsActivity} from uid 10103 on display 0
V/WindowManager(  822): addAppToken: AppWindowToken{1463fbbd token=Token{31957714 ActivityRecord{2632fd67 u0 com.slim.slimfilemanager/.settings.SettingsActivity t11949}}} to stack=1 task=11949 at 1
V/WindowManager(  822): Adding window Window{29dcf080 u0 com.slim.slimfilemanager/com.slim.slimfilemanager.settings.SettingsActivity} at 27 of 33 (after Window{fb5bb39 u0 com.slim.slimfilemanager/com.slim.slimfilemanager.FileManager})
W/InputMethodManagerService(  822): Window already focused, ignoring focus gain of: com.android.internal.view.IInputMethodClient$Stub$Proxy@f620f74 attribute=null, token = android.os.BinderProxy@1de80903
V/WindowManager(  822): not Base app: Adding window Window{fc83512 u0 com.slim.slimfilemanager/com.slim.slimfilemanager.settings.SettingsActivity} at 28 of 34
W/InputMethodManagerService(  822): Window already focused, ignoring focus gain of: com.android.internal.view.IInputMethodClient$Stub$Proxy@165644e3 attribute=null, token = android.os.BinderProxy@1de80903
V/WindowManager(  822): Adding window Window{54e599 u0 com.slim.slimfilemanager/com.slim.slimfilemanager.settings.SettingsActivity} at 27 of 34 (before Window{29dcf080 u0 com.slim.slimfilemanager/com.slim.slimfilemanager.settings.SettingsActivity})
V/WindowManager(  822): Adding window Window{59e4c3f u0 com.slim.slimfilemanager/com.slim.slimfilemanager.FileManager} at 26 of 34 (before Window{fb5bb39 u0 com.slim.slimfilemanager/com.slim.slimfilemanager.FileManager})
W/InputMethodManagerService(  822): Window already focused, ignoring focus gain of: com.android.internal.view.IInputMethodClient$Stub$Proxy@2357e927 attribute=null, token = android.os.BinderProxy@2f70905e
E/AndroidRuntime(18603): FATAL EXCEPTION: main
E/AndroidRuntime(18603): Process: com.slim.slimfilemanager, PID: 18603
E/AndroidRuntime(18603): java.lang.NullPointerException: Attempt to invoke virtual method 'void android.widget.TextView.setText(java.lang.CharSequence)' on a null object reference
E/AndroidRuntime(18603): 	at com.slim.slimfilemanager.BrowserFragment.filesChanged(BrowserFragment.java:516)
E/AndroidRuntime(18603): 	at com.slim.slimfilemanager.FileManager$2.onItemClick(FileManager.java:185)
E/AndroidRuntime(18603): 	at android.widget.AdapterView.performItemClick(AdapterView.java:305)
E/AndroidRuntime(18603): 	at android.widget.AbsListView.performItemClick(AbsListView.java:1148)
E/AndroidRuntime(18603): 	at android.widget.AbsListView$PerformClick.run(AbsListView.java:3059)
E/AndroidRuntime(18603): 	at android.widget.AbsListView$3.run(AbsListView.java:3866)
E/AndroidRuntime(18603): 	at android.os.Handler.handleCallback(Handler.java:739)
E/AndroidRuntime(18603): 	at android.os.Handler.dispatchMessage(Handler.java:95)
E/AndroidRuntime(18603): 	at android.os.Looper.loop(Looper.java:135)
E/AndroidRuntime(18603): 	at android.app.ActivityThread.main(ActivityThread.java:5269)
E/AndroidRuntime(18603): 	at java.lang.reflect.Method.invoke(Native Method)
E/AndroidRuntime(18603): 	at java.lang.reflect.Method.invoke(Method.java:372)
E/AndroidRuntime(18603): 	at com.android.internal.os.ZygoteInit$MethodAndArgsCaller.run(ZygoteInit.java:904)
E/AndroidRuntime(18603): 	at com.android.internal.os.ZygoteInit.main(ZygoteInit.java:699)
W/ActivityManager(  822):   Force finishing activity 1 com.slim.slimfilemanager/.FileManager
W/ActivityManager(  822): Activity pause timeout for ActivityRecord{2d1767ef u0 com.slim.slimfilemanager/.FileManager t11949 f}
I/ActivityManager(  822): START u0 {act=com.android.systemui.recents.SHOW_RECENTS flg=0x10804000 cmp=com.android.systemui/.recents.RecentsActivity} from uid 10014 on display 0
I/WindowState(  822): WIN DEATH: Window{59e4c3f u0 com.slim.slimfilemanager/com.slim.slimfilemanager.FileManager}
I/ActivityManager(  822): Process com.slim.slimfilemanager (pid 18603) has died
I/ValidateNoPeople(  822): skipping global notification
I/ValidateNoPeople(  822): skipping global notification
I/ValidateNoPeople(  822): skipping global notification
V/WindowManager(  822): not Base app: Adding window Window{203f39df u0 com.Slack/com.Slack.ui.MessagesActivity} at 26 of 32
W/IntentResolver(  822): resolveIntent: multiple matches, only some with CATEGORY_DEFAULT
I/ActivityManager(  822): START u0 {act=android.intent.action.GET_CONTENT cat=[android.intent.category.OPENABLE] typ=*/* cmp=com.android.documentsui/.DocumentsActivity} from uid 10068 on display 0
V/WindowManager(  822): addAppToken: AppWindowToken{1bbaaec4 token=Token{f3085d7 ActivityRecord{1fd7d156 u0 com.android.documentsui/.DocumentsActivity t11824}}} to stack=1 task=11824 at 2
V/WindowManager(  822): Adding window Window{2a9058cf u0 Starting com.android.documentsui} at 28 of 33 (after Window{203f39df u0 com.Slack/com.Slack.ui.MessagesActivity EXITING})
W/InputMethodManagerService(  822): Window already focused, ignoring focus gain of: com.android.internal.view.IInputMethodClient$Stub$Proxy@199f125c attribute=android.view.inputmethod.EditorInfo@2f7b0965, token = android.os.BinderProxy@13b0dcef
I/ActivityManager(  822): Start proc 18896:com.android.documentsui/u0a36 for activity com.android.documentsui/.DocumentsActivity
I/ValidateNoPeople(  822): skipping global notification
I/ActivityThread(18896): Switching default density from 400 to 480
I/ActivityManager(  822): Start proc 18915:com.android.externalstorage/u0a8 for content provider com.android.externalstorage/.ExternalStorageProvider
V/WindowManager(  822): Adding window Window{461c5de u0 com.android.documentsui/com.android.documentsui.DocumentsActivity} at 26 of 33 (before Window{2a9058cf u0 Starting com.android.documentsui})
I/ValidateNoPeople(  822): skipping global notification
W/IntentResolver(  822): resolveIntent: multiple matches, only some with CATEGORY_DEFAULT
I/ActivityManager(  822): START u0 {act=android.intent.action.GET_CONTENT cat=[android.intent.category.OPENABLE] typ=*/* cmp=com.android.gallery3d/.app.GalleryActivity} from uid 10036 on display 0
W/ResourcesManager(  822): Asset path '/system/framework/com.google.android.media.effects.jar' does not exist or contains no resources.
V/WindowManager(  822): addAppToken: AppWindowToken{61cdf24 token=Token{1fb5bbb7 ActivityRecord{1bbab2b6 u0 com.android.gallery3d/.app.GalleryActivity t11824}}} to stack=1 task=11824 at 3
V/WindowManager(  822): Adding window Window{2c1d02cb u0 Starting com.android.gallery3d} at 27 of 33 (after Window{461c5de u0 com.android.documentsui/com.android.documentsui.DocumentsActivity})
I/ActivityManager(  822): Start proc 18945:com.android.gallery3d/u0a39 for activity com.android.gallery3d/.app.GalleryActivity
W/ResourcesManager(18945): Asset path '/system/framework/com.google.android.media.effects.jar' does not exist or contains no resources.
I/ActivityThread(18945): Switching default density from 400 to 480
V/WindowManager(  822): Adding window Window{1b4f1d4a u0 com.android.gallery3d/com.android.gallery3d.app.GalleryActivity} at 27 of 34 (before Window{2c1d02cb u0 Starting com.android.gallery3d})
V/WindowManager(  822): Adding window Window{3bc19dd8 u0 SurfaceView} at 27 of 35 (before Window{1b4f1d4a u0 com.android.gallery3d/com.android.gallery3d.app.GalleryActivity})
I/ActivityManager(  822): START u0 {dat=content://media/external/images/media/20830 flg=0x1 cmp=com.Slack/.ui.UploadActivity (has extras)} from uid 10068 on display 0
V/WindowManager(  822): addAppToken: AppWindowToken{195c7b1c token=Token{2232ec8f ActivityRecord{1f0d3fee u0 com.Slack/.ui.UploadActivity t11824}}} to stack=1 task=11824 at 4
I/ActivityThread( 9522): Switching default density from 400 to 480
V/WindowManager(  822): Adding window Window{3c916cfa u0 com.Slack/com.Slack.ui.UploadActivity} at 28 of 35 (after Window{1b4f1d4a u0 com.android.gallery3d/com.android.gallery3d.app.GalleryActivity})
I/ValidateNoPeople(  822): skipping global notification
I/ValidateNoPeople(  822): skipping global notification
I/ValidateNoPeople(  822): skipping global notification
I/ActivityManager(  822): START u0 {act=com.android.systemui.recents.SHOW_RECENTS flg=0x10804000 cmp=com.android.systemui/.recents.RecentsActivity} from uid 10014 on display 0
I/ValidateNoPeople(  822): skipping global notification
W/InputMethodManagerService(  822): Starting input on non-focused client com.android.internal.view.IInputMethodClient$Stub$Proxy@173f359 (uid=10068 pid=9522)
I/ActivityManager(  822): START u0 {act=android.intent.action.MAIN cat=[android.intent.category.LAUNCHER] flg=0x10300000 cmp=com.slim.slimfilemanager/.FileManager (has extras)} from uid 10050 on display 0
V/WindowManager(  822): addAppToken: AppWindowToken{14cd415f token=Token{2c1ba5fe ActivityRecord{1d4e4db9 u0 com.slim.slimfilemanager/.FileManager t11949}}} to stack=1 task=11949 at 0
V/WindowManager(  822): Adding window Window{2c619044 u0 Starting com.slim.slimfilemanager} at 26 of 32 (after Window{157913fc u0 com.Slack/com.Slack.ui.MessagesActivity})
I/ActivityManager(  822): Start proc 19005:com.slim.slimfilemanager/u0a103 for activity com.slim.slimfilemanager/.FileManager
W/ActivityManager(  822): getRunningAppProcesses: caller 10103 does not hold REAL_GET_TASKS; limiting output
I/ActivityThread(19005): Switching default density from 400 to 480
V/WindowManager(  822): Adding window Window{38411729 u0 com.slim.slimfilemanager/com.slim.slimfilemanager.FileManager} at 26 of 33 (before Window{2c619044 u0 Starting com.slim.slimfilemanager})
W/InputMethodManagerService(  822): Window already focused, ignoring focus gain of: com.android.internal.view.IInputMethodClient$Stub$Proxy@3a658bd3 attribute=null, token = android.os.BinderProxy@9096cb0
V/WindowManager(  822): Adding window Window{3f255e09 u0 PopupWindow:593bd95} at 27 of 33 (after Window{38411729 u0 com.slim.slimfilemanager/com.slim.slimfilemanager.FileManager})
I/ActivityManager(  822): START u0 {cmp=com.slim.slimfilemanager/.settings.SettingsActivity} from uid 10103 on display 0
V/WindowManager(  822): addAppToken: AppWindowToken{27e3403c token=Token{873122f ActivityRecord{985f80e u0 com.slim.slimfilemanager/.settings.SettingsActivity t11949}}} to stack=1 task=11949 at 1
I/ActivityManager(  822): Killing 14895:com.android.providers.calendar/u0a2 (adj 15): empty for 1803s
V/WindowManager(  822): Adding window Window{2ad871a u0 com.slim.slimfilemanager/com.slim.slimfilemanager.settings.SettingsActivity} at 28 of 34 (after Window{3f255e09 u0 PopupWindow:593bd95 EXITING})
V/WindowManager(  822): not Base app: Adding window Window{540747d u0 com.slim.slimfilemanager/com.slim.slimfilemanager.settings.SettingsActivity} at 28 of 34
W/InputMethodManagerService(  822): Window already focused, ignoring focus gain of: com.android.internal.view.IInputMethodClient$Stub$Proxy@1a64db79 attribute=null, token = android.os.BinderProxy@23bcd1c5
V/WindowManager(  822): Adding window Window{27d2e51f u0 com.slim.slimfilemanager/com.slim.slimfilemanager.settings.SettingsActivity} at 27 of 35 (before Window{2ad871a u0 com.slim.slimfilemanager/com.slim.slimfilemanager.settings.SettingsActivity})
V/WindowManager(  822): Adding window Window{2ceb635 u0 com.slim.slimfilemanager/com.slim.slimfilemanager.FileManager} at 26 of 34 (before Window{38411729 u0 com.slim.slimfilemanager/com.slim.slimfilemanager.FileManager})
E/AndroidRuntime(19005): FATAL EXCEPTION: main
E/AndroidRuntime(19005): Process: com.slim.slimfilemanager, PID: 19005
E/AndroidRuntime(19005): java.lang.NullPointerException: Attempt to invoke virtual method 'void android.widget.TextView.setText(java.lang.CharSequence)' on a null object reference
E/AndroidRuntime(19005): 	at com.slim.slimfilemanager.BrowserFragment.filesChanged(BrowserFragment.java:516)
E/AndroidRuntime(19005): 	at com.slim.slimfilemanager.FileManager$2.onItemClick(FileManager.java:185)
E/AndroidRuntime(19005): 	at android.widget.AdapterView.performItemClick(AdapterView.java:305)
E/AndroidRuntime(19005): 	at android.widget.AbsListView.performItemClick(AbsListView.java:1148)
E/AndroidRuntime(19005): 	at android.widget.AbsListView$PerformClick.run(AbsListView.java:3059)
E/AndroidRuntime(19005): 	at android.widget.AbsListView$3.run(AbsListView.java:3866)
E/AndroidRuntime(19005): 	at android.os.Handler.handleCallback(Handler.java:739)
E/AndroidRuntime(19005): 	at android.os.Handler.dispatchMessage(Handler.java:95)
E/AndroidRuntime(19005): 	at android.os.Looper.loop(Looper.java:135)
E/AndroidRuntime(19005): 	at android.app.ActivityThread.main(ActivityThread.java:5269)
E/AndroidRuntime(19005): 	at java.lang.reflect.Method.invoke(Native Method)
E/AndroidRuntime(19005): 	at java.lang.reflect.Method.invoke(Method.java:372)
E/AndroidRuntime(19005): 	at com.android.internal.os.ZygoteInit$MethodAndArgsCaller.run(ZygoteInit.java:904)
E/AndroidRuntime(19005): 	at com.android.internal.os.ZygoteInit.main(ZygoteInit.java:699)
W/ActivityManager(  822):   Force finishing activity 1 com.slim.slimfilemanager/.FileManager
W/ActivityManager(  822): Activity pause timeout for ActivityRecord{1d4e4db9 u0 com.slim.slimfilemanager/.FileManager t11949 f}
I/ActivityManager(  822): START u0 {act=com.android.systemui.recents.SHOW_RECENTS flg=0x10804000 cmp=com.android.systemui/.recents.RecentsActivity} from uid 10014 on display 0
I/WindowState(  822): WIN DEATH: Window{2ceb635 u0 com.slim.slimfilemanager/com.slim.slimfilemanager.FileManager}
I/ActivityManager(  822): Process com.slim.slimfilemanager (pid 19005) has died
I/ValidateNoPeople(  822): skipping global notification
I/ValidateNoPeople(  822): skipping global notification
I/ActivityManager(  822): Killing 15024:com.google.android.gms.wearable/u0a18 (adj 15): empty for 1812s
V/WindowManager(  822): Adding window Window{12c01ff5 u0 PopupWindow:3cb18724} at 26 of 32 (after Window{157913fc u0 com.Slack/com.Slack.ui.MessagesActivity})
V/WindowManager(  822): Adding window Window{3aec93fb u0 PopupWindow:189bb28d} at 28 of 33 (after Window{12c01ff5 u0 PopupWindow:3cb18724})
I/ValidateNoPeople(  822): skipping global notification
V/WindowManager(  822): Adding window Window{2f6674d7 u0 PopupWindow:10c02c42} at 29 of 34 (after Window{3aec93fb u0 PopupWindow:189bb28d})
V/WindowManager(  822): Adding window Window{2f338773 u0 PopupWindow:3cb18724} at 26 of 32 (after Window{157913fc u0 com.Slack/com.Slack.ui.MessagesActivity})
V/WindowManager(  822): Adding window Window{c3fd2a9 u0 PopupWindow:189bb28d} at 28 of 33 (after Window{2f338773 u0 PopupWindow:3cb18724})
I/ValidateNoPeople(  822): skipping global notification
V/WindowManager(  822): Adding window Window{1fb527cf u0 PopupWindow:10c02c42} at 29 of 34 (after Window{c3fd2a9 u0 PopupWindow:189bb28d})
V/WindowManager(  822): Adding window Window{1e19f065 u0 PopupWindow:3c62a30c} at 26 of 32 (after Window{157913fc u0 com.Slack/com.Slack.ui.MessagesActivity})
I/ValidateNoPeople(  822): skipping global notification
V/WindowManager(  822): Adding window Window{310671eb u0 PopupWindow:1fb79e67} at 28 of 33 (after Window{1e19f065 u0 PopupWindow:3c62a30c})
V/WindowManager(  822): Adding window Window{3cbe2de1 u0 PopupWindow:d9c7231} at 27 of 32 (after Window{331605b7 u0 InputMethod})
V/WindowManager(  822): Adding window Window{2fd841c7 u0 PopupWindow:1fb79e67} at 26 of 32 (after Window{157913fc u0 com.Slack/com.Slack.ui.MessagesActivity})
V/WindowManager(  822): Adding window Window{390ec71d u0 PopupWindow:3c62a30c} at 28 of 33 (after Window{2fd841c7 u0 PopupWindow:1fb79e67})
V/WindowManager(  822): Adding window Window{190d3363 u0 PopupWindow:1ef8bba1} at 26 of 32 (after Window{157913fc u0 com.Slack/com.Slack.ui.MessagesActivity})
V/WindowManager(  822): Adding window Window{2e86ad8c u0 PopupWindow:3cb18724} at 26 of 32 (after Window{157913fc u0 com.Slack/com.Slack.ui.MessagesActivity})
V/WindowManager(  822): Adding window Window{18177cea u0 PopupWindow:189bb28d} at 28 of 33 (after Window{2e86ad8c u0 PopupWindow:3cb18724})
I/ValidateNoPeople(  822): skipping global notification
V/WindowManager(  822): Adding window Window{10687db6 u0 PopupWindow:10c02c42} at 29 of 34 (after Window{18177cea u0 PopupWindow:189bb28d})
V/WindowManager(  822): Adding window Window{29f6bf42 u0 PopupWindow:3c62a30c} at 26 of 32 (after Window{157913fc u0 com.Slack/com.Slack.ui.MessagesActivity})
V/WindowManager(  822): Adding window Window{4e23c90 u0 PopupWindow:1fb79e67} at 28 of 33 (after Window{29f6bf42 u0 PopupWindow:3c62a30c})
I/ValidateNoPeople(  822): skipping global notification
V/WindowManager(  822): Adding window Window{20358d8e u0 PopupWindow:3c62a30c} at 26 of 32 (after Window{157913fc u0 com.Slack/com.Slack.ui.MessagesActivity})
V/WindowManager(  822): Adding window Window{30d691bc u0 PopupWindow:3c62a30c} at 26 of 32 (after Window{157913fc u0 com.Slack/com.Slack.ui.MessagesActivity})
I/ValidateNoPeople(  822): skipping global notification
V/WindowManager(  822): Adding window Window{2080f49a u0 PopupWindow:3cb18724} at 26 of 32 (after Window{157913fc u0 com.Slack/com.Slack.ui.MessagesActivity})
V/WindowManager(  822): Adding window Window{39590da8 u0 PopupWindow:189bb28d} at 28 of 33 (after Window{2080f49a u0 PopupWindow:3cb18724})
I/ValidateNoPeople(  822): skipping global notification
V/WindowManager(  822): Adding window Window{1fe9c066 u0 PopupWindow:10c02c42} at 29 of 34 (after Window{39590da8 u0 PopupWindow:189bb28d})
V/WindowManager(  822): Adding window Window{15055c54 u0 PopupWindow:3c62a30c} at 26 of 32 (after Window{157913fc u0 com.Slack/com.Slack.ui.MessagesActivity})
I/ValidateNoPeople(  822): skipping global notification
V/WindowManager(  822): Adding window Window{1c17cf2 u0 PopupWindow:1fb79e67} at 28 of 33 (after Window{15055c54 u0 PopupWindow:3c62a30c})
V/WindowManager(  822): Adding window Window{2685e9c0 u0 PopupWindow:1fb79e67} at 26 of 32 (after Window{157913fc u0 com.Slack/com.Slack.ui.MessagesActivity})
V/WindowManager(  822): Adding window Window{1ae6763e u0 PopupWindow:3c62a30c} at 28 of 33 (after Window{2685e9c0 u0 PopupWindow:1fb79e67})
I/ValidateNoPeople(  822): skipping global notification
I/ValidateNoPeople(  822): skipping global notification
V/WindowManager(  822): Adding window Window{ebfe1ec u0 PopupWindow:1ef8bba1} at 26 of 32 (after Window{157913fc u0 com.Slack/com.Slack.ui.MessagesActivity})
V/WindowManager(  822): Adding window Window{1dcfb84a u0 PopupWindow:1ef8bba1} at 26 of 32 (after Window{157913fc u0 com.Slack/com.Slack.ui.MessagesActivity})
V/WindowManager(  822): Adding window Window{35bf30d8 u0 PopupWindow:1ef8bba1} at 26 of 32 (after Window{157913fc u0 com.Slack/com.Slack.ui.MessagesActivity})
I/ValidateNoPeople(  822): skipping global notification
I/ValidateNoPeople(  822): skipping global notification
I/ActivityManager(  822): START u0 {act=com.android.systemui.recents.SHOW_RECENTS flg=0x10804000 cmp=com.android.systemui/.recents.RecentsActivity} from uid 10014 on display 0
I/ValidateNoPeople(  822): skipping global notification
I/ActivityManager(  822): START u0 {act=android.intent.action.MAIN cat=[android.intent.category.LAUNCHER] flg=0x10300000 cmp=com.slim.slimfilemanager/.FileManager (has extras)} from uid 10050 on display 0
V/WindowManager(  822): addAppToken: AppWindowToken{f581ab token=Token{29eec7fa ActivityRecord{28e90a25 u0 com.slim.slimfilemanager/.FileManager t11949}}} to stack=1 task=11949 at 0
V/WindowManager(  822): Adding window Window{4694820 u0 Starting com.slim.slimfilemanager} at 26 of 32 (after Window{157913fc u0 com.Slack/com.Slack.ui.MessagesActivity})
I/ActivityManager(  822): Start proc 19681:com.slim.slimfilemanager/u0a103 for activity com.slim.slimfilemanager/.FileManager
W/ActivityManager(  822): getRunningAppProcesses: caller 10103 does not hold REAL_GET_TASKS; limiting output
I/ActivityThread(19681): Switching default density from 400 to 480
V/WindowManager(  822): Adding window Window{3329c695 u0 com.slim.slimfilemanager/com.slim.slimfilemanager.FileManager} at 26 of 33 (before Window{4694820 u0 Starting com.slim.slimfilemanager})
W/InputMethodManagerService(  822): Window already focused, ignoring focus gain of: com.android.internal.view.IInputMethodClient$Stub$Proxy@333d2562 attribute=null, token = android.os.BinderProxy@ceac64c
W/InputMethodManagerService(  822): Window already focused, ignoring focus gain of: com.android.internal.view.IInputMethodClient$Stub$Proxy@15c95399 attribute=null, token = android.os.BinderProxy@ceac64c
W/InputMethodManagerService(  822): Window already focused, ignoring focus gain of: com.android.internal.view.IInputMethodClient$Stub$Proxy@3c24e33c attribute=null, token = android.os.BinderProxy@ceac64c
V/WindowManager(  822): Adding window Window{33a7621a u0 PopupWindow:33c811a2} at 27 of 33 (after Window{3329c695 u0 com.slim.slimfilemanager/com.slim.slimfilemanager.FileManager})
I/ActivityManager(  822): START u0 {cmp=com.slim.slimfilemanager/.settings.SettingsActivity} from uid 10103 on display 0
V/WindowManager(  822): addAppToken: AppWindowToken{3f199c41 token=Token{3cfaf728 ActivityRecord{3844e14b u0 com.slim.slimfilemanager/.settings.SettingsActivity t11949}}} to stack=1 task=11949 at 1
V/WindowManager(  822): Adding window Window{7e4727 u0 com.slim.slimfilemanager/com.slim.slimfilemanager.settings.SettingsActivity} at 28 of 34 (after Window{33a7621a u0 PopupWindow:33c811a2 EXITING})
V/WindowManager(  822): not Base app: Adding window Window{a496bbe u0 com.slim.slimfilemanager/com.slim.slimfilemanager.settings.SettingsActivity} at 28 of 34
W/InputMethodManagerService(  822): Window already focused, ignoring focus gain of: com.android.internal.view.IInputMethodClient$Stub$Proxy@1c2c85ca attribute=null, token = android.os.BinderProxy@6c985e6
V/WindowManager(  822): Adding window Window{286e7a58 u0 com.slim.slimfilemanager/com.slim.slimfilemanager.settings.SettingsActivity} at 27 of 35 (before Window{7e4727 u0 com.slim.slimfilemanager/com.slim.slimfilemanager.settings.SettingsActivity})
V/WindowManager(  822): Adding window Window{3f81ef46 u0 com.slim.slimfilemanager/com.slim.slimfilemanager.FileManager} at 26 of 35 (before Window{3329c695 u0 com.slim.slimfilemanager/com.slim.slimfilemanager.FileManager})
W/InputMethodManagerService(  822): Window already focused, ignoring focus gain of: com.android.internal.view.IInputMethodClient$Stub$Proxy@14d7b285 attribute=android.view.inputmethod.EditorInfo@3019b8da, token = android.os.BinderProxy@ef64f21
E/AndroidRuntime(19681): FATAL EXCEPTION: main
E/AndroidRuntime(19681): Process: com.slim.slimfilemanager, PID: 19681
E/AndroidRuntime(19681): java.lang.NullPointerException: Attempt to invoke virtual method 'void android.widget.TextView.setText(java.lang.CharSequence)' on a null object reference
E/AndroidRuntime(19681): 	at com.slim.slimfilemanager.BrowserFragment.filesChanged(BrowserFragment.java:516)
E/AndroidRuntime(19681): 	at com.slim.slimfilemanager.FileManager$2.onItemClick(FileManager.java:185)
E/AndroidRuntime(19681): 	at android.widget.AdapterView.performItemClick(AdapterView.java:305)
E/AndroidRuntime(19681): 	at android.widget.AbsListView.performItemClick(AbsListView.java:1148)
E/AndroidRuntime(19681): 	at android.widget.AbsListView$PerformClick.run(AbsListView.java:3059)
E/AndroidRuntime(19681): 	at android.widget.AbsListView$3.run(AbsListView.java:3866)
E/AndroidRuntime(19681): 	at android.os.Handler.handleCallback(Handler.java:739)
E/AndroidRuntime(19681): 	at android.os.Handler.dispatchMessage(Handler.java:95)
E/AndroidRuntime(19681): 	at android.os.Looper.loop(Looper.java:135)
E/AndroidRuntime(19681): 	at android.app.ActivityThread.main(ActivityThread.java:5269)
E/AndroidRuntime(19681): 	at java.lang.reflect.Method.invoke(Native Method)
E/AndroidRuntime(19681): 	at java.lang.reflect.Method.invoke(Method.java:372)
E/AndroidRuntime(19681): 	at com.android.internal.os.ZygoteInit$MethodAndArgsCaller.run(ZygoteInit.java:904)
E/AndroidRuntime(19681): 	at com.android.internal.os.ZygoteInit.main(ZygoteInit.java:699)
W/ActivityManager(  822):   Force finishing activity 1 com.slim.slimfilemanager/.FileManager
W/ActivityManager(  822): Activity pause timeout for ActivityRecord{28e90a25 u0 com.slim.slimfilemanager/.FileManager t11949 f}
I/WindowState(  822): WIN DEATH: Window{3f81ef46 u0 com.slim.slimfilemanager/com.slim.slimfilemanager.FileManager}
I/ActivityManager(  822): Process com.slim.slimfilemanager (pid 19681) has died
I/ActivityManager(  822): START u0 {act=android.intent.action.MAIN cat=[android.intent.category.LAUNCHER] flg=0x10200000 cmp=com.slim.slimfilemanager/.FileManager (has extras)} from uid 10050 on display 0
V/WindowManager(  822): addAppToken: AppWindowToken{2a356673 token=Token{1bafa2e2 ActivityRecord{349a5fad u0 com.slim.slimfilemanager/.FileManager t12013}}} to stack=1 task=12013 at 0
V/WindowManager(  822): Adding window Window{38beac3a u0 Starting com.slim.slimfilemanager} at 26 of 32 (after Window{157913fc u0 com.Slack/com.Slack.ui.MessagesActivity})
I/ActivityManager(  822): Start proc 19795:com.slim.slimfilemanager/u0a103 for activity com.slim.slimfilemanager/.FileManager
W/ActivityManager(  822): getRunningAppProcesses: caller 10103 does not hold REAL_GET_TASKS; limiting output
I/ActivityThread(19795): Switching default density from 400 to 480
V/WindowManager(  822): Adding window Window{203f0c7 u0 com.slim.slimfilemanager/com.slim.slimfilemanager.FileManager} at 26 of 33 (before Window{38beac3a u0 Starting com.slim.slimfilemanager})
D/TaskPersister(  822): removeObsoleteFile: deleting file=11949_task.xml
D/TaskPersister(  822): removeObsoleteFile: deleting file=11949_task_thumbnail.png
V/WindowManager(  822): Adding window Window{71708af u0 PopupWindow:1fca7a9b} at 27 of 33 (after Window{203f0c7 u0 com.slim.slimfilemanager/com.slim.slimfilemanager.FileManager})
I/ActivityManager(  822): START u0 {cmp=com.slim.slimfilemanager/.settings.SettingsActivity} from uid 10103 on display 0
V/WindowManager(  822): addAppToken: AppWindowToken{13a7e0a8 token=Token{225580cb ActivityRecord{1220cf9a u0 com.slim.slimfilemanager/.settings.SettingsActivity t12013}}} to stack=1 task=12013 at 1
V/WindowManager(  822): Adding window Window{7b95ea7 u0 com.slim.slimfilemanager/com.slim.slimfilemanager.settings.SettingsActivity} at 27 of 33 (after Window{203f0c7 u0 com.slim.slimfilemanager/com.slim.slimfilemanager.FileManager})
V/WindowManager(  822): not Base app: Adding window Window{348f613e u0 com.slim.slimfilemanager/com.slim.slimfilemanager.settings.SettingsActivity} at 28 of 34
W/InputMethodManagerService(  822): Window already focused, ignoring focus gain of: com.android.internal.view.IInputMethodClient$Stub$Proxy@209c534a attribute=null, token = android.os.BinderProxy@1b2c4b66
V/WindowManager(  822): Adding window Window{6e8c3d8 u0 com.slim.slimfilemanager/com.slim.slimfilemanager.settings.SettingsActivity} at 27 of 34 (before Window{7b95ea7 u0 com.slim.slimfilemanager/com.slim.slimfilemanager.settings.SettingsActivity})
V/WindowManager(  822): Adding window Window{18d417b4 u0 com.slim.slimfilemanager/com.slim.slimfilemanager.FileManager} at 26 of 35 (before Window{203f0c7 u0 com.slim.slimfilemanager/com.slim.slimfilemanager.FileManager})
E/AndroidRuntime(19795): FATAL EXCEPTION: main
E/AndroidRuntime(19795): Process: com.slim.slimfilemanager, PID: 19795
E/AndroidRuntime(19795): java.lang.NullPointerException: Attempt to invoke virtual method 'void android.widget.TextView.setText(java.lang.CharSequence)' on a null object reference
E/AndroidRuntime(19795): 	at com.slim.slimfilemanager.BrowserFragment.filesChanged(BrowserFragment.java:516)
E/AndroidRuntime(19795): 	at com.slim.slimfilemanager.FileManager$2.onItemClick(FileManager.java:185)
E/AndroidRuntime(19795): 	at android.widget.AdapterView.performItemClick(AdapterView.java:305)
E/AndroidRuntime(19795): 	at android.widget.AbsListView.performItemClick(AbsListView.java:1148)
E/AndroidRuntime(19795): 	at android.widget.AbsListView$PerformClick.run(AbsListView.java:3059)
E/AndroidRuntime(19795): 	at android.widget.AbsListView$3.run(AbsListView.java:3866)
E/AndroidRuntime(19795): 	at android.os.Handler.handleCallback(Handler.java:739)
E/AndroidRuntime(19795): 	at android.os.Handler.dispatchMessage(Handler.java:95)
E/AndroidRuntime(19795): 	at android.os.Looper.loop(Looper.java:135)
E/AndroidRuntime(19795): 	at android.app.ActivityThread.main(ActivityThread.java:5269)
E/AndroidRuntime(19795): 	at java.lang.reflect.Method.invoke(Native Method)
E/AndroidRuntime(19795): 	at java.lang.reflect.Method.invoke(Method.java:372)
E/AndroidRuntime(19795): 	at com.android.internal.os.ZygoteInit$MethodAndArgsCaller.run(ZygoteInit.java:904)
E/AndroidRuntime(19795): 	at com.android.internal.os.ZygoteInit.main(ZygoteInit.java:699)
W/ActivityManager(  822):   Force finishing activity 1 com.slim.slimfilemanager/.FileManager
W/ActivityManager(  822): Activity pause timeout for ActivityRecord{349a5fad u0 com.slim.slimfilemanager/.FileManager t12013 f}
I/WindowState(  822): WIN DEATH: Window{18d417b4 u0 com.slim.slimfilemanager/com.slim.slimfilemanager.FileManager}
I/ActivityManager(  822): Process com.slim.slimfilemanager (pid 19795) has died
I/ActivityManager(  822): START u0 {act=com.android.systemui.recents.SHOW_RECENTS flg=0x10804000 cmp=com.android.systemui/.recents.RecentsActivity} from uid 10014 on display 0
I/ValidateNoPeople(  822): skipping global notification
I/ValidateNoPeople(  822): skipping global notification
V/WindowManager(  822): Adding window Window{17835a75 u0 PopupWindow:d9c7231} at 27 of 32 (after Window{331605b7 u0 InputMethod})
I/ValidateNoPeople(  822): skipping global notification
D/PowerManagerService(  822): acquireWakeLock: ignoring request from com.google.android.gms
D/PowerManagerService(  822): acquireWakeLock: ignoring request from com.google.android.gms
D/PowerManagerService(  822): acquireWakeLock: ignoring request from com.google.android.gms
D/PowerManagerService(  822): acquireWakeLock: ignoring request from com.google.android.gms
D/PowerManagerService(  822): acquireWakeLock: ignoring request from com.google.android.gms
D/PowerManagerService(  822): acquireWakeLock: ignoring request from com.google.android.gms
D/PowerManagerService(  822): acquireWakeLock: ignoring request from com.google.android.gms
D/PowerManagerService(  822): acquireWakeLock: ignoring request from com.google.android.gms
D/PowerManagerService(  822): acquireWakeLock: ignoring request from com.google.android.gms
D/PowerManagerService(  822): acquireWakeLock: ignoring request from com.google.android.gms
--------- beginning of main
E/MP-Decision(  300): Error(-22) changing core 2 status to offline
E/MP-Decision(  300): Error(-22) changing core 3 status to offline
E/MP-Decision(  300): Error(-22) changing core 2 status to offline
E/MP-Decision(  300): Error(-22) changing core 3 status to offline
E/MP-Decision(  300): Error(-22) changing core 2 status to offline
E/MP-Decision(  300): Error(-22) changing core 3 status to offline
E/MP-Decision(  300): Error(-22) changing core 2 status to offline
E/MP-Decision(  300): Error(-22) changing core 3 status to offline
E/MP-Decision(  300): Error(-22) changing core 2 status to offline
E/MP-Decision(  300): Error(-22) changing core 3 status to offline
E/MP-Decision(  300): Error(-22) changing core 2 status to offline
E/MP-Decision(  300): Error(-22) changing core 3 status to offline
E/MP-Decision(  300): Error(-22) changing core 2 status to offline
E/MP-Decision(  300): Error(-22) changing core 3 status to offline
E/MP-Decision(  300): Error(-22) changing core 2 status to offline
E/MP-Decision(  300): Error(-22) changing core 3 status to offline
E/MP-Decision(  300): Error(-22) changing core 2 status to offline
E/MP-Decision(  300): Error(-22) changing core 3 status to offline
E/MP-Decision(  300): Error(-22) changing core 2 status to offline
E/MP-Decision(  300): Error(-22) changing core 3 status to offline
E/MP-Decision(  300): Error(-22) changing core 2 status to offline
E/MP-Decision(  300): Error(-22) changing core 3 status to offline
E/MP-Decision(  300): Error(-22) changing core 2 status to offline
E/MP-Decision(  300): Error(-22) changing core 3 status to offline
E/MP-Decision(  300): Error(-22) changing core 2 status to offline
E/MP-Decision(  300): Error(-22) changing core 3 status to offline
E/MP-Decision(  300): Error(-22) changing core 2 status to offline
E/MP-Decision(  300): Error(-22) changing core 3 status to offline
E/MP-Decision(  300): Error(-22) changing core 2 status to offline
E/MP-Decision(  300): Error(-22) changing core 3 status to offline
E/MP-Decision(  300): Error(-22) changing core 2 status to offline
E/MP-Decision(  300): Error(-22) changing core 3 status to offline
E/MP-Decision(  300): Error(-22) changing core 2 status to offline
E/MP-Decision(  300): Error(-22) changing core 3 status to offline
E/MP-Decision(  300): Error(-22) changing core 2 status to offline
E/MP-Decision(  300): Error(-22) changing core 3 status to offline
E/MP-Decision(  300): Error(-22) changing core 2 status to offline
E/MP-Decision(  300): Error(-22) changing core 3 status to offline
E/MP-Decision(  300): Error(-22) changing core 2 status to offline
E/MP-Decision(  300): Error(-22) changing core 3 status to offline
E/MP-Decision(  300): Error(-22) changing core 2 status to offline
E/MP-Decision(  300): Error(-22) changing core 3 status to offline
E/MP-Decision(  300): Error(-22) changing core 2 status to offline
E/MP-Decision(  300): Error(-22) changing core 3 status to offline
E/MP-Decision(  300): Error(-22) changing core 2 status to offline
E/MP-Decision(  300): Error(-22) changing core 3 status to offline
E/MP-Decision(  300): Error(-22) changing core 2 status to offline
E/MP-Decision(  300): Error(-22) changing core 3 status to offline
E/MP-Decision(  300): Error(-22) changing core 2 status to offline
E/MP-Decision(  300): Error(-22) changing core 3 status to offline
E/MP-Decision(  300): Error(-22) changing core 2 status to offline
E/MP-Decision(  300): Error(-22) changing core 3 status to offline
E/MP-Decision(  300): Error(-22) changing core 2 status to offline
E/MP-Decision(  300): Error(-22) changing core 3 status to offline
E/MP-Decision(  300): Error(-22) changing core 2 status to offline
E/MP-Decision(  300): Error(-22) changing core 3 status to offline
E/MP-Decision(  300): Error(-22) changing core 2 status to offline
E/MP-Decision(  300): Error(-22) changing core 3 status to offline
E/MP-Decision(  300): Error(-22) changing core 2 status to offline
E/MP-Decision(  300): Error(-22) changing core 3 status to offline
E/MP-Decision(  300): Error(-22) changing core 2 status to offline
E/MP-Decision(  300): Error(-22) changing core 3 status to offline
E/MP-Decision(  300): Error(-22) changing core 2 status to offline
E/MP-Decision(  300): Error(-22) changing core 3 status to offline
E/MP-Decision(  300): Error(-22) changing core 2 status to offline
E/MP-Decision(  300): Error(-22) changing core 3 status to offline
E/MP-Decision(  300): Error(-22) changing core 2 status to offline
E/MP-Decision(  300): Error(-22) changing core 3 status to offline
E/MP-Decision(  300): Error(-22) changing core 2 status to offline
E/MP-Decision(  300): Error(-22) changing core 3 status to offline
E/MP-Decision(  300): Error(-22) changing core 2 status to offline
E/MP-Decision(  300): Error(-22) changing core 3 status to offline
E/MP-Decision(  300): Error(-22) changing core 2 status to offline
E/MP-Decision(  300): Error(-22) changing core 3 status to offline
E/MP-Decision(  300): Error(-22) changing core 2 status to offline
E/MP-Decision(  300): Error(-22) changing core 3 status to offline
E/MP-Decision(  300): Error(-22) changing core 2 status to offline
E/MP-Decision(  300): Error(-22) changing core 3 status to offline
E/MP-Decision(  300): Error(-22) changing core 2 status to offline
E/MP-Decision(  300): Error(-22) changing core 3 status to offline
E/MP-Decision(  300): Error(-22) changing core 2 status to offline
E/MP-Decision(  300): Error(-22) changing core 3 status to offline
E/MP-Decision(  300): Error(-22) changing core 2 status to offline
E/MP-Decision(  300): Error(-22) changing core 3 status to offline
E/MP-Decision(  300): Error(-22) changing core 2 status to offline
E/MP-Decision(  300): Error(-22) changing core 3 status to offline
E/MP-Decision(  300): Error(-22) changing core 2 status to offline
E/MP-Decision(  300): Error(-22) changing core 3 status to offline
E/MP-Decision(  300): Error(-22) changing core 2 status to offline
E/MP-Decision(  300): Error(-22) changing core 3 status to offline
